Archive member included because of file (symbol)

c:/program files (x86)/gnu tools arm embedded/4.8 2014q1/bin/../lib/gcc/arm-none-eabi/4.8.3/armv6-m\libgcc.a(_udivsi3.o)
                              ./system/src/cmsis/system_W7500x.o (__aeabi_uidiv)
c:/program files (x86)/gnu tools arm embedded/4.8 2014q1/bin/../lib/gcc/arm-none-eabi/4.8.3/armv6-m\libgcc.a(_divsi3.o)
                              ./src/Serial_to_Ethernet/seg.o (__aeabi_idivmod)
c:/program files (x86)/gnu tools arm embedded/4.8 2014q1/bin/../lib/gcc/arm-none-eabi/4.8.3/armv6-m\libgcc.a(_dvmd_tls.o)
                              c:/program files (x86)/gnu tools arm embedded/4.8 2014q1/bin/../lib/gcc/arm-none-eabi/4.8.3/armv6-m\libgcc.a(_udivsi3.o) (__aeabi_idiv0)
c:/program files (x86)/gnu tools arm embedded/4.8 2014q1/bin/../lib/gcc/arm-none-eabi/4.8.3/armv6-m\libgcc.a(_fixunssfsi.o)
                              ./system/src/W7500x/W7500x_uart.o (__aeabi_f2uiz)
c:/program files (x86)/gnu tools arm embedded/4.8 2014q1/bin/../lib/gcc/arm-none-eabi/4.8.3/armv6-m\libgcc.a(_fixunsdfsi.o)
                              ./system/src/W7500x/W7500x_uart.o (__aeabi_d2uiz)
c:/program files (x86)/gnu tools arm embedded/4.8 2014q1/bin/../lib/gcc/arm-none-eabi/4.8.3/armv6-m\libgcc.a(divsf3.o)
                              ./system/src/W7500x/W7500x_uart.o (__aeabi_fdiv)
c:/program files (x86)/gnu tools arm embedded/4.8 2014q1/bin/../lib/gcc/arm-none-eabi/4.8.3/armv6-m\libgcc.a(mulsf3.o)
                              ./system/src/W7500x/W7500x_uart.o (__aeabi_fmul)
c:/program files (x86)/gnu tools arm embedded/4.8 2014q1/bin/../lib/gcc/arm-none-eabi/4.8.3/armv6-m\libgcc.a(subsf3.o)
                              ./system/src/W7500x/W7500x_uart.o (__aeabi_fsub)
c:/program files (x86)/gnu tools arm embedded/4.8 2014q1/bin/../lib/gcc/arm-none-eabi/4.8.3/armv6-m\libgcc.a(fixsfsi.o)
                              c:/program files (x86)/gnu tools arm embedded/4.8 2014q1/bin/../lib/gcc/arm-none-eabi/4.8.3/armv6-m\libgcc.a(_fixunssfsi.o) (__aeabi_f2iz)
c:/program files (x86)/gnu tools arm embedded/4.8 2014q1/bin/../lib/gcc/arm-none-eabi/4.8.3/armv6-m\libgcc.a(floatunsisf.o)
                              ./system/src/W7500x/W7500x_uart.o (__aeabi_ui2f)
c:/program files (x86)/gnu tools arm embedded/4.8 2014q1/bin/../lib/gcc/arm-none-eabi/4.8.3/armv6-m\libgcc.a(adddf3.o)
                              ./system/src/W7500x/W7500x_uart.o (__aeabi_dadd)
c:/program files (x86)/gnu tools arm embedded/4.8 2014q1/bin/../lib/gcc/arm-none-eabi/4.8.3/armv6-m\libgcc.a(subdf3.o)
                              c:/program files (x86)/gnu tools arm embedded/4.8 2014q1/bin/../lib/gcc/arm-none-eabi/4.8.3/armv6-m\libgcc.a(_fixunsdfsi.o) (__aeabi_dsub)
c:/program files (x86)/gnu tools arm embedded/4.8 2014q1/bin/../lib/gcc/arm-none-eabi/4.8.3/armv6-m\libgcc.a(fixdfsi.o)
                              c:/program files (x86)/gnu tools arm embedded/4.8 2014q1/bin/../lib/gcc/arm-none-eabi/4.8.3/armv6-m\libgcc.a(_fixunsdfsi.o) (__aeabi_d2iz)
c:/program files (x86)/gnu tools arm embedded/4.8 2014q1/bin/../lib/gcc/arm-none-eabi/4.8.3/armv6-m\libgcc.a(extendsfdf2.o)
                              ./system/src/W7500x/W7500x_uart.o (__aeabi_f2d)
c:/program files (x86)/gnu tools arm embedded/4.8 2014q1/bin/../lib/gcc/arm-none-eabi/4.8.3/armv6-m\libgcc.a(unwind-arm.o)
                              ./system/src/newlib/_cxx.o (__aeabi_unwind_cpp_pr1)
c:/program files (x86)/gnu tools arm embedded/4.8 2014q1/bin/../lib/gcc/arm-none-eabi/4.8.3/armv6-m\libgcc.a(libunwind.o)
                              c:/program files (x86)/gnu tools arm embedded/4.8 2014q1/bin/../lib/gcc/arm-none-eabi/4.8.3/armv6-m\libgcc.a(unwind-arm.o) (restore_core_regs)
c:/program files (x86)/gnu tools arm embedded/4.8 2014q1/bin/../lib/gcc/arm-none-eabi/4.8.3/armv6-m\libgcc.a(pr-support.o)
                              c:/program files (x86)/gnu tools arm embedded/4.8 2014q1/bin/../lib/gcc/arm-none-eabi/4.8.3/armv6-m\libgcc.a(unwind-arm.o) (__gnu_unwind_execute)
c:/program files (x86)/gnu tools arm embedded/4.8 2014q1/bin/../lib/gcc/arm-none-eabi/4.8.3/armv6-m\libgcc.a(_arm_cmpdf2.o)
                              c:/program files (x86)/gnu tools arm embedded/4.8 2014q1/bin/../lib/gcc/arm-none-eabi/4.8.3/armv6-m\libgcc.a(_fixunsdfsi.o) (__aeabi_dcmpge)
c:/program files (x86)/gnu tools arm embedded/4.8 2014q1/bin/../lib/gcc/arm-none-eabi/4.8.3/armv6-m\libgcc.a(_arm_cmpsf2.o)
                              c:/program files (x86)/gnu tools arm embedded/4.8 2014q1/bin/../lib/gcc/arm-none-eabi/4.8.3/armv6-m\libgcc.a(_fixunssfsi.o) (__aeabi_fcmpge)
c:/program files (x86)/gnu tools arm embedded/4.8 2014q1/bin/../lib/gcc/arm-none-eabi/4.8.3/armv6-m\libgcc.a(_clzsi2.o)
                              c:/program files (x86)/gnu tools arm embedded/4.8 2014q1/bin/../lib/gcc/arm-none-eabi/4.8.3/armv6-m\libgcc.a(divsf3.o) (__clzsi2)
c:/program files (x86)/gnu tools arm embedded/4.8 2014q1/bin/../lib/gcc/arm-none-eabi/4.8.3/armv6-m\libgcc.a(eqsf2.o)
[...]
Memory Configuration

Name             Origin             Length             Attributes
FLASH            0x00007000         0x00019000         xr
RAM              0x20000000         0x00004000         xrw
CCMRAM           0x10000000         0x00000000         xrw
FLASHB1          0x00000000         0x00000000         xr
EXTMEMB0         0x00000000         0x00000000         xr
EXTMEMB1         0x00000000         0x00000000         xr
EXTMEMB2         0x00000000         0x00000000         xr
EXTMEMB3         0x00000000         0x00000000         xr
*default*        0x00000000         0xffffffff

Linker script and memory map

LOAD ./system/src/newlib/_cxx.o
LOAD ./system/src/newlib/_exit.o
LOAD ./system/src/newlib/_sbrk.o
LOAD ./system/src/newlib/_startup.o
LOAD ./system/src/newlib/_syscalls.o
LOAD ./system/src/newlib/assert.o
LOAD ./system/src/diag/Trace.o
LOAD ./system/src/diag/trace_impl.o
LOAD ./system/src/cortexm/_initialize_hardware.o
LOAD ./system/src/cortexm/_reset_hardware.o
LOAD ./system/src/cortexm/exception_handlers.o
LOAD ./system/src/cmsis/system_W7500x.o
LOAD ./system/src/cmsis/vectors_W7500x.o
LOAD ./system/src/W7500x/W7500x_adc.o
LOAD ./system/src/W7500x/W7500x_crg.o
LOAD ./system/src/W7500x/W7500x_dma.o
LOAD ./system/src/W7500x/W7500x_dualtimer.o
LOAD ./system/src/W7500x/W7500x_exti.o
LOAD ./system/src/W7500x/W7500x_gpio.o
LOAD ./system/src/W7500x/W7500x_pwm.o
LOAD ./system/src/W7500x/W7500x_rng.o
LOAD ./system/src/W7500x/W7500x_ssp.o
LOAD ./system/src/W7500x/W7500x_uart.o
LOAD ./system/src/W7500x/W7500x_wdt.o
LOAD ./system/src/W7500x/W7500x_wztoe.o
LOAD ./src/ioLibrary/MDIO/W7500x_miim.o
LOAD ./src/ioLibrary/Internet/httpServer/httpParser.o
LOAD ./src/ioLibrary/Internet/httpServer/httpServer.o
LOAD ./src/ioLibrary/Internet/httpServer/httpUtil.o
LOAD ./src/ioLibrary/Internet/DNS/dns.o
LOAD ./src/ioLibrary/Internet/DHCP/dhcp.o
LOAD ./src/ioLibrary/Ethernet/socket.o
LOAD ./src/ioLibrary/Ethernet/wizchip_conf.o
LOAD ./src/ioLibrary/Application/loopback/loopback.o
LOAD ./src/Serial_to_Ethernet/seg.o
LOAD ./src/PlatformHandler/deviceHandler.o
LOAD ./src/PlatformHandler/eepromHandler.o
LOAD ./src/PlatformHandler/flashHandler.o
LOAD ./src/PlatformHandler/gpioHandler.o
LOAD ./src/PlatformHandler/i2cHandler.o
LOAD ./src/PlatformHandler/storageHandler.o
LOAD ./src/PlatformHandler/timerHandler.o
LOAD ./src/PlatformHandler/uartHandler.o
LOAD ./src/Configuration/ConfigData.o
LOAD ./src/Configuration/segcp.o
LOAD ./src/Configuration/util.o
LOAD ./src/Callback/dhcp_cb.o
LOAD ./src/W7500x_board.o
LOAD ./src/W7500x_it.o
LOAD ./src/main.o
LOAD ./src/retarget.o
LOAD c:/program files (x86)/gnu tools arm embedded/4.8 2014q1/bin/../lib/gcc/arm-none-eabi/4.8.3/../../../../arm-none-eabi/lib/armv6-m\libstdc++_s.a
LOAD c:/program files (x86)/gnu tools arm embedded/4.8 2014q1/bin/../lib/gcc/arm-none-eabi/4.8.3/../../../../arm-none-eabi/lib/armv6-m\libm.a
START GROUP
LOAD c:/program files (x86)/gnu tools arm embedded/4.8 2014q1/bin/../lib/gcc/arm-none-eabi/4.8.3/armv6-m\libgcc.a
LOAD c:/program files (x86)/gnu tools arm embedded/4.8 2014q1/bin/../lib/gcc/arm-none-eabi/4.8.3/../../../../arm-none-eabi/lib/armv6-m\libg_s.a
LOAD c:/program files (x86)/gnu tools arm embedded/4.8 2014q1/bin/../lib/gcc/arm-none-eabi/4.8.3/../../../../arm-none-eabi/lib/armv6-m\libc_s.a
END GROUP
START GROUP
LOAD c:/program files (x86)/gnu tools arm embedded/4.8 2014q1/bin/../lib/gcc/arm-none-eabi/4.8.3/armv6-m\libgcc.a
LOAD c:/program files (x86)/gnu tools arm embedded/4.8 2014q1/bin/../lib/gcc/arm-none-eabi/4.8.3/../../../../arm-none-eabi/lib/armv6-m\libc_s.a
END GROUP
                0x20004000                __stack = (ORIGIN (RAM) + 0x4000)
                0x20004000                _estack = __stack
                0x00000800                __Main_Stack_Size = 0x800
                0x00000800                PROVIDE (_Main_Stack_Size, __Main_Stack_Size)
                0x20003800                __Main_Stack_Limit = (__stack - __Main_Stack_Size)
                0x20003800                PROVIDE (_Main_Stack_Limit, __Main_Stack_Limit)
                0x00000100                _Minimum_Stack_Size = 0x100
                0x20002930                PROVIDE (_Heap_Begin, _end_noinit)
                0x20003800                PROVIDE (_Heap_Limit, (__stack - __Main_Stack_Size))

.isr_vector     0x00007000      0x214
 FILL mask 0xff
                0x00007000                __vectors_start = ABSOLUTE (.)
                0x00007000                __vectors_start__ = ABSOLUTE (.)
 *(.isr_vector)
 .isr_vector    0x00007000       0xa8 ./system/src/cmsis/vectors_W7500x.o
                0x00007000                __isr_vectors
 *(.cfmconfig)
 *(.after_vectors .after_vectors.*)
 .after_vectors
                0x000070a8      0x118 ./system/src/newlib/_startup.o
                0x000070a8                _start
 .after_vectors
                0x000071c0       0x50 ./system/src/cortexm/exception_handlers.o
                0x000071c0                Reset_Handler
                0x000071e4                HardFault_Handler_C
 .after_vectors
                0x00007210        0x4 ./system/src/cmsis/vectors_W7500x.o
                0x00007210                Default_Handler
                0x00007210                RTC_Handler

.inits          0x00007214       0x28
                0x00007214                __data_regions_array_start = .
                0x00007214        0x4 LONG 0x14818 LOADADDR (.data)
                0x00007218        0x4 LONG 0x20000000 ADDR (.data)
                0x0000721c        0x4 LONG 0x2000028c (ADDR (.data) + SIZEOF (.data))
                0x00007220        0x4 LONG 0x14818 LOADADDR (.data_CCMRAM)
                0x00007224        0x4 LONG 0x10000000 ADDR (.data_CCMRAM)
                0x00007228        0x4 LONG 0x10000000 (ADDR (.data_CCMRAM) + SIZEOF (.data_CCMRAM))
                0x0000722c                __data_regions_array_end = .
                0x0000722c                __bss_regions_array_start = .
                0x0000722c        0x4 LONG 0x2000028c ADDR (.bss)
                0x00007230        0x4 LONG 0x20002930 (ADDR (.bss) + SIZEOF (.bss))
                0x00007234        0x4 LONG 0x10000000 ADDR (.bss_CCMRAM)
                0x00007238        0x4 LONG 0x10000000 (ADDR (.bss_CCMRAM) + SIZEOF (.bss_CCMRAM))
                0x0000723c                __bss_regions_array_end = .
 *(.init)
 *(.fini)
                0x0000723c                . = ALIGN (0x4)
                0x0000723c                PROVIDE (__preinit_array_start, .)
 *(.preinit_array_sysinit .preinit_array_sysinit.*)
 *(.preinit_array_platform .preinit_array_platform.*)
 *(.preinit_array .preinit_array.*)
                0x0000723c                PROVIDE (__preinit_array_end, .)
                0x0000723c                . = ALIGN (0x4)
                0x0000723c                PROVIDE (__init_array_start, .)
 *(SORT(.init_array.*))
 *(.init_array)
                0x0000723c                PROVIDE (__init_array_end, .)
                0x0000723c                . = ALIGN (0x4)
                0x0000723c                PROVIDE (__fini_array_start, .)
 *(SORT(.fini_array.*))
 *(.fini_array)
                0x0000723c                PROVIDE (__fini_array_end, .)

.flashtext
 *(.flashtext .flashtext.*)

.text           0x00007240     0xd5d8
 *(.text .text.*)
 .text._exit    0x00007240        0x4 ./system/src/newlib/_exit.o
                0x00007240                _exit
 .text._sbrk    0x00007244       0x44 ./system/src/newlib/_sbrk.o
                0x00007244                _sbrk
 .text.__initialize_args
                0x00007288       0x10 ./system/src/newlib/_syscalls.o
                0x00007288                __initialize_args
 .text._close   0x00007298       0x10 ./system/src/newlib/_syscalls.o
                0x00007298                _close
 .text._fstat   0x000072a8       0x10 ./system/src/newlib/_syscalls.o
                0x000072a8                _fstat
 .text._isatty  0x000072b8       0x10 ./system/src/newlib/_syscalls.o
                0x000072b8                _isatty
 .text._lseek   0x000072c8       0x10 ./system/src/newlib/_syscalls.o
                0x000072c8                _lseek
 .text._read    0x000072d8       0x10 ./system/src/newlib/_syscalls.o
                0x000072d8                _read
 .text.trace_printf
                0x000072e8       0x30 ./system/src/diag/Trace.o
                0x000072e8                trace_printf
 .text._trace_write_semihosting_debug
                0x00007318       0x74 ./system/src/diag/trace_impl.o
 .text.trace_write
                0x0000738c        0x8 ./system/src/diag/trace_impl.o
                0x0000738c                trace_write
 .text.__initialize_hardware_early
                0x00007394        0x8 ./system/src/cortexm/_initialize_hardware.o
                0x00007394                __initialize_hardware_early
 .text.__initialize_hardware
                0x0000739c        0x8 ./system/src/cortexm/_initialize_hardware.o
                0x0000739c                __initialize_hardware
 .text.dumpExceptionStack
                0x000073a4       0x88 ./system/src/cortexm/exception_handlers.o
                0x000073a4                dumpExceptionStack
 .text.GetSystemClock
                0x0000742c        0xc ./system/src/cmsis/system_W7500x.o
                0x0000742c                GetSystemClock
 .text.GetSourceClock
                0x00007438        0xc ./system/src/cmsis/system_W7500x.o
                0x00007438                GetSourceClock
 .text.GetPLLSource
                0x00007444        0xc ./system/src/cmsis/system_W7500x.o
                0x00007444                GetPLLSource
 .text.SystemInit
                0x00007450       0x6c ./system/src/cmsis/system_W7500x.o
                0x00007450                SystemInit
 .text.SystemCoreClockUpdate_User
                0x000074bc       0x9c ./system/src/cmsis/system_W7500x.o
                0x000074bc                SystemCoreClockUpdate_User
 .text.SystemInit_User
                0x00007558       0x28 ./system/src/cmsis/system_W7500x.o
                0x00007558                SystemInit_User
 .text.ADC_PowerDownEnable
                0x00007580       0x18 ./system/src/W7500x/W7500x_adc.o
                0x00007580                ADC_PowerDownEnable
 .text.ADC_ChannelSelect
                0x00007598        0x8 ./system/src/W7500x/W7500x_adc.o
                0x00007598                ADC_ChannelSelect
 .text.ADC_Start
                0x000075a0        0xc ./system/src/W7500x/W7500x_adc.o
                0x000075a0                ADC_Start
 .text.ADC_ReadData
                0x000075ac        0xc ./system/src/W7500x/W7500x_adc.o
                0x000075ac                ADC_ReadData
 .text.ADC_IsEOC
                0x000075b8       0x10 ./system/src/W7500x/W7500x_adc.o
                0x000075b8                ADC_IsEOC
 .text.ADC_Init
                0x000075c8        0xc ./system/src/W7500x/W7500x_adc.o
                0x000075c8                ADC_Init
 .text.DUALTIMER_ClockEnable
                0x000075d4       0x58 ./system/src/W7500x/W7500x_dualtimer.o
                0x000075d4                DUALTIMER_ClockEnable
 .text.DUALTIMER_IntConfig
                0x0000762c       0x18 ./system/src/W7500x/W7500x_dualtimer.o
                0x0000762c                DUALTIMER_IntConfig
 .text.DUALTIMER_IntClear
                0x00007644        0x8 ./system/src/W7500x/W7500x_dualtimer.o
                0x00007644                DUALTIMER_IntClear
 .text.DUALTIMER_GetIntStatus
                0x0000764c        0x8 ./system/src/W7500x/W7500x_dualtimer.o
                0x0000764c                DUALTIMER_GetIntStatus
 .text.DUALTIMER_Start
                0x00007654        0xc ./system/src/W7500x/W7500x_dualtimer.o
                0x00007654                DUALTIMER_Start
 .text.DUALTIMER_Stop
                0x00007660        0xc ./system/src/W7500x/W7500x_dualtimer.o
                0x00007660                DUALTIMER_Stop
 .text.DUALTIMER_Init
                0x0000766c       0x30 ./system/src/W7500x/W7500x_dualtimer.o
                0x0000766c                DUALTIMER_Init
 .text.GPIO_Init
                0x0000769c      0x100 ./system/src/W7500x/W7500x_gpio.o
                0x0000769c                GPIO_Init
 .text.GPIO_StructInit
                0x0000779c       0x14 ./system/src/W7500x/W7500x_gpio.o
                0x0000779c                GPIO_StructInit
 .text.GPIO_ReadInputDataBit
                0x000077b0        0xc ./system/src/W7500x/W7500x_gpio.o
                0x000077b0                GPIO_ReadInputDataBit
 .text.GPIO_ReadOutputDataBit
                0x000077bc        0xc ./system/src/W7500x/W7500x_gpio.o
                0x000077bc                GPIO_ReadOutputDataBit
 .text.GPIO_SetBits
                0x000077c8       0x18 ./system/src/W7500x/W7500x_gpio.o
                0x000077c8                GPIO_SetBits
 .text.GPIO_ResetBits
                0x000077e0       0x1c ./system/src/W7500x/W7500x_gpio.o
                0x000077e0                GPIO_ResetBits
 .text.PAD_AFConfig
                0x000077fc       0xa4 ./system/src/W7500x/W7500x_gpio.o
                0x000077fc                PAD_AFConfig
 .text.GPIO_Configuration
                0x000078a0       0x58 ./system/src/W7500x/W7500x_gpio.o
                0x000078a0                GPIO_Configuration
 .text.UART_Init
                0x000078f8       0xd8 ./system/src/W7500x/W7500x_uart.o
                0x000078f8                UART_Init
 .text.UART_SendData
                0x000079d0        0x4 ./system/src/W7500x/W7500x_uart.o
                0x000079d0                UART_SendData
 .text.UART_ReceiveData
                0x000079d4        0x8 ./system/src/W7500x/W7500x_uart.o
                0x000079d4                UART_ReceiveData
 .text.UART_GetRecvStatus
                0x000079dc        0xc ./system/src/W7500x/W7500x_uart.o
                0x000079dc                UART_GetRecvStatus
 .text.UART_ITConfig
                0x000079e8       0x14 ./system/src/W7500x/W7500x_uart.o
                0x000079e8                UART_ITConfig
 .text.UART_GetITStatus
                0x000079fc        0xc ./system/src/W7500x/W7500x_uart.o
                0x000079fc                UART_GetITStatus
 .text.UART_ClearITPendingBit
                0x00007a08        0x8 ./system/src/W7500x/W7500x_uart.o
                0x00007a08                UART_ClearITPendingBit
 .text.S_UART_SetBaud
                0x00007a10       0x34 ./system/src/W7500x/W7500x_uart.o
                0x00007a10                S_UART_SetBaud
 .text.S_UART_Init
                0x00007a44       0x18 ./system/src/W7500x/W7500x_uart.o
                0x00007a44                S_UART_Init
 .text.S_UART_SendData
                0x00007a5c       0x14 ./system/src/W7500x/W7500x_uart.o
                0x00007a5c                S_UART_SendData
 .text.UartPutc
                0x00007a70       0x18 ./system/src/W7500x/W7500x_uart.o
                0x00007a70                UartPutc
 .text.S_UartPutc
                0x00007a88        0xc ./system/src/W7500x/W7500x_uart.o
                0x00007a88                S_UartPutc
 .text.WIZCHIP_READ
                0x00007a94        0x8 ./system/src/W7500x/W7500x_wztoe.o
                0x00007a94                WIZCHIP_READ
 .text.WIZCHIP_WRITE
                0x00007a9c        0x4 ./system/src/W7500x/W7500x_wztoe.o
                0x00007a9c                WIZCHIP_WRITE
 .text.WIZCHIP_READ_BUF
                0x00007aa0       0x1c ./system/src/W7500x/W7500x_wztoe.o
                0x00007aa0                WIZCHIP_READ_BUF
 .text.WIZCHIP_WRITE_BUF
                0x00007abc       0x1c ./system/src/W7500x/W7500x_wztoe.o
                0x00007abc                WIZCHIP_WRITE_BUF
 .text.wiz_send_data
                0x00007ad8       0x38 ./system/src/W7500x/W7500x_wztoe.o
                0x00007ad8                wiz_send_data
 .text.wiz_recv_data
                0x00007b10       0x38 ./system/src/W7500x/W7500x_wztoe.o
                0x00007b10                wiz_recv_data
 .text.wiz_recv_ignore
                0x00007b48       0x30 ./system/src/W7500x/W7500x_wztoe.o
                0x00007b48                wiz_recv_ignore
 .text.output_MDIO
                0x00007b78       0x68 ./src/ioLibrary/MDIO/W7500x_miim.o
                0x00007b78                output_MDIO
 .text.input_MDIO
                0x00007be0       0x54 ./src/ioLibrary/MDIO/W7500x_miim.o
                0x00007be0                input_MDIO
 .text.turnaround_MDIO
                0x00007c34       0x38 ./src/ioLibrary/MDIO/W7500x_miim.o
                0x00007c34                turnaround_MDIO
 .text.idle_MDIO
                0x00007c6c       0x30 ./src/ioLibrary/MDIO/W7500x_miim.o
                0x00007c6c                idle_MDIO
 .text.phy_id   0x00007c9c       0x7c ./src/ioLibrary/MDIO/W7500x_miim.o
                0x00007c9c                phy_id
 .text.mdio_init
                0x00007d18       0x58 ./src/ioLibrary/MDIO/W7500x_miim.o
                0x00007d18                mdio_init
 .text.get16    0x00007d70        0xc ./src/ioLibrary/Internet/DNS/dns.o
                0x00007d70                get16
 .text.put16    0x00007d7c        0xc ./src/ioLibrary/Internet/DNS/dns.o
                0x00007d7c                put16
 .text.parse_name
                0x00007d88       0xb0 ./src/ioLibrary/Internet/DNS/dns.o
                0x00007d88                parse_name
 .text.dns_question
                0x00007e38       0x20 ./src/ioLibrary/Internet/DNS/dns.o
                0x00007e38                dns_question
 .text.dns_answer
                0x00007e58       0xc4 ./src/ioLibrary/Internet/DNS/dns.o
                0x00007e58                dns_answer
 .text.parseDNSMSG
                0x00007f1c       0xdc ./src/ioLibrary/Internet/DNS/dns.o
                0x00007f1c                parseDNSMSG
 .text.dns_makequery
                0x00007ff8       0xcc ./src/ioLibrary/Internet/DNS/dns.o
                0x00007ff8                dns_makequery
 .text.check_DNS_timeout
                0x000080c4       0x34 ./src/ioLibrary/Internet/DNS/dns.o
                0x000080c4                check_DNS_timeout
 .text.DNS_init
                0x000080f8       0x20 ./src/ioLibrary/Internet/DNS/dns.o
                0x000080f8                DNS_init
 .text.DNS_run  0x00008118       0xbc ./src/ioLibrary/Internet/DNS/dns.o
                0x00008118                DNS_run
 .text.DNS_time_handler
                0x000081d4       0x10 ./src/ioLibrary/Internet/DNS/dns.o
                0x000081d4                DNS_time_handler
 .text.default_ip_assign
                0x000081e4       0xa8 ./src/ioLibrary/Internet/DHCP/dhcp.o
                0x000081e4                default_ip_assign
 .text.default_ip_update
                0x0000828c       0x6c ./src/ioLibrary/Internet/DHCP/dhcp.o
                0x0000828c                default_ip_update
 .text.default_ip_conflict
                0x000082f8       0x68 ./src/ioLibrary/Internet/DHCP/dhcp.o
                0x000082f8                default_ip_conflict
 .text.reg_dhcp_cbfunc
                0x00008360       0x48 ./src/ioLibrary/Internet/DHCP/dhcp.o
                0x00008360                reg_dhcp_cbfunc
 .text.makeDHCPMSG
                0x000083a8       0xd8 ./src/ioLibrary/Internet/DHCP/dhcp.o
                0x000083a8                makeDHCPMSG
 .text.send_DHCP_DISCOVER
                0x00008480      0x168 ./src/ioLibrary/Internet/DHCP/dhcp.o
                0x00008480                send_DHCP_DISCOVER
 .text.send_DHCP_REQUEST
                0x000085e8      0x224 ./src/ioLibrary/Internet/DHCP/dhcp.o
                0x000085e8                send_DHCP_REQUEST
 .text.send_DHCP_DECLINE
                0x0000880c      0x104 ./src/ioLibrary/Internet/DHCP/dhcp.o
                0x0000880c                send_DHCP_DECLINE
 .text.parseDHCPMSG
                0x00008910      0x19c ./src/ioLibrary/Internet/DHCP/dhcp.o
                0x00008910                parseDHCPMSG
 .text.DHCP_stop
                0x00008aac       0x1c ./src/ioLibrary/Internet/DHCP/dhcp.o
                0x00008aac                DHCP_stop
 .text.check_DHCP_leasedIP
                0x00008ac8       0x6c ./src/ioLibrary/Internet/DHCP/dhcp.o
                0x00008ac8                check_DHCP_leasedIP
 .text.reset_DHCP_timeout
                0x00008b34       0x20 ./src/ioLibrary/Internet/DHCP/dhcp.o
                0x00008b34                reset_DHCP_timeout
 .text.check_DHCP_timeout
                0x00008b54       0x98 ./src/ioLibrary/Internet/DHCP/dhcp.o
                0x00008b54                check_DHCP_timeout
 .text.DHCP_run
                0x00008bec      0x1d0 ./src/ioLibrary/Internet/DHCP/dhcp.o
                0x00008bec                DHCP_run
 .text.DHCP_init
                0x00008dbc      0x17c ./src/ioLibrary/Internet/DHCP/dhcp.o
                0x00008dbc                DHCP_init
 .text.DHCP_time_handler
                0x00008f38       0x10 ./src/ioLibrary/Internet/DHCP/dhcp.o
                0x00008f38                DHCP_time_handler
 .text.getIPfromDHCP
                0x00008f48       0x18 ./src/ioLibrary/Internet/DHCP/dhcp.o
                0x00008f48                getIPfromDHCP
 .text.getGWfromDHCP
                0x00008f60       0x18 ./src/ioLibrary/Internet/DHCP/dhcp.o
                0x00008f60                getGWfromDHCP
 .text.getSNfromDHCP
                0x00008f78       0x18 ./src/ioLibrary/Internet/DHCP/dhcp.o
                0x00008f78                getSNfromDHCP
 .text.getDNSfromDHCP
                0x00008f90       0x18 ./src/ioLibrary/Internet/DHCP/dhcp.o
                0x00008f90                getDNSfromDHCP
 .text.getDHCPLeasetime
                0x00008fa8        0xc ./src/ioLibrary/Internet/DHCP/dhcp.o
                0x00008fa8                getDHCPLeasetime
 .text.close    0x00008fb4       0x74 ./src/ioLibrary/Ethernet/socket.o
                0x00008fb4                close
 .text.socket   0x00009028      0x11c ./src/ioLibrary/Ethernet/socket.o
                0x00009028                socket
 .text.listen   0x00009144       0x74 ./src/ioLibrary/Ethernet/socket.o
                0x00009144                listen
 .text.connect  0x000091b8      0x124 ./src/ioLibrary/Ethernet/socket.o
                0x000091b8                connect
 .text.disconnect
                0x000092dc       0x9c ./src/ioLibrary/Ethernet/socket.o
                0x000092dc                disconnect
 .text.send     0x00009378      0x16c ./src/ioLibrary/Ethernet/socket.o
                0x00009378                send
 .text.recv     0x000094e4      0x11c ./src/ioLibrary/Ethernet/socket.o
                0x000094e4                recv
 .text.sendto   0x00009600      0x1c0 ./src/ioLibrary/Ethernet/socket.o
                0x00009600                sendto
 .text.recvfrom
                0x000097c0      0x214 ./src/ioLibrary/Ethernet/socket.o
                0x000097c0                recvfrom
 .text.setsockopt
                0x000099d4      0x10c ./src/ioLibrary/Ethernet/socket.o
                0x000099d4                setsockopt
 .text.getsockopt
                0x00009ae0      0x174 ./src/ioLibrary/Ethernet/socket.o
                0x00009ae0                getsockopt
 .text.wizchip_sw_reset
                0x00009c54      0x1b0 ./src/ioLibrary/Ethernet/wizchip_conf.o
                0x00009c54                wizchip_sw_reset
 .text.wizchip_init
                0x00009e04       0xa0 ./src/ioLibrary/Ethernet/wizchip_conf.o
                0x00009e04                wizchip_init
 .text.wizchip_setnetinfo
                0x00009ea4      0x100 ./src/ioLibrary/Ethernet/wizchip_conf.o
                0x00009ea4                wizchip_setnetinfo
 .text.wizchip_getnetinfo
                0x00009fa4      0x100 ./src/ioLibrary/Ethernet/wizchip_conf.o
                0x00009fa4                wizchip_getnetinfo
 .text.wizchip_setnetmode
                0x0000a0a4       0x2c ./src/ioLibrary/Ethernet/wizchip_conf.o
                0x0000a0a4                wizchip_setnetmode
 .text.wizchip_getnetmode
                0x0000a0d0       0x10 ./src/ioLibrary/Ethernet/wizchip_conf.o
                0x0000a0d0                wizchip_getnetmode
 .text.wizchip_settimeout
                0x0000a0e0       0x1c ./src/ioLibrary/Ethernet/wizchip_conf.o
                0x0000a0e0                wizchip_settimeout
 .text.wizchip_gettimeout
                0x0000a0fc       0x1c ./src/ioLibrary/Ethernet/wizchip_conf.o
                0x0000a0fc                wizchip_gettimeout
 .text.ctlnetwork
                0x0000a118       0x54 ./src/ioLibrary/Ethernet/wizchip_conf.o
                0x0000a118                ctlnetwork
 .text.set_device_status
                0x0000a16c       0x6c ./src/Serial_to_Ethernet/seg.o
                0x0000a16c                set_device_status
 .text.get_device_status
                0x0000a1d8        0xc ./src/Serial_to_Ethernet/seg.o
                0x0000a1d8                get_device_status
 .text.get_serial_data
                0x0000a1e4      0x170 ./src/Serial_to_Ethernet/seg.o
                0x0000a1e4                get_serial_data
 .text.get_tcp_any_port
                0x0000a354       0x58 ./src/Serial_to_Ethernet/seg.o
                0x0000a354                get_tcp_any_port
 .text.send_keepalive_packet_manual
                0x0000a3ac        0xc ./src/Serial_to_Ethernet/seg.o
                0x0000a3ac                send_keepalive_packet_manual
 .text.process_socket_termination
                0x0000a3b8       0x3c ./src/Serial_to_Ethernet/seg.o
                0x0000a3b8                process_socket_termination
 .text.check_connect_pw_auth
                0x0000a3f4       0x4c ./src/Serial_to_Ethernet/seg.o
                0x0000a3f4                check_connect_pw_auth
 .text.init_trigger_modeswitch
                0x0000a440       0xec ./src/Serial_to_Ethernet/seg.o
                0x0000a440                init_trigger_modeswitch
 .text.restore_serial_data
                0x0000a52c       0x58 ./src/Serial_to_Ethernet/seg.o
                0x0000a52c                restore_serial_data
 .text.check_modeswitch_trigger
                0x0000a584       0xd4 ./src/Serial_to_Ethernet/seg.o
                0x0000a584                check_modeswitch_trigger
 .text.check_serial_store_permitted
                0x0000a658       0x64 ./src/Serial_to_Ethernet/seg.o
                0x0000a658                check_serial_store_permitted
 .text.reset_SEG_timeflags
                0x0000a6bc       0x5c ./src/Serial_to_Ethernet/seg.o
                0x0000a6bc                reset_SEG_timeflags
 .text.init_time_delimiter_timer
                0x0000a718       0x4c ./src/Serial_to_Ethernet/seg.o
                0x0000a718                init_time_delimiter_timer
 .text.check_tcp_connect_exception
                0x0000a764      0x178 ./src/Serial_to_Ethernet/seg.o
                0x0000a764                check_tcp_connect_exception
 .text.clear_data_transfer_bytecount
                0x0000a8dc       0x54 ./src/Serial_to_Ethernet/seg.o
                0x0000a8dc                clear_data_transfer_bytecount
 .text.add_data_transfer_bytecount
                0x0000a930       0x90 ./src/Serial_to_Ethernet/seg.o
                0x0000a930                add_data_transfer_bytecount
 .text.uart_to_ether
                0x0000a9c0      0x18c ./src/Serial_to_Ethernet/seg.o
                0x0000a9c0                uart_to_ether
 .text.ether_to_uart
                0x0000ab4c      0x240 ./src/Serial_to_Ethernet/seg.o
                0x0000ab4c                ether_to_uart
 .text.proc_SEG_udp
                0x0000ad8c       0xe8 ./src/Serial_to_Ethernet/seg.o
                0x0000ad8c                proc_SEG_udp
 .text.proc_SEG_tcp_client
                0x0000ae74      0x31c ./src/Serial_to_Ethernet/seg.o
                0x0000ae74                proc_SEG_tcp_client
 .text.proc_SEG_tcp_server
                0x0000b190      0x2dc ./src/Serial_to_Ethernet/seg.o
                0x0000b190                proc_SEG_tcp_server
 .text.proc_SEG_tcp_mixed
                0x0000b46c      0x4a8 ./src/Serial_to_Ethernet/seg.o
                0x0000b46c                proc_SEG_tcp_mixed
 .text.do_seg   0x0000b914       0xac ./src/Serial_to_Ethernet/seg.o
                0x0000b914                do_seg
 .text.seg_timer_msec
                0x0000b9c0      0x13c ./src/Serial_to_Ethernet/seg.o
                0x0000b9c0                seg_timer_msec
 .text.seg_timer_sec
                0x0000bafc       0x38 ./src/Serial_to_Ethernet/seg.o
                0x0000bafc                seg_timer_sec
 .text.device_set_factory_default
                0x0000bb34        0xc ./src/PlatformHandler/deviceHandler.o
                0x0000bb34                device_set_factory_default
 .text.device_socket_termination
                0x0000bb40       0x18 ./src/PlatformHandler/deviceHandler.o
                0x0000bb40                device_socket_termination
 .text.device_reboot
                0x0000bb58       0x28 ./src/PlatformHandler/deviceHandler.o
                0x0000bb58                device_reboot
 .text.process_dns_fw_server
                0x0000bb80       0x3c ./src/PlatformHandler/deviceHandler.o
                0x0000bb80                process_dns_fw_server
 .text.gen_http_fw_request
                0x0000bbbc       0x64 ./src/PlatformHandler/deviceHandler.o
                0x0000bbbc                gen_http_fw_request
 .text.device_timer_msec
                0x0000bc20       0xa0 ./src/PlatformHandler/deviceHandler.o
                0x0000bc20                device_timer_msec
 .text.reset_fw_update_timer
                0x0000bcc0       0x38 ./src/PlatformHandler/deviceHandler.o
                0x0000bcc0                reset_fw_update_timer
 .text.get_firmware_from_network
                0x0000bcf8      0x154 ./src/PlatformHandler/deviceHandler.o
                0x0000bcf8                get_firmware_from_network
 .text.get_any_port
                0x0000be4c       0x3c ./src/PlatformHandler/deviceHandler.o
                0x0000be4c                get_any_port
 .text.get_firmware_from_server
                0x0000be88      0x280 ./src/PlatformHandler/deviceHandler.o
                0x0000be88                get_firmware_from_server
 .text.device_firmware_update
                0x0000c108      0x27c ./src/PlatformHandler/deviceHandler.o
                0x0000c108                device_firmware_update
 .text.read_flash
                0x0000c384       0x18 ./src/PlatformHandler/flashHandler.o
                0x0000c384                read_flash
 .text.DO_IAP   0x0000c39c       0x20 ./src/PlatformHandler/flashHandler.o
                0x0000c39c                DO_IAP
 .text.erase_flash_sector
                0x0000c3bc       0x58 ./src/PlatformHandler/flashHandler.o
                0x0000c3bc                erase_flash_sector
 .text.erase_flash_block
                0x0000c414       0x28 ./src/PlatformHandler/flashHandler.o
                0x0000c414                erase_flash_block
 .text.write_flash
                0x0000c43c       0x60 ./src/PlatformHandler/flashHandler.o
                0x0000c43c                write_flash
 .text.get_user_io_enabled
                0x0000c49c       0x20 ./src/PlatformHandler/gpioHandler.o
                0x0000c49c                get_user_io_enabled
 .text.get_user_io_type
                0x0000c4bc       0x1c ./src/PlatformHandler/gpioHandler.o
                0x0000c4bc                get_user_io_type
 .text.get_user_io_direction
                0x0000c4d8       0x1c ./src/PlatformHandler/gpioHandler.o
                0x0000c4d8                get_user_io_direction
 .text.get_user_io_bitorder
                0x0000c4f4       0x1c ./src/PlatformHandler/gpioHandler.o
                0x0000c4f4                get_user_io_bitorder
 .text.init_user_io
                0x0000c510       0xd0 ./src/PlatformHandler/gpioHandler.o
                0x0000c510                init_user_io
 .text.set_user_io_direction
                0x0000c5e0       0x54 ./src/PlatformHandler/gpioHandler.o
                0x0000c5e0                set_user_io_direction
 .text.set_user_io_type
                0x0000c634       0x74 ./src/PlatformHandler/gpioHandler.o
                0x0000c634                set_user_io_type
 .text.set_user_io_val
                0x0000c6a8       0x98 ./src/PlatformHandler/gpioHandler.o
                0x0000c6a8                set_user_io_val
 .text.read_ADC
                0x0000c740       0x18 ./src/PlatformHandler/gpioHandler.o
                0x0000c740                read_ADC
 .text.get_user_io_val
                0x0000c758       0x9c ./src/PlatformHandler/gpioHandler.o
                0x0000c758                get_user_io_val
 .text.set_connection_status_io
                0x0000c7f4       0x8c ./src/PlatformHandler/gpioHandler.o
                0x0000c7f4                set_connection_status_io
 .text.get_connection_status_io
                0x0000c880       0x64 ./src/PlatformHandler/gpioHandler.o
                0x0000c880                get_connection_status_io
 .text.init_phylink_status_pin
                0x0000c8e4       0x20 ./src/PlatformHandler/gpioHandler.o
                0x0000c8e4                init_phylink_status_pin
 .text.init_tcpconnection_status_pin
                0x0000c904       0x1c ./src/PlatformHandler/gpioHandler.o
                0x0000c904                init_tcpconnection_status_pin
 .text.init_flowcontrol_dtr_pin
                0x0000c920       0x20 ./src/PlatformHandler/gpioHandler.o
                0x0000c920                init_flowcontrol_dtr_pin
 .text.set_flowcontrol_dtr_pin
                0x0000c940       0x24 ./src/PlatformHandler/gpioHandler.o
                0x0000c940                set_flowcontrol_dtr_pin
 .text.init_flowcontrol_dsr_pin
                0x0000c964       0x14 ./src/PlatformHandler/gpioHandler.o
                0x0000c964                init_flowcontrol_dsr_pin
 .text.init_connection_status_io
                0x0000c978       0x30 ./src/PlatformHandler/gpioHandler.o
                0x0000c978                init_connection_status_io
 .text.IO_Configuration
                0x0000c9a8       0x5c ./src/PlatformHandler/gpioHandler.o
                0x0000c9a8                IO_Configuration
 .text.get_flowcontrol_dsr_pin
                0x0000ca04       0x10 ./src/PlatformHandler/gpioHandler.o
                0x0000ca04                get_flowcontrol_dsr_pin
 .text.check_phylink_status
                0x0000ca14       0x34 ./src/PlatformHandler/gpioHandler.o
                0x0000ca14                check_phylink_status
 .text.gpio_handler_timer_msec
                0x0000ca48       0x30 ./src/PlatformHandler/gpioHandler.o
                0x0000ca48                gpio_handler_timer_msec
 .text.read_storage
                0x0000ca78       0x58 ./src/PlatformHandler/storageHandler.o
                0x0000ca78                read_storage
 .text.erase_storage
                0x0000cad0       0x70 ./src/PlatformHandler/storageHandler.o
                0x0000cad0                erase_storage
 .text.write_storage
                0x0000cb40       0x68 ./src/PlatformHandler/storageHandler.o
                0x0000cb40                write_storage
 .text.Timer_Configuration
                0x0000cba8       0x50 ./src/PlatformHandler/timerHandler.o
                0x0000cba8                Timer_Configuration
 .text.Timer_IRQ_Handler
                0x0000cbf8      0x100 ./src/PlatformHandler/timerHandler.o
                0x0000cbf8                Timer_IRQ_Handler
 .text.set_phylink_time_check
                0x0000ccf8       0x18 ./src/PlatformHandler/timerHandler.o
                0x0000ccf8                set_phylink_time_check
 .text.get_phylink_downtime
                0x0000cd10        0xc ./src/PlatformHandler/timerHandler.o
                0x0000cd10                get_phylink_downtime
 .text.S2E_UART_IRQ_Handler
                0x0000cd1c       0x9c ./src/PlatformHandler/uartHandler.o
                0x0000cd1c                S2E_UART_IRQ_Handler
 .text.UART2_Configuration
                0x0000cdb8        0xc ./src/PlatformHandler/uartHandler.o
                0x0000cdb8                UART2_Configuration
 .text.uart_putc
                0x0000cdc4       0x2c ./src/PlatformHandler/uartHandler.o
                0x0000cdc4                uart_putc
 .text.uart_puts
                0x0000cdf0       0x3c ./src/PlatformHandler/uartHandler.o
                0x0000cdf0                uart_puts
 .text.uart_getc
                0x0000ce2c       0x50 ./src/PlatformHandler/uartHandler.o
                0x0000ce2c                uart_getc
 .text.uart_rx_flush
                0x0000ce7c       0x18 ./src/PlatformHandler/uartHandler.o
                0x0000ce7c                uart_rx_flush
 .text.get_uart_rs485_sel
                0x0000ce94       0x7c ./src/PlatformHandler/uartHandler.o
                0x0000ce94                get_uart_rs485_sel
 .text.uart_rs485_rs422_init
                0x0000cf10       0x70 ./src/PlatformHandler/uartHandler.o
                0x0000cf10                uart_rs485_rs422_init
 .text.uart_rs485_enable
                0x0000cf80       0x64 ./src/PlatformHandler/uartHandler.o
                0x0000cf80                uart_rs485_enable
 .text.uart_rs485_disable
                0x0000cfe4       0x64 ./src/PlatformHandler/uartHandler.o
                0x0000cfe4                uart_rs485_disable
 .text.get_uart_cts_pin
                0x0000d048       0x2c ./src/PlatformHandler/uartHandler.o
                0x0000d048                get_uart_cts_pin
 .text.set_uart_rts_pin_high
                0x0000d074       0x24 ./src/PlatformHandler/uartHandler.o
                0x0000d074                set_uart_rts_pin_high
 .text.set_uart_rts_pin_low
                0x0000d098       0x24 ./src/PlatformHandler/uartHandler.o
                0x0000d098                set_uart_rts_pin_low
 .text.serial_info_init
                0x0000d0bc      0x198 ./src/PlatformHandler/uartHandler.o
                0x0000d0bc                serial_info_init
 .text.S2E_UART_Configuration
                0x0000d254       0xa8 ./src/PlatformHandler/uartHandler.o
                0x0000d254                S2E_UART_Configuration
 .text.check_uart_flow_control
                0x0000d2fc       0xfc ./src/PlatformHandler/uartHandler.o
                0x0000d2fc                check_uart_flow_control
 .text.check_n_clear_uart_recv_status
                0x0000d3f8       0x34 ./src/PlatformHandler/uartHandler.o
                0x0000d3f8                check_n_clear_uart_recv_status
 .text.get_DevConfig_pointer
                0x0000d42c        0x8 ./src/Configuration/ConfigData.o
                0x0000d42c                get_DevConfig_pointer
 .text.set_DevConfig_to_factory_value
                0x0000d434      0x208 ./src/Configuration/ConfigData.o
                0x0000d434                set_DevConfig_to_factory_value
 .text.load_DevConfig_from_storage
                0x0000d63c       0x74 ./src/Configuration/ConfigData.o
                0x0000d63c                load_DevConfig_from_storage
 .text.save_DevConfig_to_storage
                0x0000d6b0       0x14 ./src/Configuration/ConfigData.o
                0x0000d6b0                save_DevConfig_to_storage
 .text.get_DevConfig_value
                0x0000d6c4        0x8 ./src/Configuration/ConfigData.o
                0x0000d6c4                get_DevConfig_value
 .text.set_DevConfig_value
                0x0000d6cc        0x8 ./src/Configuration/ConfigData.o
                0x0000d6cc                set_DevConfig_value
 .text.display_Net_Info
                0x0000d6d4      0x130 ./src/Configuration/ConfigData.o
                0x0000d6d4                display_Net_Info
 .text.Mac_Conf
                0x0000d804       0x54 ./src/Configuration/ConfigData.o
                0x0000d804                Mac_Conf
 .text.Net_Conf
                0x0000d858       0x70 ./src/Configuration/ConfigData.o
                0x0000d858                Net_Conf
 .text.parse_SEGCP
                0x0000d8c8       0x98 ./src/Configuration/segcp.o
                0x0000d8c8                parse_SEGCP
 .text.proc_SEGCP
                0x0000d960      0xe90 ./src/Configuration/segcp.o
                0x0000d960                proc_SEGCP
 .text.proc_SEGCP_udp
                0x0000e7f0      0x1ac ./src/Configuration/segcp.o
                0x0000e7f0                proc_SEGCP_udp
 .text.uart_get_commandline
                0x0000e99c       0x84 ./src/Configuration/segcp.o
                0x0000e99c                uart_get_commandline
 .text.proc_SEGCP_uart
                0x0000ea20       0x84 ./src/Configuration/segcp.o
                0x0000ea20                proc_SEGCP_uart
 .text.send_keepalive_packet_configtool
                0x0000eaa4        0xc ./src/Configuration/segcp.o
                0x0000eaa4                send_keepalive_packet_configtool
 .text.proc_SEGCP_tcp
                0x0000eab0      0x208 ./src/Configuration/segcp.o
                0x0000eab0                proc_SEGCP_tcp
 .text.do_segcp
                0x0000ecb8      0x168 ./src/Configuration/segcp.o
                0x0000ecb8                do_segcp
 .text.segcp_timer_msec
                0x0000ee20       0x54 ./src/Configuration/segcp.o
                0x0000ee20                segcp_timer_msec
 .text.is_ipaddr
                0x0000ee74       0xd4 ./src/Configuration/util.o
                0x0000ee74                is_ipaddr
 .text.is_hexstr
                0x0000ef48       0x34 ./src/Configuration/util.o
                0x0000ef48                is_hexstr
 .text.is_hex   0x0000ef7c       0x38 ./src/Configuration/util.o
                0x0000ef7c                is_hex
 .text.str_to_hex
                0x0000efb4       0x60 ./src/Configuration/util.o
                0x0000efb4                str_to_hex
 .text.is_macaddr
                0x0000f014       0x8c ./src/Configuration/util.o
                0x0000f014                is_macaddr
 .text._mid     0x0000f0a0       0x38 ./src/Configuration/util.o
                0x0000f0a0                _mid
 .text.w7500x_dhcp_assign
                0x0000f0d8       0x90 ./src/Callback/dhcp_cb.o
                0x0000f0d8                w7500x_dhcp_assign
 .text.w7500x_dhcp_conflict
                0x0000f168        0x4 ./src/Callback/dhcp_cb.o
                0x0000f168                w7500x_dhcp_conflict
 .text.PHY_Init
                0x0000f16c       0x34 ./src/W7500x_board.o
 .text.Supervisory_IC_Init
                0x0000f1a0       0x14 ./src/W7500x_board.o
                0x0000f1a0                Supervisory_IC_Init
 .text.init_phylink_in_pin
                0x0000f1b4       0x14 ./src/W7500x_board.o
                0x0000f1b4                init_phylink_in_pin
 .text.get_phylink_in_pin
                0x0000f1c8       0x10 ./src/W7500x_board.o
                0x0000f1c8                get_phylink_in_pin
 .text.init_hw_trig_pin
                0x0000f1d8       0x18 ./src/W7500x_board.o
                0x0000f1d8                init_hw_trig_pin
 .text.get_hw_trig_pin
                0x0000f1f0       0x2c ./src/W7500x_board.o
                0x0000f1f0                get_hw_trig_pin
 .text.init_uart_if_sel_pin
                0x0000f21c       0x14 ./src/W7500x_board.o
                0x0000f21c                init_uart_if_sel_pin
 .text.get_uart_if_sel_pin
                0x0000f230       0x10 ./src/W7500x_board.o
                0x0000f230                get_uart_if_sel_pin
 .text.init_boot_entry_pin
                0x0000f240       0x1c ./src/W7500x_board.o
                0x0000f240                init_boot_entry_pin
 .text.LED_Init
                0x0000f25c       0x50 ./src/W7500x_board.o
                0x0000f25c                LED_Init
 .text.W7500x_Board_Init
                0x0000f2ac       0x30 ./src/W7500x_board.o
                0x0000f2ac                W7500x_Board_Init
 .text.LED_On   0x0000f2dc       0x24 ./src/W7500x_board.o
                0x0000f2dc                LED_On
 .text.LED_Off  0x0000f300       0x24 ./src/W7500x_board.o
                0x0000f300                LED_Off
 .text.NMI_Handler
                0x0000f324        0x4 ./src/W7500x_it.o
                0x0000f324                NMI_Handler
 .text.HardFault_Handler
                0x0000f328        0x4 ./src/W7500x_it.o
                0x0000f328                HardFault_Handler
 .text.SVC_Handler
                0x0000f32c        0x4 ./src/W7500x_it.o
                0x0000f32c                SVC_Handler
 .text.PendSV_Handler
                0x0000f330        0x4 ./src/W7500x_it.o
                0x0000f330                PendSV_Handler
 .text.SysTick_Handler
                0x0000f334        0x8 ./src/W7500x_it.o
                0x0000f334                SysTick_Handler
 .text.SSP0_Handler
                0x0000f33c        0x4 ./src/W7500x_it.o
                0x0000f33c                SSP0_Handler
 .text.SSP1_Handler
                0x0000f340        0x4 ./src/W7500x_it.o
                0x0000f340                SSP1_Handler
 .text.UART0_Handler
                0x0000f344       0x10 ./src/W7500x_it.o
                0x0000f344                UART0_Handler
 .text.UART1_Handler
                0x0000f354       0x10 ./src/W7500x_it.o
                0x0000f354                UART1_Handler
 .text.UART2_Handler
                0x0000f364        0x4 ./src/W7500x_it.o
                0x0000f364                UART2_Handler
 .text.I2C0_Handler
                0x0000f368        0x4 ./src/W7500x_it.o
                0x0000f368                I2C0_Handler
 .text.I2C1_Handler
                0x0000f36c        0x4 ./src/W7500x_it.o
                0x0000f36c                I2C1_Handler
 .text.PORT0_Handler
                0x0000f370        0x4 ./src/W7500x_it.o
                0x0000f370                PORT0_Handler
 .text.PORT1_Handler
                0x0000f374        0x4 ./src/W7500x_it.o
                0x0000f374                PORT1_Handler
 .text.PORT2_Handler
                0x0000f378        0x4 ./src/W7500x_it.o
                0x0000f378                PORT2_Handler
 .text.PORT3_Handler
                0x0000f37c        0x4 ./src/W7500x_it.o
                0x0000f37c                PORT3_Handler
 .text.DMA_Handler
                0x0000f380        0x4 ./src/W7500x_it.o
                0x0000f380                DMA_Handler
 .text.DUALTIMER0_Handler
                0x0000f384        0x8 ./src/W7500x_it.o
                0x0000f384                DUALTIMER0_Handler
 .text.DUALTIMER1_Handler
                0x0000f38c        0x4 ./src/W7500x_it.o
                0x0000f38c                DUALTIMER1_Handler
 .text.PWM0_Handler
                0x0000f390        0x4 ./src/W7500x_it.o
                0x0000f390                PWM0_Handler
 .text.PWM1_Handler
                0x0000f394        0x4 ./src/W7500x_it.o
                0x0000f394                PWM1_Handler
 .text.PWM2_Handler
                0x0000f398        0x4 ./src/W7500x_it.o
                0x0000f398                PWM2_Handler
 .text.PWM3_Handler
                0x0000f39c        0x4 ./src/W7500x_it.o
                0x0000f39c                PWM3_Handler
 .text.PWM4_Handler
                0x0000f3a0        0x4 ./src/W7500x_it.o
                0x0000f3a0                PWM4_Handler
 .text.PWM5_Handler
                0x0000f3a4        0x4 ./src/W7500x_it.o
                0x0000f3a4                PWM5_Handler
 .text.PWM6_Handler
                0x0000f3a8        0x4 ./src/W7500x_it.o
                0x0000f3a8                PWM6_Handler
 .text.PWM7_Handler
                0x0000f3ac        0x4 ./src/W7500x_it.o
                0x0000f3ac                PWM7_Handler
 .text.ADC_Handler
                0x0000f3b0        0x4 ./src/W7500x_it.o
                0x0000f3b0                ADC_Handler
 .text.WZTOE_Handler
                0x0000f3b4        0x4 ./src/W7500x_it.o
                0x0000f3b4                WZTOE_Handler
 .text.EXTI_Handler
                0x0000f3b8        0x4 ./src/W7500x_it.o
                0x0000f3b8                EXTI_Handler
 .text.W7500x_Init
                0x0000f3bc       0x60 ./src/main.o
 .text.W7500x_WZTOE_Init
                0x0000f41c       0x54 ./src/main.o
 .text.process_dhcp
                0x0000f470       0x54 ./src/main.o
                0x0000f470                process_dhcp
 .text.process_dns
                0x0000f4c4       0x80 ./src/main.o
                0x0000f4c4                process_dns
 .text.display_Dev_Info_header
                0x0000f544       0x68 ./src/main.o
                0x0000f544                display_Dev_Info_header
 .text.display_Dev_Info_main
                0x0000f5ac      0x428 ./src/main.o
                0x0000f5ac                display_Dev_Info_main
 .text.display_Dev_Info_dhcp
                0x0000f9d4       0x38 ./src/main.o
                0x0000f9d4                display_Dev_Info_dhcp
 .text.display_Dev_Info_dns
                0x0000fa0c       0x68 ./src/main.o
                0x0000fa0c                display_Dev_Info_dns
 .text.main     0x0000fa74      0x110 ./src/main.o
                0x0000fa74                main
 .text.delay    0x0000fb84       0x1c ./src/main.o
                0x0000fb84                delay
 .text.TimingDelay_Decrement
                0x0000fba0       0x18 ./src/main.o
                0x0000fba0                TimingDelay_Decrement
 .text._write   0x0000fbb8       0x1c ./src/retarget.o
                0x0000fbb8                _write
 .text          0x0000fbd4       0x9c c:/program files (x86)/gnu tools arm embedded/4.8 2014q1/bin/../lib/gcc/arm-none-eabi/4.8.3/armv6-m\libgcc.a(_udivsi3.o)
                0x0000fbd4                __aeabi_uidiv
                0x0000fbd4                __udivsi3
                0x0000fc5c                __aeabi_uidivmod
 .text          0x0000fc70       0xc0 c:/program files (x86)/gnu tools arm embedded/4.8 2014q1/bin/../lib/gcc/arm-none-eabi/4.8.3/armv6-m\libgcc.a(_divsi3.o)
                0x0000fc70                __divsi3
                0x0000fc70                __aeabi_idiv
                0x0000fd1c                __aeabi_idivmod
 .text          0x0000fd30        0x4 c:/program files (x86)/gnu tools arm embedded/4.8 2014q1/bin/../lib/gcc/arm-none-eabi/4.8.3/armv6-m\libgcc.a(_dvmd_tls.o)
                0x0000fd30                __aeabi_idiv0
                0x0000fd30                __aeabi_ldiv0
 .text          0x0000fd34       0x30 c:/program files (x86)/gnu tools arm embedded/4.8 2014q1/bin/../lib/gcc/arm-none-eabi/4.8.3/armv6-m\libgcc.a(_fixunssfsi.o)
                0x0000fd34                __fixunssfsi
                0x0000fd34                __aeabi_f2uiz
 *fill*         0x0000fd64        0x4 
 .text          0x0000fd68       0x40 c:/program files (x86)/gnu tools arm embedded/4.8 2014q1/bin/../lib/gcc/arm-none-eabi/4.8.3/armv6-m\libgcc.a(_fixunsdfsi.o)
                0x0000fd68                __aeabi_d2uiz
                0x0000fd68                __fixunsdfsi
 .text          0x0000fda8      0x24c c:/program files (x86)/gnu tools arm embedded/4.8 2014q1/bin/../lib/gcc/arm-none-eabi/4.8.3/armv6-m\libgcc.a(divsf3.o)
                0x0000fda8                __aeabi_fdiv
 .text          0x0000fff4      0x254 c:/program files (x86)/gnu tools arm embedded/4.8 2014q1/bin/../lib/gcc/arm-none-eabi/4.8.3/armv6-m\libgcc.a(mulsf3.o)
                0x0000fff4                __aeabi_fmul
 .text          0x00010248      0x2e0 c:/program files (x86)/gnu tools arm embedded/4.8 2014q1/bin/../lib/gcc/arm-none-eabi/4.8.3/armv6-m\libgcc.a(subsf3.o)
                0x00010248                __aeabi_fsub
 .text          0x00010528       0x40 c:/program files (x86)/gnu tools arm embedded/4.8 2014q1/bin/../lib/gcc/arm-none-eabi/4.8.3/armv6-m\libgcc.a(fixsfsi.o)
                0x00010528                __aeabi_f2iz
 .text          0x00010568       0xa0 c:/program files (x86)/gnu tools arm embedded/4.8 2014q1/bin/../lib/gcc/arm-none-eabi/4.8.3/armv6-m\libgcc.a(floatunsisf.o)
                0x00010568                __aeabi_ui2f
 .text          0x00010608      0x638 c:/program files (x86)/gnu tools arm embedded/4.8 2014q1/bin/../lib/gcc/arm-none-eabi/4.8.3/armv6-m\libgcc.a(adddf3.o)
                0x00010608                __aeabi_dadd
 .text          0x00010c40      0x654 c:/program files (x86)/gnu tools arm embedded/4.8 2014q1/bin/../lib/gcc/arm-none-eabi/4.8.3/armv6-m\libgcc.a(subdf3.o)
                0x00010c40                __aeabi_dsub
 .text          0x00011294       0x68 c:/program files (x86)/gnu tools arm embedded/4.8 2014q1/bin/../lib/gcc/arm-none-eabi/4.8.3/armv6-m\libgcc.a(fixdfsi.o)
                0x00011294                __aeabi_d2iz
 .text          0x000112fc       0xa4 c:/program files (x86)/gnu tools arm embedded/4.8 2014q1/bin/../lib/gcc/arm-none-eabi/4.8.3/armv6-m\libgcc.a(extendsfdf2.o)
                0x000112fc                __aeabi_f2d
 .text          0x000113a0       0x7c c:/program files (x86)/gnu tools arm embedded/4.8 2014q1/bin/../lib/gcc/arm-none-eabi/4.8.3/armv6-m\libgcc.a(_arm_cmpdf2.o)
                0x000113a0                __aeabi_cdrcmple
                0x000113b0                __aeabi_cdcmple
                0x000113b0                __aeabi_cdcmpeq
                0x000113c0                __aeabi_dcmpeq
                0x000113cc                __aeabi_dcmplt
                0x000113e0                __aeabi_dcmple
                0x000113f4                __aeabi_dcmpgt
                0x00011408                __aeabi_dcmpge
 .text          0x0001141c       0x74 c:/program files (x86)/gnu tools arm embedded/4.8 2014q1/bin/../lib/gcc/arm-none-eabi/4.8.3/armv6-m\libgcc.a(_arm_cmpsf2.o)
                0x0001141c                __aeabi_cfrcmple
                0x00011424                __aeabi_cfcmpeq
                0x00011424                __aeabi_cfcmple
                0x00011434                __aeabi_fcmpeq
                0x00011440                __aeabi_fcmplt
                0x00011454                __aeabi_fcmple
                0x00011468                __aeabi_fcmpgt
                0x0001147c                __aeabi_fcmpge
 .text          0x00011490       0x3c c:/program files (x86)/gnu tools arm embedded/4.8 2014q1/bin/../lib/gcc/arm-none-eabi/4.8.3/armv6-m\libgcc.a(_clzsi2.o)
                0x00011490                __clzsi2
 .text          0x000114cc       0x54 c:/program files (x86)/gnu tools arm embedded/4.8 2014q1/bin/../lib/gcc/arm-none-eabi/4.8.3/armv6-m\libgcc.a(eqsf2.o)
                0x000114cc                __eqsf2
                0x000114cc                __nesf2
 .text          0x00011520       0x90 c:/program files (x86)/gnu tools arm embedded/4.8 2014q1/bin/../lib/gcc/arm-none-eabi/4.8.3/armv6-m\libgcc.a(gesf2.o)
                0x00011520                __gesf2
                0x00011520                __gtsf2
 .text          0x000115b0       0x98 c:/program files (x86)/gnu tools arm embedded/4.8 2014q1/bin/../lib/gcc/arm-none-eabi/4.8.3/armv6-m\libgcc.a(lesf2.o)
                0x000115b0                __ltsf2
                0x000115b0                __lesf2
 .text          0x00011648       0x94 c:/program files (x86)/gnu tools arm embedded/4.8 2014q1/bin/../lib/gcc/arm-none-eabi/4.8.3/armv6-m\libgcc.a(eqdf2.o)
                0x00011648                __nedf2
                0x00011648                __eqdf2
 .text          0x000116dc       0xfc c:/program files (x86)/gnu tools arm embedded/4.8 2014q1/bin/../lib/gcc/arm-none-eabi/4.8.3/armv6-m\libgcc.a(gedf2.o)
                0x000116dc                __gedf2
                0x000116dc                __gtdf2
 .text          0x000117d8       0xfc c:/program files (x86)/gnu tools arm embedded/4.8 2014q1/bin/../lib/gcc/arm-none-eabi/4.8.3/armv6-m\libgcc.a(ledf2.o)
                0x000117d8                __ledf2
                0x000117d8                __ltdf2
 .text.atoi     0x000118d4        0xc c:/program files (x86)/gnu tools arm embedded/4.8 2014q1/bin/../lib/gcc/arm-none-eabi/4.8.3/../../../../arm-none-eabi/lib/armv6-m\libg_s.a(lib_a-atoi.o)
                0x000118d4                atoi
 .text.atol     0x000118e0        0xc c:/program files (x86)/gnu tools arm embedded/4.8 2014q1/bin/../lib/gcc/arm-none-eabi/4.8.3/../../../../arm-none-eabi/lib/armv6-m\libg_s.a(lib_a-atol.o)
                0x000118e0                atol
 .text.__errno  0x000118ec        0xc c:/program files (x86)/gnu tools arm embedded/4.8 2014q1/bin/../lib/gcc/arm-none-eabi/4.8.3/../../../../arm-none-eabi/lib/armv6-m\libg_s.a(lib_a-errno.o)
                0x000118ec                __errno
 .text.memcmp   0x000118f8       0x1e c:/program files (x86)/gnu tools arm embedded/4.8 2014q1/bin/../lib/gcc/arm-none-eabi/4.8.3/../../../../arm-none-eabi/lib/armv6-m\libg_s.a(lib_a-memcmp.o)
                0x000118f8                memcmp
 .text.memcpy   0x00011916       0x12 c:/program files (x86)/gnu tools arm embedded/4.8 2014q1/bin/../lib/gcc/arm-none-eabi/4.8.3/../../../../arm-none-eabi/lib/armv6-m\libg_s.a(lib_a-memcpy-stub.o)
                0x00011916                memcpy
 .text.memset   0x00011928       0x10 c:/program files (x86)/gnu tools arm embedded/4.8 2014q1/bin/../lib/gcc/arm-none-eabi/4.8.3/../../../../arm-none-eabi/lib/armv6-m\libg_s.a(lib_a-memset.o)
                0x00011928                memset
 .text.printf   0x00011938       0x34 c:/program files (x86)/gnu tools arm embedded/4.8 2014q1/bin/../lib/gcc/arm-none-eabi/4.8.3/../../../../arm-none-eabi/lib/armv6-m\libg_s.a(lib_a-printf.o)
                0x00011938                iprintf
                0x00011938                printf
 .text._puts_r  0x0001196c       0xc2 c:/program files (x86)/gnu tools arm embedded/4.8 2014q1/bin/../lib/gcc/arm-none-eabi/4.8.3/../../../../arm-none-eabi/lib/armv6-m\libg_s.a(lib_a-puts.o)
                0x0001196c                _puts_r
 *fill*         0x00011a2e        0x2 
 .text.puts     0x00011a30       0x14 c:/program files (x86)/gnu tools arm embedded/4.8 2014q1/bin/../lib/gcc/arm-none-eabi/4.8.3/../../../../arm-none-eabi/lib/armv6-m\libg_s.a(lib_a-puts.o)
                0x00011a30                puts
 .text.srand    0x00011a44       0x5c c:/program files (x86)/gnu tools arm embedded/4.8 2014q1/bin/../lib/gcc/arm-none-eabi/4.8.3/../../../../arm-none-eabi/lib/armv6-m\libg_s.a(lib_a-rand.o)
                0x00011a44                srand
 .text.rand     0x00011aa0       0x78 c:/program files (x86)/gnu tools arm embedded/4.8 2014q1/bin/../lib/gcc/arm-none-eabi/4.8.3/../../../../arm-none-eabi/lib/armv6-m\libg_s.a(lib_a-rand.o)
                0x00011aa0                rand
 .text.sprintf  0x00011b18       0x44 c:/program files (x86)/gnu tools arm embedded/4.8 2014q1/bin/../lib/gcc/arm-none-eabi/4.8.3/../../../../arm-none-eabi/lib/armv6-m\libg_s.a(lib_a-sprintf.o)
                0x00011b18                siprintf
                0x00011b18                sprintf
 .text.__sread  0x00011b5c       0x28 c:/program files (x86)/gnu tools arm embedded/4.8 2014q1/bin/../lib/gcc/arm-none-eabi/4.8.3/../../../../arm-none-eabi/lib/armv6-m\libg_s.a(lib_a-stdio.o)
                0x00011b5c                __sread
 .text.__swrite
                0x00011b84       0x38 c:/program files (x86)/gnu tools arm embedded/4.8 2014q1/bin/../lib/gcc/arm-none-eabi/4.8.3/../../../../arm-none-eabi/lib/armv6-m\libg_s.a(lib_a-stdio.o)
                0x00011b84                __swrite
 .text.__sseek  0x00011bbc       0x2c c:/program files (x86)/gnu tools arm embedded/4.8 2014q1/bin/../lib/gcc/arm-none-eabi/4.8.3/../../../../arm-none-eabi/lib/armv6-m\libg_s.a(lib_a-stdio.o)
                0x00011bbc                __sseek
 .text.__sclose
                0x00011be8        0xc c:/program files (x86)/gnu tools arm embedded/4.8 2014q1/bin/../lib/gcc/arm-none-eabi/4.8.3/../../../../arm-none-eabi/lib/armv6-m\libg_s.a(lib_a-stdio.o)
                0x00011be8                __sclose
 .text.strchr   0x00011bf4       0x18 c:/program files (x86)/gnu tools arm embedded/4.8 2014q1/bin/../lib/gcc/arm-none-eabi/4.8.3/../../../../arm-none-eabi/lib/armv6-m\libg_s.a(lib_a-strchr.o)
                0x00011bf4                strchr
 .text          0x00011c0c       0x14 c:/program files (x86)/gnu tools arm embedded/4.8 2014q1/bin/../lib/gcc/arm-none-eabi/4.8.3/../../../../arm-none-eabi/lib/armv6-m\libg_s.a(lib_a-strcmp.o)
                0x00011c0c                strcmp
 .text.strcpy   0x00011c20       0x10 c:/program files (x86)/gnu tools arm embedded/4.8 2014q1/bin/../lib/gcc/arm-none-eabi/4.8.3/../../../../arm-none-eabi/lib/armv6-m\libg_s.a(lib_a-strcpy.o)
                0x00011c20                strcpy
 .text.strlen   0x00011c30        0xe c:/program files (x86)/gnu tools arm embedded/4.8 2014q1/bin/../lib/gcc/arm-none-eabi/4.8.3/../../../../arm-none-eabi/lib/armv6-m\libg_s.a(lib_a-strlen.o)
                0x00011c30                strlen
 .text.strncmp  0x00011c3e       0x2c c:/program files (x86)/gnu tools arm embedded/4.8 2014q1/bin/../lib/gcc/arm-none-eabi/4.8.3/../../../../arm-none-eabi/lib/armv6-m\libg_s.a(lib_a-strncmp.o)
                0x00011c3e                strncmp
 .text.strncpy  0x00011c6a       0x28 c:/program files (x86)/gnu tools arm embedded/4.8 2014q1/bin/../lib/gcc/arm-none-eabi/4.8.3/../../../../arm-none-eabi/lib/armv6-m\libg_s.a(lib_a-strncpy.o)
                0x00011c6a                strncpy
 .text.strstr   0x00011c92       0x32 c:/program files (x86)/gnu tools arm embedded/4.8 2014q1/bin/../lib/gcc/arm-none-eabi/4.8.3/../../../../arm-none-eabi/lib/armv6-m\libg_s.a(lib_a-strstr.o)
                0x00011c92                strstr
 .text.strtok   0x00011cc4       0x64 c:/program files (x86)/gnu tools arm embedded/4.8 2014q1/bin/../lib/gcc/arm-none-eabi/4.8.3/../../../../arm-none-eabi/lib/armv6-m\libg_s.a(lib_a-strtok.o)
                0x00011cc4                strtok
 .text.__strtok_r
                0x00011d28       0x5c c:/program files (x86)/gnu tools arm embedded/4.8 2014q1/bin/../lib/gcc/arm-none-eabi/4.8.3/../../../../arm-none-eabi/lib/armv6-m\libg_s.a(lib_a-strtok_r.o)
                0x00011d28                __strtok_r
 .text._strtol_r
                0x00011d84      0x114 c:/program files (x86)/gnu tools arm embedded/4.8 2014q1/bin/../lib/gcc/arm-none-eabi/4.8.3/../../../../arm-none-eabi/lib/armv6-m\libg_s.a(lib_a-strtol.o)
                0x00011d84                _strtol_r
 .text.strtol   0x00011e98       0x1c c:/program files (x86)/gnu tools arm embedded/4.8 2014q1/bin/../lib/gcc/arm-none-eabi/4.8.3/../../../../arm-none-eabi/lib/armv6-m\libg_s.a(lib_a-strtol.o)
                0x00011e98                strtol
 .text.__ssputs_r
                0x00011eb4       0xc0 c:/program files (x86)/gnu tools arm embedded/4.8 2014q1/bin/../lib/gcc/arm-none-eabi/4.8.3/../../../../arm-none-eabi/lib/armv6-m\libg_s.a(lib_a-svfprintf.o)
                0x00011eb4                __ssputs_r
 .text._svfprintf_r
                0x00011f74      0x1e0 c:/program files (x86)/gnu tools arm embedded/4.8 2014q1/bin/../lib/gcc/arm-none-eabi/4.8.3/../../../../arm-none-eabi/lib/armv6-m\libg_s.a(lib_a-svfprintf.o)
                0x00011f74                _svfiprintf_r
                0x00011f74                _svfprintf_r
 .text.__sfputc_r
                0x00012154       0x2a c:/program files (x86)/gnu tools arm embedded/4.8 2014q1/bin/../lib/gcc/arm-none-eabi/4.8.3/../../../../arm-none-eabi/lib/armv6-m\libg_s.a(lib_a-vfprintf.o)
 .text.__sfputs_r
                0x0001217e       0x24 c:/program files (x86)/gnu tools arm embedded/4.8 2014q1/bin/../lib/gcc/arm-none-eabi/4.8.3/../../../../arm-none-eabi/lib/armv6-m\libg_s.a(lib_a-vfprintf.o)
                0x0001217e                __sfputs_r
 *fill*         0x000121a2        0x2 
 .text._vfprintf_r
                0x000121a4      0x210 c:/program files (x86)/gnu tools arm embedded/4.8 2014q1/bin/../lib/gcc/arm-none-eabi/4.8.3/../../../../arm-none-eabi/lib/armv6-m\libg_s.a(lib_a-vfprintf.o)
                0x000121a4                _vfprintf_r
                0x000121a4                _vfiprintf_r
 .text._printf_common
                0x000123b4       0xe8 c:/program files (x86)/gnu tools arm embedded/4.8 2014q1/bin/../lib/gcc/arm-none-eabi/4.8.3/../../../../arm-none-eabi/lib/armv6-m\libg_s.a(lib_a-vfprintf_i.o)
                0x000123b4                _printf_common
 .text._printf_i
                0x0001249c      0x22c c:/program files (x86)/gnu tools arm embedded/4.8 2014q1/bin/../lib/gcc/arm-none-eabi/4.8.3/../../../../arm-none-eabi/lib/armv6-m\libg_s.a(lib_a-vfprintf_i.o)
                0x0001249c                _printf_i
 .text._vsnprintf_r
                0x000126c8       0x54 c:/program files (x86)/gnu tools arm embedded/4.8 2014q1/bin/../lib/gcc/arm-none-eabi/4.8.3/../../../../arm-none-eabi/lib/armv6-m\libg_s.a(lib_a-vsnprintf.o)
                0x000126c8                _vsniprintf_r
                0x000126c8                _vsnprintf_r
 .text.vsnprintf
                0x0001271c       0x20 c:/program files (x86)/gnu tools arm embedded/4.8 2014q1/bin/../lib/gcc/arm-none-eabi/4.8.3/../../../../arm-none-eabi/lib/armv6-m\libg_s.a(lib_a-vsnprintf.o)
                0x0001271c                vsniprintf
                0x0001271c                vsnprintf
 .text.__swbuf_r
                0x0001273c       0xb0 c:/program files (x86)/gnu tools arm embedded/4.8 2014q1/bin/../lib/gcc/arm-none-eabi/4.8.3/../../../../arm-none-eabi/lib/armv6-m\libg_s.a(lib_a-wbuf.o)
                0x0001273c                __swbuf_r
 .text._write_r
                0x000127ec       0x28 c:/program files (x86)/gnu tools arm embedded/4.8 2014q1/bin/../lib/gcc/arm-none-eabi/4.8.3/../../../../arm-none-eabi/lib/armv6-m\libg_s.a(lib_a-writer.o)
                0x000127ec                _write_r
 .text.__swsetup_r
                0x00012814       0xe4 c:/program files (x86)/gnu tools arm embedded/4.8 2014q1/bin/../lib/gcc/arm-none-eabi/4.8.3/../../../../arm-none-eabi/lib/armv6-m\libg_s.a(lib_a-wsetup.o)
                0x00012814                __swsetup_r
 .text._close_r
                0x000128f8       0x24 c:/program files (x86)/gnu tools arm embedded/4.8 2014q1/bin/../lib/gcc/arm-none-eabi/4.8.3/../../../../arm-none-eabi/lib/armv6-m\libg_s.a(lib_a-closer.o)
                0x000128f8                _close_r
 .text.__sflush_r
                0x0001291c      0x112 c:/program files (x86)/gnu tools arm embedded/4.8 2014q1/bin/../lib/gcc/arm-none-eabi/4.8.3/../../../../arm-none-eabi/lib/armv6-m\libg_s.a(lib_a-fflush.o)
                0x0001291c                __sflush_r
 *fill*         0x00012a2e        0x2 
 .text._fflush_r
                0x00012a30       0x58 c:/program files (x86)/gnu tools arm embedded/4.8 2014q1/bin/../lib/gcc/arm-none-eabi/4.8.3/../../../../arm-none-eabi/lib/armv6-m\libg_s.a(lib_a-fflush.o)
                0x00012a30                _fflush_r
 .text._cleanup_r
                0x00012a88       0x34 c:/program files (x86)/gnu tools arm embedded/4.8 2014q1/bin/../lib/gcc/arm-none-eabi/4.8.3/../../../../arm-none-eabi/lib/armv6-m\libg_s.a(lib_a-findfp.o)
                0x00012a88                _cleanup_r
 .text.std.isra.0
                0x00012abc       0x48 c:/program files (x86)/gnu tools arm embedded/4.8 2014q1/bin/../lib/gcc/arm-none-eabi/4.8.3/../../../../arm-none-eabi/lib/armv6-m\libg_s.a(lib_a-findfp.o)
 .text.__sfmoreglue
                0x00012b04       0x2c c:/program files (x86)/gnu tools arm embedded/4.8 2014q1/bin/../lib/gcc/arm-none-eabi/4.8.3/../../../../arm-none-eabi/lib/armv6-m\libg_s.a(lib_a-findfp.o)
                0x00012b04                __sfmoreglue
 .text.__sinit  0x00012b30       0x64 c:/program files (x86)/gnu tools arm embedded/4.8 2014q1/bin/../lib/gcc/arm-none-eabi/4.8.3/../../../../arm-none-eabi/lib/armv6-m\libg_s.a(lib_a-findfp.o)
                0x00012b30                __sinit
 .text.__sfp    0x00012b94       0x7c c:/program files (x86)/gnu tools arm embedded/4.8 2014q1/bin/../lib/gcc/arm-none-eabi/4.8.3/../../../../arm-none-eabi/lib/armv6-m\libg_s.a(lib_a-findfp.o)
                0x00012b94                __sfp
 .text._lseek_r
                0x00012c10       0x28 c:/program files (x86)/gnu tools arm embedded/4.8 2014q1/bin/../lib/gcc/arm-none-eabi/4.8.3/../../../../arm-none-eabi/lib/armv6-m\libg_s.a(lib_a-lseekr.o)
                0x00012c10                _lseek_r
 .text.__smakebuf_r
                0x00012c38       0xa0 c:/program files (x86)/gnu tools arm embedded/4.8 2014q1/bin/../lib/gcc/arm-none-eabi/4.8.3/../../../../arm-none-eabi/lib/armv6-m\libg_s.a(lib_a-makebuf.o)
                0x00012c38                __smakebuf_r
 .text.malloc   0x00012cd8       0x14 c:/program files (x86)/gnu tools arm embedded/4.8 2014q1/bin/../lib/gcc/arm-none-eabi/4.8.3/../../../../arm-none-eabi/lib/armv6-m\libg_s.a(lib_a-malloc.o)
                0x00012cd8                malloc
 .text.memchr   0x00012cec       0x16 c:/program files (x86)/gnu tools arm embedded/4.8 2014q1/bin/../lib/gcc/arm-none-eabi/4.8.3/../../../../arm-none-eabi/lib/armv6-m\libg_s.a(lib_a-memchr-stub.o)
                0x00012cec                memchr
 .text.memmove  0x00012d02       0x32 c:/program files (x86)/gnu tools arm embedded/4.8 2014q1/bin/../lib/gcc/arm-none-eabi/4.8.3/../../../../arm-none-eabi/lib/armv6-m\libg_s.a(lib_a-memmove.o)
                0x00012d02                memmove
 .text._free_r  0x00012d34       0x90 c:/program files (x86)/gnu tools arm embedded/4.8 2014q1/bin/../lib/gcc/arm-none-eabi/4.8.3/../../../../arm-none-eabi/lib/armv6-m\libg_s.a(lib_a-nano-freer.o)
                0x00012d34                _free_r
 .text._malloc_r
                0x00012dc4       0xa8 c:/program files (x86)/gnu tools arm embedded/4.8 2014q1/bin/../lib/gcc/arm-none-eabi/4.8.3/../../../../arm-none-eabi/lib/armv6-m\libg_s.a(lib_a-nano-mallocr.o)
                0x00012dc4                _malloc_r
 .text._realloc_r
                0x00012e6c       0x4c c:/program files (x86)/gnu tools arm embedded/4.8 2014q1/bin/../lib/gcc/arm-none-eabi/4.8.3/../../../../arm-none-eabi/lib/armv6-m\libg_s.a(lib_a-nano-reallocr.o)
                0x00012e6c                _realloc_r
 .text._read_r  0x00012eb8       0x28 c:/program files (x86)/gnu tools arm embedded/4.8 2014q1/bin/../lib/gcc/arm-none-eabi/4.8.3/../../../../arm-none-eabi/lib/armv6-m\libg_s.a(lib_a-readr.o)
                0x00012eb8                _read_r
 .text._sbrk_r  0x00012ee0       0x24 c:/program files (x86)/gnu tools arm embedded/4.8 2014q1/bin/../lib/gcc/arm-none-eabi/4.8.3/../../../../arm-none-eabi/lib/armv6-m\libg_s.a(lib_a-sbrkr.o)
                0x00012ee0                _sbrk_r
 .text._fstat_r
                0x00012f04       0x24 c:/program files (x86)/gnu tools arm embedded/4.8 2014q1/bin/../lib/gcc/arm-none-eabi/4.8.3/../../../../arm-none-eabi/lib/armv6-m\libg_s.a(lib_a-fstatr.o)
                0x00012f04                _fstat_r
 .text._isatty_r
                0x00012f28       0x24 c:/program files (x86)/gnu tools arm embedded/4.8 2014q1/bin/../lib/gcc/arm-none-eabi/4.8.3/../../../../arm-none-eabi/lib/armv6-m\libg_s.a(lib_a-isattyr.o)
                0x00012f28                _isatty_r
 .text._malloc_usable_size_r
                0x00012f4c       0x12 c:/program files (x86)/gnu tools arm embedded/4.8 2014q1/bin/../lib/gcc/arm-none-eabi/4.8.3/../../../../arm-none-eabi/lib/armv6-m\libg_s.a(lib_a-nano-msizer.o)
                0x00012f4c                _malloc_usable_size_r
 *fill*         0x00012f5e        0x2 
 .text          0x00012f60       0x44 c:/program files (x86)/gnu tools arm embedded/4.8 2014q1/bin/../lib/gcc/arm-none-eabi/4.8.3/armv6-m\libgcc.a(_muldi3.o)
                0x00012f60                __muldi3
                0x00012f60                __aeabi_lmul
 *(.rodata .rodata.* .constdata .constdata.*)
 .rodata.str1.4
                0x00012fa4       0xbd ./system/src/cortexm/exception_handlers.o
                                 0xc0 (size before relaxing)
 *fill*         0x00013061        0x3 
 .rodata.str1.4
                0x00013064       0x19 ./src/ioLibrary/MDIO/W7500x_miim.o
                                 0x1c (size before relaxing)
 *fill*         0x0001307d        0x3 
 .rodata.dns_answer
                0x00013080       0x40 ./src/ioLibrary/Internet/DNS/dns.o
 .rodata.DHCP_run
                0x000130c0       0x14 ./src/ioLibrary/Internet/DHCP/dhcp.o
 .rodata.str1.4
                0x000130d4       0x12 ./src/ioLibrary/Internet/DHCP/dhcp.o
                                 0x14 (size before relaxing)
 *fill*         0x000130e6        0x2 
 .rodata.setsockopt
                0x000130e8       0x20 ./src/ioLibrary/Ethernet/socket.o
 .rodata.getsockopt
                0x00013108       0x34 ./src/ioLibrary/Ethernet/socket.o
 .rodata.ctlnetwork
                0x0001313c       0x18 ./src/ioLibrary/Ethernet/wizchip_conf.o
 .rodata.set_device_status
                0x00013154       0x18 ./src/Serial_to_Ethernet/seg.o
 .rodata.clear_data_transfer_bytecount
                0x0001316c       0x14 ./src/Serial_to_Ethernet/seg.o
 .rodata.proc_SEG_tcp_client
                0x00013180       0x74 ./src/Serial_to_Ethernet/seg.o
 .rodata.proc_SEG_tcp_mixed
                0x000131f4       0x74 ./src/Serial_to_Ethernet/seg.o
 .rodata.str1.4
                0x00013268      0x315 ./src/Serial_to_Ethernet/seg.o
                                0x318 (size before relaxing)
 *fill*         0x0001357d        0x3 
 .rodata.get_firmware_from_server
                0x00013580       0x74 ./src/PlatformHandler/deviceHandler.o
 .rodata.str1.4
                0x000135f4      0x2ad ./src/PlatformHandler/deviceHandler.o
                                0x2b8 (size before relaxing)
 *fill*         0x000138a1        0x3 
 .rodata.str1.4
                0x000138a4       0x54 ./src/PlatformHandler/flashHandler.o
 .rodata.USER_IO_PIN
                0x000138f8        0x8 ./src/PlatformHandler/gpioHandler.o
                0x000138f8                USER_IO_PIN
 .rodata.str1.4
                0x00013900       0x2e ./src/PlatformHandler/gpioHandler.o
                                 0x30 (size before relaxing)
 *fill*         0x0001392e        0x2 
 .rodata        0x00013930       0x3c ./src/PlatformHandler/uartHandler.o
 .rodata.str1.4
                0x0001396c       0x4d ./src/PlatformHandler/uartHandler.o
                                 0x50 (size before relaxing)
 *fill*         0x000139b9        0x3 
 .rodata.str1.4
                0x000139bc      0x11a ./src/Configuration/ConfigData.o
                                0x154 (size before relaxing)
 *fill*         0x00013ad6        0x2 
 .rodata.proc_SEGCP
                0x00013ad8      0x248 ./src/Configuration/segcp.o
 .rodata.str1.4
                0x00013d20      0x290 ./src/Configuration/segcp.o
                                0x2d0 (size before relaxing)
 .rodata.LED_PIN
                0x00013fb0        0x4 ./src/W7500x_board.o
                0x00013fb0                LED_PIN
 .rodata        0x00013fb4       0x40 ./src/main.o
 .rodata.str1.4
                0x00013ff4      0x608 ./src/main.o
                                0x628 (size before relaxing)
 .rodata        0x000145fc       0x40 c:/program files (x86)/gnu tools arm embedded/4.8 2014q1/bin/../lib/gcc/arm-none-eabi/4.8.3/armv6-m\libgcc.a(divsf3.o)
 .rodata        0x0001463c       0x40 c:/program files (x86)/gnu tools arm embedded/4.8 2014q1/bin/../lib/gcc/arm-none-eabi/4.8.3/armv6-m\libgcc.a(mulsf3.o)
 .rodata._ctype_
                0x0001467c      0x101 c:/program files (x86)/gnu tools arm embedded/4.8 2014q1/bin/../lib/gcc/arm-none-eabi/4.8.3/../../../../arm-none-eabi/lib/armv6-m\libg_s.a(lib_a-ctype_.o)
                0x0001467c                _ctype_
 .rodata.str1.1
                0x0001477d        0x2 c:/program files (x86)/gnu tools arm embedded/4.8 2014q1/bin/../lib/gcc/arm-none-eabi/4.8.3/../../../../arm-none-eabi/lib/armv6-m\libg_s.a(lib_a-impure.o)
 *fill*         0x0001477f        0x1 
 .rodata._global_impure_ptr
                0x00014780        0x4 c:/program files (x86)/gnu tools arm embedded/4.8 2014q1/bin/../lib/gcc/arm-none-eabi/4.8.3/../../../../arm-none-eabi/lib/armv6-m\libg_s.a(lib_a-impure.o)
                0x00014780                _global_impure_ptr
 .rodata.str1.1
                0x00014784       0x11 c:/program files (x86)/gnu tools arm embedded/4.8 2014q1/bin/../lib/gcc/arm-none-eabi/4.8.3/../../../../arm-none-eabi/lib/armv6-m\libg_s.a(lib_a-svfprintf.o)
 .rodata.str1.1
                0x00000000       0x11 c:/program files (x86)/gnu tools arm embedded/4.8 2014q1/bin/../lib/gcc/arm-none-eabi/4.8.3/../../../../arm-none-eabi/lib/armv6-m\libg_s.a(lib_a-vfprintf.o)
 .rodata.str1.1
                0x00014795       0x22 c:/program files (x86)/gnu tools arm embedded/4.8 2014q1/bin/../lib/gcc/arm-none-eabi/4.8.3/../../../../arm-none-eabi/lib/armv6-m\libg_s.a(lib_a-vfprintf_i.o)
 *fill*         0x000147b7        0x1 
 .rodata.__sf_fake_stdin
                0x000147b8       0x20 c:/program files (x86)/gnu tools arm embedded/4.8 2014q1/bin/../lib/gcc/arm-none-eabi/4.8.3/../../../../arm-none-eabi/lib/armv6-m\libg_s.a(lib_a-findfp.o)
                0x000147b8                __sf_fake_stdin
 .rodata.__sf_fake_stdout
                0x000147d8       0x20 c:/program files (x86)/gnu tools arm embedded/4.8 2014q1/bin/../lib/gcc/arm-none-eabi/4.8.3/../../../../arm-none-eabi/lib/armv6-m\libg_s.a(lib_a-findfp.o)
                0x000147d8                __sf_fake_stdout
 .rodata.__sf_fake_stderr
                0x000147f8       0x20 c:/program files (x86)/gnu tools arm embedded/4.8 2014q1/bin/../lib/gcc/arm-none-eabi/4.8.3/../../../../arm-none-eabi/lib/armv6-m\libg_s.a(lib_a-findfp.o)
                0x000147f8                __sf_fake_stderr
 *(vtable)
 *(.eh_frame*)
 *(.glue_7)
 .glue_7        0x00000000        0x0 linker stubs
 *(.glue_7t)
 .glue_7t       0x00000000        0x0 linker stubs

.vfp11_veneer   0x00014818        0x0
 .vfp11_veneer  0x00000000        0x0 linker stubs

.v4_bx          0x00014818        0x0
 .v4_bx         0x00000000        0x0 linker stubs

.iplt           0x00014818        0x0
 .iplt          0x00000000        0x0 ./system/src/newlib/_cxx.o

.rel.dyn        0x00014818        0x0
 .rel.iplt      0x00000000        0x0 ./system/src/newlib/_cxx.o

.ARM.extab
 *(.ARM.extab* .gnu.linkonce.armextab.*)
                0x00014818                . = ALIGN (0x4)
                0x00014818                __exidx_start = .

.ARM.exidx
 *(.ARM.exidx* .gnu.linkonce.armexidx.*)
                0x00014818                __exidx_end = .
                0x00014818                . = ALIGN (0x4)
                0x00014818                _etext = .
                0x00014818                __etext = .

.data_CCMRAM    0x10000000        0x0 load address 0x00014818
 FILL mask 0xff
 *(.data.CCMRAM .data.CCMRAM.*)
                0x10000000                . = ALIGN (0x4)
                0x00014818                _sidata = LOADADDR (.data)

.data           0x20000000      0x28c load address 0x00014818
 FILL mask 0xff
                0x20000000                _sdata = .
                0x20000000                __data_start__ = .
 *(.data_begin .data_begin.*)
 .data_begin    0x20000000        0x4 ./system/src/newlib/_startup.o
 *(.data .data.*)
 .data.argv.4459
                0x20000004        0x8 ./system/src/newlib/_syscalls.o
 .data.MDC      0x2000000c        0x2 ./src/ioLibrary/MDIO/W7500x_miim.o
 .data.MDIO     0x2000000e        0x2 ./src/ioLibrary/MDIO/W7500x_miim.o
 .data.dhcp_tick_next
                0x20000010        0x4 ./src/ioLibrary/Internet/DHCP/dhcp.o
                0x20000010                dhcp_tick_next
 .data.dhcp_ip_update
                0x20000014        0x4 ./src/ioLibrary/Internet/DHCP/dhcp.o
                0x20000014                dhcp_ip_update
 .data.dhcp_ip_assign
                0x20000018        0x4 ./src/ioLibrary/Internet/DHCP/dhcp.o
                0x20000018                dhcp_ip_assign
 .data.dhcp_ip_conflict
                0x2000001c        0x4 ./src/ioLibrary/Internet/DHCP/dhcp.o
                0x2000001c                dhcp_ip_conflict
 .data.dhcp_lease_time
                0x20000020        0x4 ./src/ioLibrary/Internet/DHCP/dhcp.o
                0x20000020                dhcp_lease_time
 .data.HOST_NAME
                0x20000024        0x8 ./src/ioLibrary/Internet/DHCP/dhcp.o
                0x20000024                HOST_NAME
 .data.sock_any_port
                0x2000002c        0x2 ./src/ioLibrary/Ethernet/socket.o
 *fill*         0x2000002e        0x2 
 .data.str_working
                0x20000030       0x10 ./src/Serial_to_Ethernet/seg.o
                0x20000030                str_working
 .data.peerip_tmp
                0x20000040        0x4 ./src/Serial_to_Ethernet/seg.o
                0x20000040                peerip_tmp
 .data.modeswitch_gap_time
                0x20000044        0x2 ./src/Serial_to_Ethernet/seg.o
                0x20000044                modeswitch_gap_time
 .data.isXON    0x20000046        0x1 ./src/Serial_to_Ethernet/seg.o
                0x20000046                isXON
 .data.opmode   0x20000047        0x1 ./src/Serial_to_Ethernet/seg.o
                0x20000047                opmode
 .data.USER_IO_ADC_CH
                0x20000048        0x4 ./src/PlatformHandler/gpioHandler.o
                0x20000048                USER_IO_ADC_CH
 .data.USER_IO_TYPE_STR
                0x2000004c        0x8 ./src/PlatformHandler/gpioHandler.o
                0x2000004c                USER_IO_TYPE_STR
 .data.USER_IO_PORT
                0x20000054       0x10 ./src/PlatformHandler/gpioHandler.o
                0x20000054                USER_IO_PORT
 .data.USER_IO_SEL
                0x20000064        0x4 ./src/PlatformHandler/gpioHandler.o
                0x20000064                USER_IO_SEL
 .data.prev_link_status.6047
                0x20000068        0x1 ./src/PlatformHandler/gpioHandler.o
 *fill*         0x20000069        0x3 
 .data.USER_IO_DIR_STR
                0x2000006c        0x8 ./src/PlatformHandler/gpioHandler.o
                0x2000006c                USER_IO_DIR_STR
 .data.enable_phylink_check
                0x20000074        0x1 ./src/PlatformHandler/timerHandler.o
 *fill*         0x20000075        0x3 
 .data.word_len_table
                0x20000078        0x4 ./src/PlatformHandler/uartHandler.o
                0x20000078                word_len_table
 .data.parity_table
                0x2000007c        0xc ./src/PlatformHandler/uartHandler.o
                0x2000007c                parity_table
 .data.stop_bit_table
                0x20000088        0x4 ./src/PlatformHandler/uartHandler.o
                0x20000088                stop_bit_table
 .data.uart_if_table
                0x2000008c        0x8 ./src/PlatformHandler/uartHandler.o
                0x2000008c                uart_if_table
 .data.UART_data_irq
                0x20000094        0x1 ./src/PlatformHandler/uartHandler.o
                0x20000094                UART_data_irq
 *fill*         0x20000095        0x3 
 .data.UART_data
                0x20000098        0x4 ./src/PlatformHandler/uartHandler.o
                0x20000098                UART_data
 .data.xonoff_status
                0x2000009c        0x1 ./src/PlatformHandler/uartHandler.o
 *fill*         0x2000009d        0x1 
 .data.data_rx_sz
                0x2000009e        0x2 ./src/PlatformHandler/uartHandler.o
                0x2000009e                data_rx_sz
 .data.flow_ctrl_table
                0x200000a0       0x10 ./src/PlatformHandler/uartHandler.o
                0x200000a0                flow_ctrl_table
 .data.tbSEGCPERR
                0x200000b0       0x1c ./src/Configuration/segcp.o
                0x200000b0                tbSEGCPERR
 .data.tbSEGCPCMD
                0x200000cc      0x128 ./src/Configuration/segcp.o
                0x200000cc                tbSEGCPCMD
 .data.strDEVSTATUS
                0x200001f4       0x1c ./src/Configuration/segcp.o
                0x200001f4                strDEVSTATUS
 .data.LED_PAD  0x20000210        0x4 ./src/W7500x_board.o
                0x20000210                LED_PAD
 .data.LED_PAD_AF
                0x20000214        0x4 ./src/W7500x_board.o
                0x20000214                LED_PAD_AF
 .data.LED_PORT
                0x20000218        0x8 ./src/W7500x_board.o
                0x20000218                LED_PORT
 .data.__ctype_ptr__
                0x20000220        0x4 c:/program files (x86)/gnu tools arm embedded/4.8 2014q1/bin/../lib/gcc/arm-none-eabi/4.8.3/../../../../arm-none-eabi/lib/armv6-m\libg_s.a(lib_a-ctype_.o)
                0x20000220                __ctype_ptr__
 .data.impure_data
                0x20000224       0x60 c:/program files (x86)/gnu tools arm embedded/4.8 2014q1/bin/../lib/gcc/arm-none-eabi/4.8.3/../../../../arm-none-eabi/lib/armv6-m\libg_s.a(lib_a-impure.o)
 .data._impure_ptr
                0x20000284        0x4 c:/program files (x86)/gnu tools arm embedded/4.8 2014q1/bin/../lib/gcc/arm-none-eabi/4.8.3/../../../../arm-none-eabi/lib/armv6-m\libg_s.a(lib_a-impure.o)
                0x20000284                _impure_ptr
 *(.data_end .data_end.*)
 .data_end      0x20000288        0x4 ./system/src/newlib/_startup.o
                0x2000028c                . = ALIGN (0x4)
                0x2000028c                _edata = .
                0x2000028c                __data_end__ = .

.igot.plt       0x2000028c        0x0 load address 0x00014aa4
 .igot.plt      0x00000000        0x0 ./system/src/newlib/_cxx.o

.bss_CCMRAM     0x10000000        0x0
 *(.bss.CCMRAM .bss.CCMRAM.*)

.bss            0x2000028c     0x26a4
                0x2000028c                __bss_start__ = .
                0x2000028c                _sbss = .
 *(.bss_begin .bss_begin.*)
 .bss_begin     0x2000028c        0x4 ./system/src/newlib/_startup.o
 *(.bss .bss.*)
 .bss.current_heap_end.4286
                0x20000290        0x4 ./system/src/newlib/_sbrk.o
 .bss.name.4458
                0x20000294        0x4 ./system/src/newlib/_syscalls.o
 .bss.buf.5349  0x20000298       0x80 ./system/src/diag/Trace.o
 .bss.SystemFrequency
                0x20000318        0x4 ./system/src/cmsis/system_W7500x.o
                0x20000318                SystemFrequency
 .bss.SourceFrequency
                0x2000031c        0x4 ./system/src/cmsis/system_W7500x.o
                0x2000031c                SourceFrequency
 .bss.retry_count.6372
                0x20000320        0x1 ./src/ioLibrary/Internet/DNS/dns.o
 .bss.dhcp_state
                0x20000321        0x1 ./src/ioLibrary/Internet/DHCP/dhcp.o
                0x20000321                dhcp_state
 *fill*         0x20000322        0x2 
 .bss.DHCP_allocated_sn
                0x20000324        0x4 ./src/ioLibrary/Internet/DHCP/dhcp.o
                0x20000324                DHCP_allocated_sn
 .bss.dhcp_tick_1s
                0x20000328        0x4 ./src/ioLibrary/Internet/DHCP/dhcp.o
                0x20000328                dhcp_tick_1s
 .bss.OLD_allocated_ip
                0x2000032c        0x4 ./src/ioLibrary/Internet/DHCP/dhcp.o
                0x2000032c                OLD_allocated_ip
 .bss.DHCP_allocated_gw
                0x20000330        0x4 ./src/ioLibrary/Internet/DHCP/dhcp.o
                0x20000330                DHCP_allocated_gw
 .bss.DHCP_allocated_ip
                0x20000334        0x4 ./src/ioLibrary/Internet/DHCP/dhcp.o
                0x20000334                DHCP_allocated_ip
 .bss.DHCP_CHADDR
                0x20000338        0x8 ./src/ioLibrary/Internet/DHCP/dhcp.o
                0x20000338                DHCP_CHADDR
 .bss.DHCP_allocated_dns
                0x20000340        0x4 ./src/ioLibrary/Internet/DHCP/dhcp.o
                0x20000340                DHCP_allocated_dns
 .bss.dhcp_retry_count
                0x20000344        0x1 ./src/ioLibrary/Internet/DHCP/dhcp.o
                0x20000344                dhcp_retry_count
 *fill*         0x20000345        0x1 
 .bss.sock_io_mode
                0x20000346        0x2 ./src/ioLibrary/Ethernet/socket.o
 .bss.sock_is_sending
                0x20000348        0x2 ./src/ioLibrary/Ethernet/socket.o
 *fill*         0x2000034a        0x2 
 .bss.sock_pack_info
                0x2000034c        0x8 ./src/ioLibrary/Ethernet/socket.o
 .bss.sock_remained_size
                0x20000354       0x10 ./src/ioLibrary/Ethernet/socket.o
 .bss._DHCP_    0x20000364        0x1 ./src/ioLibrary/Ethernet/wizchip_conf.o
 *fill*         0x20000365        0x3 
 .bss._DNS_     0x20000368        0x4 ./src/ioLibrary/Ethernet/wizchip_conf.o
 .bss.reconnection_time
                0x2000036c        0x2 ./src/Serial_to_Ethernet/seg.o
                0x2000036c                reconnection_time
 .bss.connection_auth_time
                0x2000036e        0x2 ./src/Serial_to_Ethernet/seg.o
                0x2000036e                connection_auth_time
 .bss.ch_tmp    0x20000370        0x4 ./src/Serial_to_Ethernet/seg.o
 .bss.enable_connection_auth_timer
                0x20000374        0x1 ./src/Serial_to_Ethernet/seg.o
                0x20000374                enable_connection_auth_timer
 .bss.sw_modeswitch_at_mode_on
                0x20000375        0x1 ./src/Serial_to_Ethernet/seg.o
 .bss.serial_input_time
                0x20000376        0x2 ./src/Serial_to_Ethernet/seg.o
                0x20000376                serial_input_time
 .bss.modeswitch_time
                0x20000378        0x2 ./src/Serial_to_Ethernet/seg.o
                0x20000378                modeswitch_time
 .bss.u2e_size  0x2000037a        0x2 ./src/Serial_to_Ethernet/seg.o
                0x2000037a                u2e_size
 .bss.triggercode_idx
                0x2000037c        0x1 ./src/Serial_to_Ethernet/seg.o
 .bss.tmp_timeflag_for_debug
                0x2000037d        0x1 ./src/Serial_to_Ethernet/seg.o
                0x2000037d                tmp_timeflag_for_debug
 .bss.enable_modeswitch_timer
                0x2000037e        0x1 ./src/Serial_to_Ethernet/seg.o
                0x2000037e                enable_modeswitch_timer
 *fill*         0x2000037f        0x1 
 .bss.s2e_uart_tx_bytecount
                0x20000380        0x4 ./src/Serial_to_Ethernet/seg.o
                0x20000380                s2e_uart_tx_bytecount
 .bss.mixed_state
                0x20000384        0x1 ./src/Serial_to_Ethernet/seg.o
 .bss.enable_serial_input_timer
                0x20000385        0x1 ./src/Serial_to_Ethernet/seg.o
                0x20000385                enable_serial_input_timer
 .bss.isSocketOpen_TCPclient
                0x20000386        0x1 ./src/Serial_to_Ethernet/seg.o
                0x20000386                isSocketOpen_TCPclient
 *fill*         0x20000387        0x1 
 .bss.inactivity_time
                0x20000388        0x2 ./src/Serial_to_Ethernet/seg.o
                0x20000388                inactivity_time
 .bss.client_any_port
                0x2000038a        0x2 ./src/Serial_to_Ethernet/seg.o
 .bss.flag_process_dns_success
                0x2000038c        0x1 ./src/Serial_to_Ethernet/seg.o
                0x2000038c                flag_process_dns_success
 .bss.enable_keepalive_timer
                0x2000038d        0x1 ./src/Serial_to_Ethernet/seg.o
                0x2000038d                enable_keepalive_timer
 .bss.flag_serial_input_time_elapse
                0x2000038e        0x1 ./src/Serial_to_Ethernet/seg.o
                0x2000038e                flag_serial_input_time_elapse
 *fill*         0x2000038f        0x1 
 .bss.s2e_uart_rx_bytecount
                0x20000390        0x4 ./src/Serial_to_Ethernet/seg.o
                0x20000390                s2e_uart_rx_bytecount
 .bss.s2e_ether_tx_bytecount
                0x20000394        0x4 ./src/Serial_to_Ethernet/seg.o
                0x20000394                s2e_ether_tx_bytecount
 .bss.flag_s2e_application_running
                0x20000398        0x1 ./src/Serial_to_Ethernet/seg.o
                0x20000398                flag_s2e_application_running
 .bss.enable_inactivity_timer
                0x20000399        0x1 ./src/Serial_to_Ethernet/seg.o
                0x20000399                enable_inactivity_timer
 .bss.flag_sent_first_keepalive
                0x2000039a        0x1 ./src/Serial_to_Ethernet/seg.o
                0x2000039a                flag_sent_first_keepalive
 *fill*         0x2000039b        0x1 
 .bss.peerip    0x2000039c        0x4 ./src/Serial_to_Ethernet/seg.o
                0x2000039c                peerip
 .bss.s2e_ether_rx_bytecount
                0x200003a0        0x4 ./src/Serial_to_Ethernet/seg.o
                0x200003a0                s2e_ether_rx_bytecount
 .bss.e2u_size  0x200003a4        0x2 ./src/Serial_to_Ethernet/seg.o
                0x200003a4                e2u_size
 .bss.enable_reconnection_timer
                0x200003a6        0x1 ./src/Serial_to_Ethernet/seg.o
                0x200003a6                enable_reconnection_timer
 .bss.flag_sent_keepalive
                0x200003a7        0x1 ./src/Serial_to_Ethernet/seg.o
                0x200003a7                flag_sent_keepalive
 .bss.keepalive_time
                0x200003a8        0x2 ./src/Serial_to_Ethernet/seg.o
                0x200003a8                keepalive_time
 .bss.flag_connect_pw_auth
                0x200003aa        0x1 ./src/Serial_to_Ethernet/seg.o
                0x200003aa                flag_connect_pw_auth
 .bss.flag_process_dhcp_success
                0x200003ab        0x1 ./src/Serial_to_Ethernet/seg.o
                0x200003ab                flag_process_dhcp_success
 .bss.reconnection_count.7003
                0x200003ac        0x1 ./src/Serial_to_Ethernet/seg.o
 *fill*         0x200003ad        0x1 
 .bss.peerport  0x200003ae        0x2 ./src/Serial_to_Ethernet/seg.o
                0x200003ae                peerport
 .bss.flag_fw_from_server_failed
                0x200003b0        0x1 ./src/PlatformHandler/deviceHandler.o
                0x200003b0                flag_fw_from_server_failed
 *fill*         0x200003b1        0x3 
 .bss.recv_fwsize.6681
                0x200003b4        0x4 ./src/PlatformHandler/deviceHandler.o
 .bss.flag_fw_update_timeout
                0x200003b8        0x1 ./src/PlatformHandler/deviceHandler.o
                0x200003b8                flag_fw_update_timeout
 .bss.enable_fw_update_timer
                0x200003b9        0x1 ./src/PlatformHandler/deviceHandler.o
                0x200003b9                enable_fw_update_timer
 .bss.any_port  0x200003ba        0x2 ./src/PlatformHandler/deviceHandler.o