Archive member included to satisfy reference by file (symbol)

c:/program files (x86)/gnu tools arm embedded/5.4 2016q2/bin/../lib/gcc/arm-none-eabi/5.4.1/armv6-m\libgcc.a(_udivsi3.o)
                              ./system/src/cmsis/system_W7500x.o (__aeabi_uidiv)
c:/program files (x86)/gnu tools arm embedded/5.4 2016q2/bin/../lib/gcc/arm-none-eabi/5.4.1/armv6-m\libgcc.a(_divsi3.o)
                              ./src/Serial_to_Ethernet/seg.o (__aeabi_idivmod)
c:/program files (x86)/gnu tools arm embedded/5.4 2016q2/bin/../lib/gcc/arm-none-eabi/5.4.1/armv6-m\libgcc.a(_dvmd_tls.o)
                              c:/program files (x86)/gnu tools arm embedded/5.4 2016q2/bin/../lib/gcc/arm-none-eabi/5.4.1/armv6-m\libgcc.a(_udivsi3.o) (__aeabi_idiv0)
c:/program files (x86)/gnu tools arm embedded/5.4 2016q2/bin/../lib/gcc/arm-none-eabi/5.4.1/armv6-m\libgcc.a(_fixunssfsi.o)
                              ./system/src/W7500x/W7500x_uart.o (__aeabi_f2uiz)
c:/program files (x86)/gnu tools arm embedded/5.4 2016q2/bin/../lib/gcc/arm-none-eabi/5.4.1/armv6-m\libgcc.a(_fixunsdfsi.o)
                              ./system/src/W7500x/W7500x_uart.o (__aeabi_d2uiz)
c:/program files (x86)/gnu tools arm embedded/5.4 2016q2/bin/../lib/gcc/arm-none-eabi/5.4.1/armv6-m\libgcc.a(divsf3.o)
                              ./system/src/W7500x/W7500x_uart.o (__aeabi_fdiv)
c:/program files (x86)/gnu tools arm embedded/5.4 2016q2/bin/../lib/gcc/arm-none-eabi/5.4.1/armv6-m\libgcc.a(mulsf3.o)
                              ./system/src/W7500x/W7500x_uart.o (__aeabi_fmul)
c:/program files (x86)/gnu tools arm embedded/5.4 2016q2/bin/../lib/gcc/arm-none-eabi/5.4.1/armv6-m\libgcc.a(subsf3.o)
                              ./system/src/W7500x/W7500x_uart.o (__aeabi_fsub)
c:/program files (x86)/gnu tools arm embedded/5.4 2016q2/bin/../lib/gcc/arm-none-eabi/5.4.1/armv6-m\libgcc.a(fixsfsi.o)
                              c:/program files (x86)/gnu tools arm embedded/5.4 2016q2/bin/../lib/gcc/arm-none-eabi/5.4.1/armv6-m\libgcc.a(_fixunssfsi.o) (__aeabi_f2iz)
c:/program files (x86)/gnu tools arm embedded/5.4 2016q2/bin/../lib/gcc/arm-none-eabi/5.4.1/armv6-m\libgcc.a(floatunsisf.o)
                              ./system/src/W7500x/W7500x_uart.o (__aeabi_ui2f)
c:/program files (x86)/gnu tools arm embedded/5.4 2016q2/bin/../lib/gcc/arm-none-eabi/5.4.1/armv6-m\libgcc.a(adddf3.o)
                              ./system/src/W7500x/W7500x_uart.o (__aeabi_dadd)
c:/program files (x86)/gnu tools arm embedded/5.4 2016q2/bin/../lib/gcc/arm-none-eabi/5.4.1/armv6-m\libgcc.a(subdf3.o)
                              c:/program files (x86)/gnu tools arm embedded/5.4 2016q2/bin/../lib/gcc/arm-none-eabi/5.4.1/armv6-m\libgcc.a(_fixunsdfsi.o) (__aeabi_dsub)
c:/program files (x86)/gnu tools arm embedded/5.4 2016q2/bin/../lib/gcc/arm-none-eabi/5.4.1/armv6-m\libgcc.a(fixdfsi.o)
                              c:/program files (x86)/gnu tools arm embedded/5.4 2016q2/bin/../lib/gcc/arm-none-eabi/5.4.1/armv6-m\libgcc.a(_fixunsdfsi.o) (__aeabi_d2iz)
c:/program files (x86)/gnu tools arm embedded/5.4 2016q2/bin/../lib/gcc/arm-none-eabi/5.4.1/armv6-m\libgcc.a(extendsfdf2.o)
                              ./system/src/W7500x/W7500x_uart.o (__aeabi_f2d)
c:/program files (x86)/gnu tools arm embedded/5.4 2016q2/bin/../lib/gcc/arm-none-eabi/5.4.1/armv6-m\libgcc.a(unwind-arm.o)
                              ./system/src/newlib/_cxx.o (__aeabi_unwind_cpp_pr0)
c:/program files (x86)/gnu tools arm embedded/5.4 2016q2/bin/../lib/gcc/arm-none-eabi/5.4.1/armv6-m\libgcc.a(libunwind.o)
                              c:/program files (x86)/gnu tools arm embedded/5.4 2016q2/bin/../lib/gcc/arm-none-eabi/5.4.1/armv6-m\libgcc.a(unwind-arm.o) (restore_core_regs)
c:/program files (x86)/gnu tools arm embedded/5.4 2016q2/bin/../lib/gcc/arm-none-eabi/5.4.1/armv6-m\libgcc.a(pr-support.o)
                              c:/program files (x86)/gnu tools arm embedded/5.4 2016q2/bin/../lib/gcc/arm-none-eabi/5.4.1/armv6-m\libgcc.a(unwind-arm.o) (__gnu_unwind_execute)
c:/program files (x86)/gnu tools arm embedded/5.4 2016q2/bin/../lib/gcc/arm-none-eabi/5.4.1/armv6-m\libgcc.a(_arm_cmpdf2.o)
                              c:/program files (x86)/gnu tools arm embedded/5.4 2016q2/bin/../lib/gcc/arm-none-eabi/5.4.1/armv6-m\libgcc.a(_fixunsdfsi.o) (__aeabi_dcmpge)
c:/program files (x86)/gnu tools arm embedded/5.4 2016q2/bin/../lib/gcc/arm-none-eabi/5.4.1/armv6-m\libgcc.a(_arm_cmpsf2.o)
                              c:/program files (x86)/gnu tools arm embedded/5.4 2016q2/bin/../lib/gcc/arm-none-eabi/5.4.1/armv6-m\libgcc.a(_fixunssfsi.o) (__aeabi_fcmpge)
c:/program files (x86)/gnu tools arm embedded/5.4 2016q2/bin/../lib/gcc/arm-none-eabi/5.4.1/armv6-m\libgcc.a(_clzsi2.o)
                              c:/program files (x86)/gnu tools arm embedded/5.4 2016q2/bin/../lib/gcc/arm-none-eabi/5.4.1/armv6-m\libgcc.a(divsf3.o) (__clzsi2)
[...]
Memory Configuration

Name             Origin             Length             Attributes
FLASH            0x00007000         0x00019000         xr
RAM              0x20000000         0x00004000         xrw
CCMRAM           0x10000000         0x00000000         xrw
FLASHB1          0x00000000         0x00000000         xr
EXTMEMB0         0x00000000         0x00000000         xr
EXTMEMB1         0x00000000         0x00000000         xr
EXTMEMB2         0x00000000         0x00000000         xr
EXTMEMB3         0x00000000         0x00000000         xr
*default*        0x00000000         0xffffffff

Linker script and memory map

LOAD ./system/src/newlib/_cxx.o
LOAD ./system/src/newlib/_exit.o
LOAD ./system/src/newlib/_sbrk.o
LOAD ./system/src/newlib/_startup.o
LOAD ./system/src/newlib/_syscalls.o
LOAD ./system/src/newlib/assert.o
LOAD ./system/src/diag/Trace.o
LOAD ./system/src/diag/trace_impl.o
LOAD ./system/src/cortexm/_initialize_hardware.o
LOAD ./system/src/cortexm/_reset_hardware.o
LOAD ./system/src/cortexm/exception_handlers.o
LOAD ./system/src/cmsis/system_W7500x.o
LOAD ./system/src/cmsis/vectors_W7500x.o
LOAD ./system/src/W7500x/W7500x_adc.o
LOAD ./system/src/W7500x/W7500x_crg.o
LOAD ./system/src/W7500x/W7500x_dma.o
LOAD ./system/src/W7500x/W7500x_dualtimer.o
LOAD ./system/src/W7500x/W7500x_exti.o
LOAD ./system/src/W7500x/W7500x_gpio.o
LOAD ./system/src/W7500x/W7500x_pwm.o
LOAD ./system/src/W7500x/W7500x_rng.o
LOAD ./system/src/W7500x/W7500x_ssp.o
LOAD ./system/src/W7500x/W7500x_uart.o
LOAD ./system/src/W7500x/W7500x_wdt.o
LOAD ./system/src/W7500x/W7500x_wztoe.o
LOAD ./src/ioLibrary/MDIO/W7500x_miim.o
LOAD ./src/ioLibrary/Internet/httpServer/httpParser.o
LOAD ./src/ioLibrary/Internet/httpServer/httpServer.o
LOAD ./src/ioLibrary/Internet/httpServer/httpUtil.o
LOAD ./src/ioLibrary/Internet/DNS/dns.o
LOAD ./src/ioLibrary/Internet/DHCP/dhcp.o
LOAD ./src/ioLibrary/Ethernet/socket.o
LOAD ./src/ioLibrary/Ethernet/wizchip_conf.o
LOAD ./src/ioLibrary/Application/loopback/loopback.o
LOAD ./src/Serial_to_Ethernet/seg.o
LOAD ./src/PlatformHandler/deviceHandler.o
LOAD ./src/PlatformHandler/eepromHandler.o
LOAD ./src/PlatformHandler/flashHandler.o
LOAD ./src/PlatformHandler/gpioHandler.o
LOAD ./src/PlatformHandler/i2cHandler.o
LOAD ./src/PlatformHandler/storageHandler.o
LOAD ./src/PlatformHandler/timerHandler.o
LOAD ./src/PlatformHandler/uartHandler.o
LOAD ./src/Configuration/ConfigData.o
LOAD ./src/Configuration/segcp.o
LOAD ./src/Configuration/util.o
LOAD ./src/Callback/dhcp_cb.o
LOAD ./src/W7500x_board.o
LOAD ./src/W7500x_it.o
LOAD ./src/main.o
LOAD ./src/retarget.o
LOAD c:/program files (x86)/gnu tools arm embedded/5.4 2016q2/bin/../lib/gcc/arm-none-eabi/5.4.1/../../../../arm-none-eabi/lib/armv6-m\libstdc++_nano.a
LOAD c:/program files (x86)/gnu tools arm embedded/5.4 2016q2/bin/../lib/gcc/arm-none-eabi/5.4.1/../../../../arm-none-eabi/lib/armv6-m\libm.a
START GROUP
LOAD c:/program files (x86)/gnu tools arm embedded/5.4 2016q2/bin/../lib/gcc/arm-none-eabi/5.4.1/armv6-m\libgcc.a
LOAD c:/program files (x86)/gnu tools arm embedded/5.4 2016q2/bin/../lib/gcc/arm-none-eabi/5.4.1/../../../../arm-none-eabi/lib/armv6-m\libg_nano.a
LOAD c:/program files (x86)/gnu tools arm embedded/5.4 2016q2/bin/../lib/gcc/arm-none-eabi/5.4.1/../../../../arm-none-eabi/lib/armv6-m\libc_nano.a
END GROUP
START GROUP
LOAD c:/program files (x86)/gnu tools arm embedded/5.4 2016q2/bin/../lib/gcc/arm-none-eabi/5.4.1/armv6-m\libgcc.a
LOAD c:/program files (x86)/gnu tools arm embedded/5.4 2016q2/bin/../lib/gcc/arm-none-eabi/5.4.1/../../../../arm-none-eabi/lib/armv6-m\libc_nano.a
END GROUP
                0x20004000                __stack = (ORIGIN (RAM) + LENGTH (RAM))
                0x20004000                _estack = __stack
                0x00000800                __Main_Stack_Size = 0x800
                [!provide]                PROVIDE (_Main_Stack_Size, __Main_Stack_Size)
                0x20003800                __Main_Stack_Limit = (__stack - __Main_Stack_Size)
                [!provide]                PROVIDE (_Main_Stack_Limit, __Main_Stack_Limit)
                0x00000100                _Minimum_Stack_Size = 0x100
                0x2000293c                PROVIDE (_Heap_Begin, _end_noinit)
                0x20003800                PROVIDE (_Heap_Limit, (__stack - __Main_Stack_Size))

.isr_vector     0x00007000      0x214
 FILL mask 0xff
                0x00007000                __vectors_start = ABSOLUTE (.)
                0x00007000                __vectors_start__ = ABSOLUTE (.)
 *(.isr_vector)
 .isr_vector    0x00007000       0xa8 ./system/src/cmsis/vectors_W7500x.o
                0x00007000                __isr_vectors
 *(.cfmconfig)
 *(.after_vectors .after_vectors.*)
 .after_vectors
                0x000070a8      0x118 ./system/src/newlib/_startup.o
                0x000070a8                _start
 .after_vectors
                0x000071c0       0x50 ./system/src/cortexm/exception_handlers.o
                0x000071c0                Reset_Handler
                0x000071e4                HardFault_Handler_C
 .after_vectors
                0x00007210        0x4 ./system/src/cmsis/vectors_W7500x.o
                0x00007210                Default_Handler
                0x00007210                RTC_Handler

.inits          0x00007214       0x28
                0x00007214                __data_regions_array_start = .
                0x00007214        0x4 LONG 0x14dcc LOADADDR (.data)
                0x00007218        0x4 LONG 0x20000000 ADDR (.data)
                0x0000721c        0x4 LONG 0x20000294 (ADDR (.data) + SIZEOF (.data))
                0x00007220        0x4 LONG 0x14dcc LOADADDR (.data_CCMRAM)
                0x00007224        0x4 LONG 0x10000000 ADDR (.data_CCMRAM)
                0x00007228        0x4 LONG 0x10000000 (ADDR (.data_CCMRAM) + SIZEOF (.data_CCMRAM))
                0x0000722c                __data_regions_array_end = .
                0x0000722c                __bss_regions_array_start = .
                0x0000722c        0x4 LONG 0x20000294 ADDR (.bss)
                0x00007230        0x4 LONG 0x2000293c (ADDR (.bss) + SIZEOF (.bss))
                0x00007234        0x4 LONG 0x10000000 ADDR (.bss_CCMRAM)
                0x00007238        0x4 LONG 0x10000000 (ADDR (.bss_CCMRAM) + SIZEOF (.bss_CCMRAM))
                0x0000723c                __bss_regions_array_end = .
 *(.init)
 *(.fini)
                0x0000723c                . = ALIGN (0x4)
                0x0000723c                PROVIDE (__preinit_array_start, .)
 *(.preinit_array_sysinit .preinit_array_sysinit.*)
 *(.preinit_array_platform .preinit_array_platform.*)
 *(.preinit_array .preinit_array.*)
                0x0000723c                PROVIDE (__preinit_array_end, .)
                0x0000723c                . = ALIGN (0x4)
                0x0000723c                PROVIDE (__init_array_start, .)
 *(SORT(.init_array.*))
 *(.init_array)
                0x0000723c                PROVIDE (__init_array_end, .)
                0x0000723c                . = ALIGN (0x4)
                0x0000723c                PROVIDE (__fini_array_start, .)
 *(SORT(.fini_array.*))
 *(.fini_array)
                0x0000723c                PROVIDE (__fini_array_end, .)

.flashtext
 *(.flashtext .flashtext.*)

.text           0x0000723c     0xdb8f
 *(.text .text.*)
 .text._exit    0x0000723c        0x4 ./system/src/newlib/_exit.o
                0x0000723c                _exit
 .text._sbrk    0x00007240       0x44 ./system/src/newlib/_sbrk.o
                0x00007240                _sbrk
 .text.__initialize_args
                0x00007284       0x10 ./system/src/newlib/_syscalls.o
                0x00007284                __initialize_args
 .text._close   0x00007294       0x10 ./system/src/newlib/_syscalls.o
                0x00007294                _close
 .text._fstat   0x000072a4       0x10 ./system/src/newlib/_syscalls.o
                0x000072a4                _fstat
 .text._isatty  0x000072b4       0x10 ./system/src/newlib/_syscalls.o
                0x000072b4                _isatty
 .text._lseek   0x000072c4       0x10 ./system/src/newlib/_syscalls.o
                0x000072c4                _lseek
 .text._read    0x000072d4       0x10 ./system/src/newlib/_syscalls.o
                0x000072d4                _read
 .text.trace_printf
                0x000072e4       0x2c ./system/src/diag/Trace.o
                0x000072e4                trace_printf
 .text._trace_write_semihosting_debug
                0x00007310       0x68 ./system/src/diag/trace_impl.o
 .text.trace_write
                0x00007378        0x8 ./system/src/diag/trace_impl.o
                0x00007378                trace_write
 .text.__initialize_hardware_early
                0x00007380        0x8 ./system/src/cortexm/_initialize_hardware.o
                0x00007380                __initialize_hardware_early
 .text.__initialize_hardware
                0x00007388        0x8 ./system/src/cortexm/_initialize_hardware.o
                0x00007388                __initialize_hardware
 .text.dumpExceptionStack
                0x00007390       0x88 ./system/src/cortexm/exception_handlers.o
                0x00007390                dumpExceptionStack
 .text.GetSystemClock
                0x00007418        0xc ./system/src/cmsis/system_W7500x.o
                0x00007418                GetSystemClock
 .text.GetSourceClock
                0x00007424        0xc ./system/src/cmsis/system_W7500x.o
                0x00007424                GetSourceClock
 .text.GetPLLSource
                0x00007430        0xc ./system/src/cmsis/system_W7500x.o
                0x00007430                GetPLLSource
 .text.SystemInit
                0x0000743c       0x6c ./system/src/cmsis/system_W7500x.o
                0x0000743c                SystemInit
 .text.SystemCoreClockUpdate_User
                0x000074a8       0x9c ./system/src/cmsis/system_W7500x.o
                0x000074a8                SystemCoreClockUpdate_User
 .text.SystemInit_User
                0x00007544       0x28 ./system/src/cmsis/system_W7500x.o
                0x00007544                SystemInit_User
 .text.ADC_PowerDownEnable
                0x0000756c       0x18 ./system/src/W7500x/W7500x_adc.o
                0x0000756c                ADC_PowerDownEnable
 .text.ADC_ChannelSelect
                0x00007584        0x8 ./system/src/W7500x/W7500x_adc.o
                0x00007584                ADC_ChannelSelect
 .text.ADC_Start
                0x0000758c        0xc ./system/src/W7500x/W7500x_adc.o
                0x0000758c                ADC_Start
 .text.ADC_ReadData
                0x00007598        0xc ./system/src/W7500x/W7500x_adc.o
                0x00007598                ADC_ReadData
 .text.ADC_IsEOC
                0x000075a4       0x14 ./system/src/W7500x/W7500x_adc.o
                0x000075a4                ADC_IsEOC
 .text.ADC_Init
                0x000075b8        0xc ./system/src/W7500x/W7500x_adc.o
                0x000075b8                ADC_Init
 .text.DUALTIMER_ClockEnable
                0x000075c4       0x58 ./system/src/W7500x/W7500x_dualtimer.o
                0x000075c4                DUALTIMER_ClockEnable
 .text.DUALTIMER_IntConfig
                0x0000761c       0x18 ./system/src/W7500x/W7500x_dualtimer.o
                0x0000761c                DUALTIMER_IntConfig
 .text.DUALTIMER_IntClear
                0x00007634        0x8 ./system/src/W7500x/W7500x_dualtimer.o
                0x00007634                DUALTIMER_IntClear
 .text.DUALTIMER_GetIntStatus
                0x0000763c        0x8 ./system/src/W7500x/W7500x_dualtimer.o
                0x0000763c                DUALTIMER_GetIntStatus
 .text.DUALTIMER_Start
                0x00007644        0xc ./system/src/W7500x/W7500x_dualtimer.o
                0x00007644                DUALTIMER_Start
 .text.DUALTIMER_Stop
                0x00007650        0xc ./system/src/W7500x/W7500x_dualtimer.o
                0x00007650                DUALTIMER_Stop
 .text.DUALTIMER_Init
                0x0000765c       0x30 ./system/src/W7500x/W7500x_dualtimer.o
                0x0000765c                DUALTIMER_Init
 .text.GPIO_Init
                0x0000768c       0xd0 ./system/src/W7500x/W7500x_gpio.o
                0x0000768c                GPIO_Init
 .text.GPIO_StructInit
                0x0000775c       0x14 ./system/src/W7500x/W7500x_gpio.o
                0x0000775c                GPIO_StructInit
 .text.GPIO_ReadInputDataBit
                0x00007770       0x10 ./system/src/W7500x/W7500x_gpio.o
                0x00007770                GPIO_ReadInputDataBit
 .text.GPIO_ReadOutputDataBit
                0x00007780       0x10 ./system/src/W7500x/W7500x_gpio.o
                0x00007780                GPIO_ReadOutputDataBit
 .text.GPIO_SetBits
                0x00007790       0x1c ./system/src/W7500x/W7500x_gpio.o
                0x00007790                GPIO_SetBits
 .text.GPIO_ResetBits
                0x000077ac       0x1c ./system/src/W7500x/W7500x_gpio.o
                0x000077ac                GPIO_ResetBits
 .text.PAD_AFConfig
                0x000077c8       0x64 ./system/src/W7500x/W7500x_gpio.o
                0x000077c8                PAD_AFConfig
 .text.GPIO_Configuration
                0x0000782c       0x58 ./system/src/W7500x/W7500x_gpio.o
                0x0000782c                GPIO_Configuration
 .text.UART_Init
                0x00007884       0xd0 ./system/src/W7500x/W7500x_uart.o
                0x00007884                UART_Init
 .text.UART_SendData
                0x00007954        0x4 ./system/src/W7500x/W7500x_uart.o
                0x00007954                UART_SendData
 .text.UART_ReceiveData
                0x00007958        0x8 ./system/src/W7500x/W7500x_uart.o
                0x00007958                UART_ReceiveData
 .text.UART_GetRecvStatus
                0x00007960       0x10 ./system/src/W7500x/W7500x_uart.o
                0x00007960                UART_GetRecvStatus
 .text.UART_ITConfig
                0x00007970       0x14 ./system/src/W7500x/W7500x_uart.o
                0x00007970                UART_ITConfig
 .text.UART_GetITStatus
                0x00007984       0x10 ./system/src/W7500x/W7500x_uart.o
                0x00007984                UART_GetITStatus
 .text.UART_ClearITPendingBit
                0x00007994        0x8 ./system/src/W7500x/W7500x_uart.o
                0x00007994                UART_ClearITPendingBit
 .text.S_UART_SetBaud
                0x0000799c       0x34 ./system/src/W7500x/W7500x_uart.o
                0x0000799c                S_UART_SetBaud
 .text.S_UART_Init
                0x000079d0       0x1c ./system/src/W7500x/W7500x_uart.o
                0x000079d0                S_UART_Init
 .text.S_UART_SendData
                0x000079ec       0x14 ./system/src/W7500x/W7500x_uart.o
                0x000079ec                S_UART_SendData
 .text.UartPutc
                0x00007a00       0x18 ./system/src/W7500x/W7500x_uart.o
                0x00007a00                UartPutc
 .text.S_UartPutc
                0x00007a18       0x10 ./system/src/W7500x/W7500x_uart.o
                0x00007a18                S_UartPutc
 .text.WIZCHIP_READ
                0x00007a28        0x8 ./system/src/W7500x/W7500x_wztoe.o
                0x00007a28                WIZCHIP_READ
 .text.WIZCHIP_WRITE
                0x00007a30        0x4 ./system/src/W7500x/W7500x_wztoe.o
                0x00007a30                WIZCHIP_WRITE
 .text.WIZCHIP_READ_BUF
                0x00007a34       0x1c ./system/src/W7500x/W7500x_wztoe.o
                0x00007a34                WIZCHIP_READ_BUF
 .text.WIZCHIP_WRITE_BUF
                0x00007a50       0x1c ./system/src/W7500x/W7500x_wztoe.o
                0x00007a50                WIZCHIP_WRITE_BUF
 .text.wiz_send_data
                0x00007a6c       0x34 ./system/src/W7500x/W7500x_wztoe.o
                0x00007a6c                wiz_send_data
 .text.wiz_recv_data
                0x00007aa0       0x34 ./system/src/W7500x/W7500x_wztoe.o
                0x00007aa0                wiz_recv_data
 .text.wiz_recv_ignore
                0x00007ad4       0x30 ./system/src/W7500x/W7500x_wztoe.o
                0x00007ad4                wiz_recv_ignore
 .text.output_MDIO
                0x00007b04       0x5c ./src/ioLibrary/MDIO/W7500x_miim.o
                0x00007b04                output_MDIO
 .text.input_MDIO
                0x00007b60       0x48 ./src/ioLibrary/MDIO/W7500x_miim.o
                0x00007b60                input_MDIO
 .text.turnaround_MDIO
                0x00007ba8       0x38 ./src/ioLibrary/MDIO/W7500x_miim.o
                0x00007ba8                turnaround_MDIO
 .text.idle_MDIO
                0x00007be0       0x30 ./src/ioLibrary/MDIO/W7500x_miim.o
                0x00007be0                idle_MDIO
 .text.phy_id   0x00007c10       0x78 ./src/ioLibrary/MDIO/W7500x_miim.o
                0x00007c10                phy_id
 .text.mdio_init
                0x00007c88       0x58 ./src/ioLibrary/MDIO/W7500x_miim.o
                0x00007c88                mdio_init
 .text.get16    0x00007ce0       0x10 ./src/ioLibrary/Internet/DNS/dns.o
                0x00007ce0                get16
 .text.put16    0x00007cf0        0xc ./src/ioLibrary/Internet/DNS/dns.o
                0x00007cf0                put16
 .text.parse_name
                0x00007cfc       0xb8 ./src/ioLibrary/Internet/DNS/dns.o
                0x00007cfc                parse_name
 .text.dns_question
                0x00007db4       0x20 ./src/ioLibrary/Internet/DNS/dns.o
                0x00007db4                dns_question
 .text.dns_answer
                0x00007dd4       0xc4 ./src/ioLibrary/Internet/DNS/dns.o
                0x00007dd4                dns_answer
 .text.parseDNSMSG
                0x00007e98       0xe4 ./src/ioLibrary/Internet/DNS/dns.o
                0x00007e98                parseDNSMSG
 .text.dns_makequery
                0x00007f7c       0xc8 ./src/ioLibrary/Internet/DNS/dns.o
                0x00007f7c                dns_makequery
 .text.check_DNS_timeout
                0x00008044       0x38 ./src/ioLibrary/Internet/DNS/dns.o
                0x00008044                check_DNS_timeout
 .text.DNS_init
                0x0000807c       0x20 ./src/ioLibrary/Internet/DNS/dns.o
                0x0000807c                DNS_init
 .text.DNS_run  0x0000809c       0xb8 ./src/ioLibrary/Internet/DNS/dns.o
                0x0000809c                DNS_run
 .text.DNS_time_handler
                0x00008154       0x10 ./src/ioLibrary/Internet/DNS/dns.o
                0x00008154                DNS_time_handler
 .text.default_ip_assign
                0x00008164       0xa8 ./src/ioLibrary/Internet/DHCP/dhcp.o
                0x00008164                default_ip_assign
 .text.default_ip_update
                0x0000820c       0x6c ./src/ioLibrary/Internet/DHCP/dhcp.o
                0x0000820c                default_ip_update
 .text.default_ip_conflict
                0x00008278       0x68 ./src/ioLibrary/Internet/DHCP/dhcp.o
                0x00008278                default_ip_conflict
 .text.reg_dhcp_cbfunc
                0x000082e0       0x48 ./src/ioLibrary/Internet/DHCP/dhcp.o
                0x000082e0                reg_dhcp_cbfunc
 .text.makeDHCPMSG
                0x00008328       0xd8 ./src/ioLibrary/Internet/DHCP/dhcp.o
                0x00008328                makeDHCPMSG
 .text.send_DHCP_DISCOVER
                0x00008400      0x164 ./src/ioLibrary/Internet/DHCP/dhcp.o
                0x00008400                send_DHCP_DISCOVER
 .text.send_DHCP_REQUEST
                0x00008564      0x22c ./src/ioLibrary/Internet/DHCP/dhcp.o
                0x00008564                send_DHCP_REQUEST
 .text.send_DHCP_DECLINE
                0x00008790       0xfc ./src/ioLibrary/Internet/DHCP/dhcp.o
                0x00008790                send_DHCP_DECLINE
 .text.parseDHCPMSG
                0x0000888c      0x198 ./src/ioLibrary/Internet/DHCP/dhcp.o
                0x0000888c                parseDHCPMSG
 .text.DHCP_stop
                0x00008a24       0x1c ./src/ioLibrary/Internet/DHCP/dhcp.o
                0x00008a24                DHCP_stop
 .text.check_DHCP_leasedIP
                0x00008a40       0x6c ./src/ioLibrary/Internet/DHCP/dhcp.o
                0x00008a40                check_DHCP_leasedIP
 .text.reset_DHCP_timeout
                0x00008aac       0x20 ./src/ioLibrary/Internet/DHCP/dhcp.o
                0x00008aac                reset_DHCP_timeout
 .text.check_DHCP_timeout
                0x00008acc       0x98 ./src/ioLibrary/Internet/DHCP/dhcp.o
                0x00008acc                check_DHCP_timeout
 .text.DHCP_run
                0x00008b64      0x1d0 ./src/ioLibrary/Internet/DHCP/dhcp.o
                0x00008b64                DHCP_run
 .text.DHCP_init
                0x00008d34      0x17c ./src/ioLibrary/Internet/DHCP/dhcp.o
                0x00008d34                DHCP_init
 .text.DHCP_time_handler
                0x00008eb0       0x10 ./src/ioLibrary/Internet/DHCP/dhcp.o
                0x00008eb0                DHCP_time_handler
 .text.getIPfromDHCP
                0x00008ec0       0x18 ./src/ioLibrary/Internet/DHCP/dhcp.o
                0x00008ec0                getIPfromDHCP
 .text.getGWfromDHCP
                0x00008ed8       0x18 ./src/ioLibrary/Internet/DHCP/dhcp.o
                0x00008ed8                getGWfromDHCP
 .text.getSNfromDHCP
                0x00008ef0       0x18 ./src/ioLibrary/Internet/DHCP/dhcp.o
                0x00008ef0                getSNfromDHCP
 .text.getDNSfromDHCP
                0x00008f08       0x18 ./src/ioLibrary/Internet/DHCP/dhcp.o
                0x00008f08                getDNSfromDHCP
 .text.getDHCPLeasetime
                0x00008f20        0xc ./src/ioLibrary/Internet/DHCP/dhcp.o
                0x00008f20                getDHCPLeasetime
 .text.close    0x00008f2c       0x74 ./src/ioLibrary/Ethernet/socket.o
                0x00008f2c                close
 .text.socket   0x00008fa0      0x120 ./src/ioLibrary/Ethernet/socket.o
                0x00008fa0                socket
 .text.listen   0x000090c0       0x7c ./src/ioLibrary/Ethernet/socket.o
                0x000090c0                listen
 .text.connect  0x0000913c      0x12c ./src/ioLibrary/Ethernet/socket.o
                0x0000913c                connect
 .text.disconnect
                0x00009268       0x9c ./src/ioLibrary/Ethernet/socket.o
                0x00009268                disconnect
 .text.send     0x00009304      0x148 ./src/ioLibrary/Ethernet/socket.o
                0x00009304                send
 .text.recv     0x0000944c      0x108 ./src/ioLibrary/Ethernet/socket.o
                0x0000944c                recv
 .text.sendto   0x00009554      0x18c ./src/ioLibrary/Ethernet/socket.o
                0x00009554                sendto
 .text.recvfrom
                0x000096e0      0x208 ./src/ioLibrary/Ethernet/socket.o
                0x000096e0                recvfrom
 .text.setsockopt
                0x000098e8      0x118 ./src/ioLibrary/Ethernet/socket.o
                0x000098e8                setsockopt
 .text.getsockopt
                0x00009a00      0x190 ./src/ioLibrary/Ethernet/socket.o
                0x00009a00                getsockopt
 .text.wizchip_sw_reset
                0x00009b90      0x18c ./src/ioLibrary/Ethernet/wizchip_conf.o
                0x00009b90                wizchip_sw_reset
 .text.wizchip_init
                0x00009d1c       0x94 ./src/ioLibrary/Ethernet/wizchip_conf.o
                0x00009d1c                wizchip_init
 .text.wizchip_setnetinfo
                0x00009db0      0x100 ./src/ioLibrary/Ethernet/wizchip_conf.o
                0x00009db0                wizchip_setnetinfo
 .text.wizchip_getnetinfo
                0x00009eb0      0x100 ./src/ioLibrary/Ethernet/wizchip_conf.o
                0x00009eb0                wizchip_getnetinfo
 .text.wizchip_setnetmode
                0x00009fb0       0x2c ./src/ioLibrary/Ethernet/wizchip_conf.o
                0x00009fb0                wizchip_setnetmode
 .text.wizchip_getnetmode
                0x00009fdc       0x10 ./src/ioLibrary/Ethernet/wizchip_conf.o
                0x00009fdc                wizchip_getnetmode
 .text.wizchip_settimeout
                0x00009fec       0x20 ./src/ioLibrary/Ethernet/wizchip_conf.o
                0x00009fec                wizchip_settimeout
 .text.wizchip_gettimeout
                0x0000a00c       0x1c ./src/ioLibrary/Ethernet/wizchip_conf.o
                0x0000a00c                wizchip_gettimeout
 .text.ctlnetwork
                0x0000a028       0x54 ./src/ioLibrary/Ethernet/wizchip_conf.o
                0x0000a028                ctlnetwork
 .text.set_device_status
                0x0000a07c       0x6c ./src/Serial_to_Ethernet/seg.o
                0x0000a07c                set_device_status
 .text.get_device_status
                0x0000a0e8        0xc ./src/Serial_to_Ethernet/seg.o
                0x0000a0e8                get_device_status
 .text.get_serial_data
                0x0000a0f4      0x158 ./src/Serial_to_Ethernet/seg.o
                0x0000a0f4                get_serial_data
 .text.get_tcp_any_port
                0x0000a24c       0x58 ./src/Serial_to_Ethernet/seg.o
                0x0000a24c                get_tcp_any_port
 .text.send_keepalive_packet_manual
                0x0000a2a4        0xc ./src/Serial_to_Ethernet/seg.o
                0x0000a2a4                send_keepalive_packet_manual
 .text.process_socket_termination
                0x0000a2b0       0x40 ./src/Serial_to_Ethernet/seg.o
                0x0000a2b0                process_socket_termination
 .text.check_connect_pw_auth
                0x0000a2f0       0x50 ./src/Serial_to_Ethernet/seg.o
                0x0000a2f0                check_connect_pw_auth
 .text.init_trigger_modeswitch
                0x0000a340       0xec ./src/Serial_to_Ethernet/seg.o
                0x0000a340                init_trigger_modeswitch
 .text.restore_serial_data
                0x0000a42c       0x50 ./src/Serial_to_Ethernet/seg.o
                0x0000a42c                restore_serial_data
 .text.check_modeswitch_trigger
                0x0000a47c       0xec ./src/Serial_to_Ethernet/seg.o
                0x0000a47c                check_modeswitch_trigger
 .text.check_serial_store_permitted
                0x0000a568       0x6c ./src/Serial_to_Ethernet/seg.o
                0x0000a568                check_serial_store_permitted
 .text.reset_SEG_timeflags
                0x0000a5d4       0x5c ./src/Serial_to_Ethernet/seg.o
                0x0000a5d4                reset_SEG_timeflags
 .text.init_time_delimiter_timer
                0x0000a630       0x4c ./src/Serial_to_Ethernet/seg.o
                0x0000a630                init_time_delimiter_timer
 .text.check_tcp_connect_exception
                0x0000a67c      0x18c ./src/Serial_to_Ethernet/seg.o
                0x0000a67c                check_tcp_connect_exception
 .text.clear_data_transfer_bytecount
                0x0000a808       0x54 ./src/Serial_to_Ethernet/seg.o
                0x0000a808                clear_data_transfer_bytecount
 .text.add_data_transfer_bytecount
                0x0000a85c       0x90 ./src/Serial_to_Ethernet/seg.o
                0x0000a85c                add_data_transfer_bytecount
 .text.debugSerial_dataTransfer
                0x0000a8ec       0xb0 ./src/Serial_to_Ethernet/seg.o
                0x0000a8ec                debugSerial_dataTransfer
 .text.uart_to_ether
                0x0000a99c      0x19c ./src/Serial_to_Ethernet/seg.o
                0x0000a99c                uart_to_ether
 .text.ether_to_uart
                0x0000ab38      0x278 ./src/Serial_to_Ethernet/seg.o
                0x0000ab38                ether_to_uart
 .text.proc_SEG_udp
                0x0000adb0       0xe4 ./src/Serial_to_Ethernet/seg.o
                0x0000adb0                proc_SEG_udp
 .text.proc_SEG_tcp_client
                0x0000ae94      0x324 ./src/Serial_to_Ethernet/seg.o
                0x0000ae94                proc_SEG_tcp_client
 .text.proc_SEG_tcp_server
                0x0000b1b8      0x2e0 ./src/Serial_to_Ethernet/seg.o
                0x0000b1b8                proc_SEG_tcp_server
 .text.proc_SEG_tcp_mixed
                0x0000b498      0x4c4 ./src/Serial_to_Ethernet/seg.o
                0x0000b498                proc_SEG_tcp_mixed
 .text.do_seg   0x0000b95c       0xac ./src/Serial_to_Ethernet/seg.o
                0x0000b95c                do_seg
 .text.seg_timer_msec
                0x0000ba08      0x140 ./src/Serial_to_Ethernet/seg.o
                0x0000ba08                seg_timer_msec
 .text.seg_timer_sec
                0x0000bb48       0x38 ./src/Serial_to_Ethernet/seg.o
                0x0000bb48                seg_timer_sec
 .text.device_set_factory_default
                0x0000bb80        0xc ./src/PlatformHandler/deviceHandler.o
                0x0000bb80                device_set_factory_default
 .text.device_socket_termination
                0x0000bb8c       0x18 ./src/PlatformHandler/deviceHandler.o
                0x0000bb8c                device_socket_termination
 .text.device_reboot
                0x0000bba4       0x28 ./src/PlatformHandler/deviceHandler.o
                0x0000bba4                device_reboot
 .text.device_timer_msec
                0x0000bbcc       0xa0 ./src/PlatformHandler/deviceHandler.o
                0x0000bbcc                device_timer_msec
 .text.reset_fw_update_timer
                0x0000bc6c       0x38 ./src/PlatformHandler/deviceHandler.o
                0x0000bc6c                reset_fw_update_timer
 .text.get_firmware_from_network
                0x0000bca4      0x168 ./src/PlatformHandler/deviceHandler.o
                0x0000bca4                get_firmware_from_network
 .text.device_firmware_update
                0x0000be0c      0x1ac ./src/PlatformHandler/deviceHandler.o
                0x0000be0c                device_firmware_update
 .text.device_appboot_update
                0x0000bfb8      0x1e8 ./src/PlatformHandler/deviceHandler.o
                0x0000bfb8                device_appboot_update
 .text.read_flash
                0x0000c1a0       0x14 ./src/PlatformHandler/flashHandler.o
                0x0000c1a0                read_flash
 .text.DO_IAP   0x0000c1b4       0x20 ./src/PlatformHandler/flashHandler.o
                0x0000c1b4                DO_IAP
 .text.erase_flash_sector
                0x0000c1d4       0x50 ./src/PlatformHandler/flashHandler.o
                0x0000c1d4                erase_flash_sector
 .text.erase_flash_block
                0x0000c224       0x1c ./src/PlatformHandler/flashHandler.o
                0x0000c224                erase_flash_block
 .text.write_flash
                0x0000c240       0x60 ./src/PlatformHandler/flashHandler.o
                0x0000c240                write_flash
 .text.Copy_Interrupt_VectorTable
                0x0000c2a0       0x90 ./src/PlatformHandler/flashHandler.o
                0x0000c2a0                Copy_Interrupt_VectorTable
 .text.get_user_io_enabled
                0x0000c330       0x24 ./src/PlatformHandler/gpioHandler.o
                0x0000c330                get_user_io_enabled
 .text.get_user_io_type
                0x0000c354       0x20 ./src/PlatformHandler/gpioHandler.o
                0x0000c354                get_user_io_type
 .text.get_user_io_direction
                0x0000c374       0x20 ./src/PlatformHandler/gpioHandler.o
                0x0000c374                get_user_io_direction
 .text.get_user_io_bitorder
                0x0000c394       0x1c ./src/PlatformHandler/gpioHandler.o
                0x0000c394                get_user_io_bitorder
 .text.init_user_io
                0x0000c3b0       0xd0 ./src/PlatformHandler/gpioHandler.o
                0x0000c3b0                init_user_io
 .text.set_user_io_direction
                0x0000c480       0x54 ./src/PlatformHandler/gpioHandler.o
                0x0000c480                set_user_io_direction
 .text.set_user_io_type
                0x0000c4d4       0x78 ./src/PlatformHandler/gpioHandler.o
                0x0000c4d4                set_user_io_type
 .text.set_user_io_val
                0x0000c54c       0xa0 ./src/PlatformHandler/gpioHandler.o
                0x0000c54c                set_user_io_val
 .text.read_ADC
                0x0000c5ec       0x18 ./src/PlatformHandler/gpioHandler.o
                0x0000c5ec                read_ADC
 .text.get_user_io_val
                0x0000c604       0xa0 ./src/PlatformHandler/gpioHandler.o
                0x0000c604                get_user_io_val
 .text.set_connection_status_io
                0x0000c6a4       0x8c ./src/PlatformHandler/gpioHandler.o
                0x0000c6a4                set_connection_status_io
 .text.get_connection_status_io
                0x0000c730       0x64 ./src/PlatformHandler/gpioHandler.o
                0x0000c730                get_connection_status_io
 .text.init_phylink_status_pin
                0x0000c794       0x20 ./src/PlatformHandler/gpioHandler.o
                0x0000c794                init_phylink_status_pin
 .text.init_tcpconnection_status_pin
                0x0000c7b4       0x1c ./src/PlatformHandler/gpioHandler.o
                0x0000c7b4                init_tcpconnection_status_pin
 .text.init_flowcontrol_dtr_pin
                0x0000c7d0       0x20 ./src/PlatformHandler/gpioHandler.o
                0x0000c7d0                init_flowcontrol_dtr_pin
 .text.set_flowcontrol_dtr_pin
                0x0000c7f0       0x24 ./src/PlatformHandler/gpioHandler.o
                0x0000c7f0                set_flowcontrol_dtr_pin
 .text.init_flowcontrol_dsr_pin
                0x0000c814       0x14 ./src/PlatformHandler/gpioHandler.o
                0x0000c814                init_flowcontrol_dsr_pin
 .text.init_connection_status_io
                0x0000c828       0x30 ./src/PlatformHandler/gpioHandler.o
                0x0000c828                init_connection_status_io
 .text.IO_Configuration
                0x0000c858       0x5c ./src/PlatformHandler/gpioHandler.o
                0x0000c858                IO_Configuration
 .text.get_flowcontrol_dsr_pin
                0x0000c8b4       0x10 ./src/PlatformHandler/gpioHandler.o
                0x0000c8b4                get_flowcontrol_dsr_pin
 .text.check_phylink_status
                0x0000c8c4       0x34 ./src/PlatformHandler/gpioHandler.o
                0x0000c8c4                check_phylink_status
 .text.gpio_handler_timer_msec
                0x0000c8f8       0x30 ./src/PlatformHandler/gpioHandler.o
                0x0000c8f8                gpio_handler_timer_msec
 .text.read_storage
                0x0000c928       0x54 ./src/PlatformHandler/storageHandler.o
                0x0000c928                read_storage
 .text.erase_storage
                0x0000c97c       0x78 ./src/PlatformHandler/storageHandler.o
                0x0000c97c                erase_storage
 .text.write_storage
                0x0000c9f4       0x58 ./src/PlatformHandler/storageHandler.o
                0x0000c9f4                write_storage
 .text.Timer_Configuration
                0x0000ca4c       0x50 ./src/PlatformHandler/timerHandler.o
                0x0000ca4c                Timer_Configuration
 .text.Timer_IRQ_Handler
                0x0000ca9c      0x120 ./src/PlatformHandler/timerHandler.o
                0x0000ca9c                Timer_IRQ_Handler
 .text.getDeviceUptime_day
                0x0000cbbc        0xc ./src/PlatformHandler/timerHandler.o
                0x0000cbbc                getDeviceUptime_day
 .text.getDeviceUptime_hour
                0x0000cbc8        0xc ./src/PlatformHandler/timerHandler.o
                0x0000cbc8                getDeviceUptime_hour
 .text.getDeviceUptime_min
                0x0000cbd4        0xc ./src/PlatformHandler/timerHandler.o
                0x0000cbd4                getDeviceUptime_min
 .text.getDeviceUptime_sec
                0x0000cbe0        0xc ./src/PlatformHandler/timerHandler.o
                0x0000cbe0                getDeviceUptime_sec
 .text.set_phylink_time_check
                0x0000cbec       0x18 ./src/PlatformHandler/timerHandler.o
                0x0000cbec                set_phylink_time_check
 .text.get_phylink_downtime
                0x0000cc04        0xc ./src/PlatformHandler/timerHandler.o
                0x0000cc04                get_phylink_downtime
 .text.S2E_UART_IRQ_Handler
                0x0000cc10       0x9c ./src/PlatformHandler/uartHandler.o
                0x0000cc10                S2E_UART_IRQ_Handler
 .text.UART2_Configuration
                0x0000ccac        0xc ./src/PlatformHandler/uartHandler.o
                0x0000ccac                UART2_Configuration
 .text.uart_putc
                0x0000ccb8       0x2c ./src/PlatformHandler/uartHandler.o
                0x0000ccb8                uart_putc
 .text.uart_puts
                0x0000cce4       0x3c ./src/PlatformHandler/uartHandler.o
                0x0000cce4                uart_puts
 .text.uart_getc
                0x0000cd20       0x54 ./src/PlatformHandler/uartHandler.o
                0x0000cd20                uart_getc
 .text.uart_rx_flush
                0x0000cd74       0x18 ./src/PlatformHandler/uartHandler.o
                0x0000cd74                uart_rx_flush
 .text.get_uart_rs485_sel
                0x0000cd8c       0x7c ./src/PlatformHandler/uartHandler.o
                0x0000cd8c                get_uart_rs485_sel
 .text.uart_rs485_rs422_init
                0x0000ce08       0x70 ./src/PlatformHandler/uartHandler.o
                0x0000ce08                uart_rs485_rs422_init
 .text.uart_rs485_enable
                0x0000ce78       0x64 ./src/PlatformHandler/uartHandler.o
                0x0000ce78                uart_rs485_enable
 .text.uart_rs485_disable
                0x0000cedc       0x64 ./src/PlatformHandler/uartHandler.o
                0x0000cedc                uart_rs485_disable
 .text.get_uart_cts_pin
                0x0000cf40       0x2c ./src/PlatformHandler/uartHandler.o
                0x0000cf40                get_uart_cts_pin
 .text.set_uart_rts_pin_high
                0x0000cf6c       0x24 ./src/PlatformHandler/uartHandler.o
                0x0000cf6c                set_uart_rts_pin_high
 .text.set_uart_rts_pin_low
                0x0000cf90       0x24 ./src/PlatformHandler/uartHandler.o
                0x0000cf90                set_uart_rts_pin_low
 .text.serial_info_init
                0x0000cfb4      0x19c ./src/PlatformHandler/uartHandler.o
                0x0000cfb4                serial_info_init
 .text.S2E_UART_Configuration
                0x0000d150       0xa8 ./src/PlatformHandler/uartHandler.o
                0x0000d150                S2E_UART_Configuration
 .text.check_uart_flow_control
                0x0000d1f8       0xfc ./src/PlatformHandler/uartHandler.o
                0x0000d1f8                check_uart_flow_control
 .text.check_n_clear_uart_recv_status
                0x0000d2f4       0x34 ./src/PlatformHandler/uartHandler.o
                0x0000d2f4                check_n_clear_uart_recv_status
 .text.get_DevConfig_pointer
                0x0000d328        0x8 ./src/Configuration/ConfigData.o
                0x0000d328                get_DevConfig_pointer
 .text.set_DevConfig_to_factory_value
                0x0000d330      0x20c ./src/Configuration/ConfigData.o
                0x0000d330                set_DevConfig_to_factory_value
 .text.load_DevConfig_from_storage
                0x0000d53c       0x74 ./src/Configuration/ConfigData.o
                0x0000d53c                load_DevConfig_from_storage
 .text.save_DevConfig_to_storage
                0x0000d5b0       0x68 ./src/Configuration/ConfigData.o
                0x0000d5b0                save_DevConfig_to_storage
 .text.get_DevConfig_value
                0x0000d618        0x8 ./src/Configuration/ConfigData.o
                0x0000d618                get_DevConfig_value
 .text.set_DevConfig_value
                0x0000d620        0x8 ./src/Configuration/ConfigData.o
                0x0000d620                set_DevConfig_value
 .text.display_Net_Info
                0x0000d628      0x130 ./src/Configuration/ConfigData.o
                0x0000d628                display_Net_Info
 .text.Mac_Conf
                0x0000d758       0x54 ./src/Configuration/ConfigData.o
                0x0000d758                Mac_Conf
 .text.Net_Conf
                0x0000d7ac       0x70 ./src/Configuration/ConfigData.o
                0x0000d7ac                Net_Conf
 .text.flash_update_start
                0x0000d81c       0x6c ./src/Configuration/segcp.o
 .text.flash_update_end
                0x0000d888       0x6c ./src/Configuration/segcp.o
 .text.parse_SEGCP
                0x0000d8f4       0xa4 ./src/Configuration/segcp.o
                0x0000d8f4                parse_SEGCP
 .text.proc_SEGCP
                0x0000d998     0x1060 ./src/Configuration/segcp.o
                0x0000d998                proc_SEGCP
 .text.proc_SEGCP_udp
                0x0000e9f8      0x1ac ./src/Configuration/segcp.o
                0x0000e9f8                proc_SEGCP_udp
 .text.uart_get_commandline
                0x0000eba4       0x80 ./src/Configuration/segcp.o
                0x0000eba4                uart_get_commandline
 .text.proc_SEGCP_uart
                0x0000ec24       0x8c ./src/Configuration/segcp.o
                0x0000ec24                proc_SEGCP_uart
 .text.send_keepalive_packet_configtool
                0x0000ecb0        0xc ./src/Configuration/segcp.o
                0x0000ecb0                send_keepalive_packet_configtool
 .text.proc_SEGCP_tcp
                0x0000ecbc      0x20c ./src/Configuration/segcp.o
                0x0000ecbc                proc_SEGCP_tcp
 .text.do_segcp
                0x0000eec8      0x164 ./src/Configuration/segcp.o
                0x0000eec8                do_segcp
 .text.segcp_timer_msec
                0x0000f02c       0x54 ./src/Configuration/segcp.o
                0x0000f02c                segcp_timer_msec
 .text.is_ipaddr
                0x0000f080       0xd0 ./src/Configuration/util.o
                0x0000f080                is_ipaddr
 .text.is_hexstr
                0x0000f150       0x34 ./src/Configuration/util.o
                0x0000f150                is_hexstr
 .text.is_hex   0x0000f184       0x38 ./src/Configuration/util.o
                0x0000f184                is_hex
 .text.str_to_hex
                0x0000f1bc       0xb4 ./src/Configuration/util.o
                0x0000f1bc                str_to_hex
 .text.is_macaddr
                0x0000f270       0x78 ./src/Configuration/util.o
                0x0000f270                is_macaddr
 .text.w7500x_dhcp_assign
                0x0000f2e8       0x9c ./src/Callback/dhcp_cb.o
                0x0000f2e8                w7500x_dhcp_assign
 .text.w7500x_dhcp_conflict
                0x0000f384        0x4 ./src/Callback/dhcp_cb.o
                0x0000f384                w7500x_dhcp_conflict
 .text.PHY_Init
                0x0000f388       0x34 ./src/W7500x_board.o
 .text.Supervisory_IC_Init
                0x0000f3bc       0x14 ./src/W7500x_board.o
                0x0000f3bc                Supervisory_IC_Init
 .text.init_phylink_in_pin
                0x0000f3d0       0x14 ./src/W7500x_board.o
                0x0000f3d0                init_phylink_in_pin
 .text.get_phylink_in_pin
                0x0000f3e4       0x10 ./src/W7500x_board.o
                0x0000f3e4                get_phylink_in_pin
 .text.init_hw_trig_pin
                0x0000f3f4       0x18 ./src/W7500x_board.o
                0x0000f3f4                init_hw_trig_pin
 .text.get_hw_trig_pin
                0x0000f40c       0x2c ./src/W7500x_board.o
                0x0000f40c                get_hw_trig_pin
 .text.init_uart_if_sel_pin
                0x0000f438       0x14 ./src/W7500x_board.o
                0x0000f438                init_uart_if_sel_pin
 .text.get_uart_if_sel_pin
                0x0000f44c       0x10 ./src/W7500x_board.o
                0x0000f44c                get_uart_if_sel_pin
 .text.init_boot_entry_pin
                0x0000f45c       0x1c ./src/W7500x_board.o
                0x0000f45c                init_boot_entry_pin
 .text.LED_Init
                0x0000f478       0x50 ./src/W7500x_board.o
                0x0000f478                LED_Init
 .text.W7500x_Board_Init
                0x0000f4c8       0x30 ./src/W7500x_board.o
                0x0000f4c8                W7500x_Board_Init
 .text.LED_On   0x0000f4f8       0x20 ./src/W7500x_board.o
                0x0000f4f8                LED_On
 .text.LED_Off  0x0000f518       0x20 ./src/W7500x_board.o
                0x0000f518                LED_Off
 .text.NMI_Handler
                0x0000f538        0x4 ./src/W7500x_it.o
                0x0000f538                NMI_Handler
 .text.HardFault_Handler
                0x0000f53c        0x4 ./src/W7500x_it.o
                0x0000f53c                HardFault_Handler
 .text.SVC_Handler
                0x0000f540        0x4 ./src/W7500x_it.o
                0x0000f540                SVC_Handler
 .text.PendSV_Handler
                0x0000f544        0x4 ./src/W7500x_it.o
                0x0000f544                PendSV_Handler
 .text.SysTick_Handler
                0x0000f548        0x8 ./src/W7500x_it.o
                0x0000f548                SysTick_Handler
 .text.SSP0_Handler
                0x0000f550        0x4 ./src/W7500x_it.o
                0x0000f550                SSP0_Handler
 .text.SSP1_Handler
                0x0000f554        0x4 ./src/W7500x_it.o
                0x0000f554                SSP1_Handler
 .text.UART0_Handler
                0x0000f558       0x10 ./src/W7500x_it.o
                0x0000f558                UART0_Handler
 .text.UART1_Handler
                0x0000f568       0x10 ./src/W7500x_it.o
                0x0000f568                UART1_Handler
 .text.UART2_Handler
                0x0000f578        0x4 ./src/W7500x_it.o
                0x0000f578                UART2_Handler
 .text.I2C0_Handler
                0x0000f57c        0x4 ./src/W7500x_it.o
                0x0000f57c                I2C0_Handler
 .text.I2C1_Handler
                0x0000f580        0x4 ./src/W7500x_it.o
                0x0000f580                I2C1_Handler
 .text.PORT0_Handler
                0x0000f584        0x4 ./src/W7500x_it.o
                0x0000f584                PORT0_Handler
 .text.PORT1_Handler
                0x0000f588        0x4 ./src/W7500x_it.o
                0x0000f588                PORT1_Handler
 .text.PORT2_Handler
                0x0000f58c        0x4 ./src/W7500x_it.o
                0x0000f58c                PORT2_Handler
 .text.PORT3_Handler
                0x0000f590        0x4 ./src/W7500x_it.o
                0x0000f590                PORT3_Handler
 .text.DMA_Handler
                0x0000f594        0x4 ./src/W7500x_it.o
                0x0000f594                DMA_Handler
 .text.DUALTIMER0_Handler
                0x0000f598        0x8 ./src/W7500x_it.o
                0x0000f598                DUALTIMER0_Handler
 .text.DUALTIMER1_Handler
                0x0000f5a0        0x4 ./src/W7500x_it.o
                0x0000f5a0                DUALTIMER1_Handler
 .text.PWM0_Handler
                0x0000f5a4        0x4 ./src/W7500x_it.o
                0x0000f5a4                PWM0_Handler
 .text.PWM1_Handler
                0x0000f5a8        0x4 ./src/W7500x_it.o
                0x0000f5a8                PWM1_Handler
 .text.PWM2_Handler
                0x0000f5ac        0x4 ./src/W7500x_it.o
                0x0000f5ac                PWM2_Handler
 .text.PWM3_Handler
                0x0000f5b0        0x4 ./src/W7500x_it.o
                0x0000f5b0                PWM3_Handler
 .text.PWM4_Handler
                0x0000f5b4        0x4 ./src/W7500x_it.o
                0x0000f5b4                PWM4_Handler
 .text.PWM5_Handler
                0x0000f5b8        0x4 ./src/W7500x_it.o
                0x0000f5b8                PWM5_Handler
 .text.PWM6_Handler
                0x0000f5bc        0x4 ./src/W7500x_it.o
                0x0000f5bc                PWM6_Handler
 .text.PWM7_Handler
                0x0000f5c0        0x4 ./src/W7500x_it.o
                0x0000f5c0                PWM7_Handler
 .text.ADC_Handler
                0x0000f5c4        0x4 ./src/W7500x_it.o
                0x0000f5c4                ADC_Handler
 .text.WZTOE_Handler
                0x0000f5c8        0x4 ./src/W7500x_it.o
                0x0000f5c8                WZTOE_Handler
 .text.EXTI_Handler
                0x0000f5cc        0x4 ./src/W7500x_it.o
                0x0000f5cc                EXTI_Handler
 .text.W7500x_Init
                0x0000f5d0       0x60 ./src/main.o
 .text.W7500x_WZTOE_Init
                0x0000f630       0x60 ./src/main.o
 .text.set_WZTOE_NetTimeout
                0x0000f690       0x20 ./src/main.o
 .text.process_dhcp
                0x0000f6b0       0x54 ./src/main.o
                0x0000f6b0                process_dhcp
 .text.process_dns
                0x0000f704       0x74 ./src/main.o
                0x0000f704                process_dns
 .text.display_Dev_Info_header
                0x0000f778       0x68 ./src/main.o
                0x0000f778                display_Dev_Info_header
 .text.display_Dev_Info_main
                0x0000f7e0      0x440 ./src/main.o
                0x0000f7e0                display_Dev_Info_main
 .text.display_Dev_Info_dhcp
                0x0000fc20       0x38 ./src/main.o
                0x0000fc20                display_Dev_Info_dhcp
 .text.display_Dev_Info_dns
                0x0000fc58       0x68 ./src/main.o
                0x0000fc58                display_Dev_Info_dns
 .text.main     0x0000fcc0      0x114 ./src/main.o
                0x0000fcc0                main
 .text.delay    0x0000fdd4       0x1c ./src/main.o
                0x0000fdd4                delay
 .text.TimingDelay_Decrement
                0x0000fdf0       0x18 ./src/main.o
                0x0000fdf0                TimingDelay_Decrement
 .text._write   0x0000fe08       0x1c ./src/retarget.o
                0x0000fe08                _write
 .text          0x0000fe24      0x114 c:/program files (x86)/gnu tools arm embedded/5.4 2016q2/bin/../lib/gcc/arm-none-eabi/5.4.1/armv6-m\libgcc.a(_udivsi3.o)
                0x0000fe24                __aeabi_uidiv
                0x0000fe24                __udivsi3
                0x0000ff30                __aeabi_uidivmod
 .text          0x0000ff38      0x1d4 c:/program files (x86)/gnu tools arm embedded/5.4 2016q2/bin/../lib/gcc/arm-none-eabi/5.4.1/armv6-m\libgcc.a(_divsi3.o)
                0x0000ff38                __divsi3
                0x0000ff38                __aeabi_idiv
                0x00010104                __aeabi_idivmod
 .text          0x0001010c        0x4 c:/program files (x86)/gnu tools arm embedded/5.4 2016q2/bin/../lib/gcc/arm-none-eabi/5.4.1/armv6-m\libgcc.a(_dvmd_tls.o)
                0x0001010c                __aeabi_idiv0
                0x0001010c                __aeabi_ldiv0
 .text          0x00010110       0x30 c:/program files (x86)/gnu tools arm embedded/5.4 2016q2/bin/../lib/gcc/arm-none-eabi/5.4.1/armv6-m\libgcc.a(_fixunssfsi.o)
                0x00010110                __fixunssfsi
                0x00010110                __aeabi_f2uiz
 .text          0x00010140       0x3c c:/program files (x86)/gnu tools arm embedded/5.4 2016q2/bin/../lib/gcc/arm-none-eabi/5.4.1/armv6-m\libgcc.a(_fixunsdfsi.o)
                0x00010140                __aeabi_d2uiz
                0x00010140                __fixunsdfsi
 .text          0x0001017c      0x234 c:/program files (x86)/gnu tools arm embedded/5.4 2016q2/bin/../lib/gcc/arm-none-eabi/5.4.1/armv6-m\libgcc.a(divsf3.o)
                0x0001017c                __aeabi_fdiv
 .text          0x000103b0      0x228 c:/program files (x86)/gnu tools arm embedded/5.4 2016q2/bin/../lib/gcc/arm-none-eabi/5.4.1/armv6-m\libgcc.a(mulsf3.o)
                0x000103b0                __aeabi_fmul
 .text          0x000105d8      0x30c c:/program files (x86)/gnu tools arm embedded/5.4 2016q2/bin/../lib/gcc/arm-none-eabi/5.4.1/armv6-m\libgcc.a(subsf3.o)
                0x000105d8                __aeabi_fsub
 .text          0x000108e4       0x44 c:/program files (x86)/gnu tools arm embedded/5.4 2016q2/bin/../lib/gcc/arm-none-eabi/5.4.1/armv6-m\libgcc.a(fixsfsi.o)
                0x000108e4                __aeabi_f2iz
 .text          0x00010928       0x7c c:/program files (x86)/gnu tools arm embedded/5.4 2016q2/bin/../lib/gcc/arm-none-eabi/5.4.1/armv6-m\libgcc.a(floatunsisf.o)
                0x00010928                __aeabi_ui2f
 .text          0x000109a4      0x658 c:/program files (x86)/gnu tools arm embedded/5.4 2016q2/bin/../lib/gcc/arm-none-eabi/5.4.1/armv6-m\libgcc.a(adddf3.o)
                0x000109a4                __aeabi_dadd
 .text          0x00010ffc      0x6a8 c:/program files (x86)/gnu tools arm embedded/5.4 2016q2/bin/../lib/gcc/arm-none-eabi/5.4.1/armv6-m\libgcc.a(subdf3.o)
                0x00010ffc                __aeabi_dsub
 .text          0x000116a4       0x6c c:/program files (x86)/gnu tools arm embedded/5.4 2016q2/bin/../lib/gcc/arm-none-eabi/5.4.1/armv6-m\libgcc.a(fixdfsi.o)
                0x000116a4                __aeabi_d2iz
 .text          0x00011710       0xa8 c:/program files (x86)/gnu tools arm embedded/5.4 2016q2/bin/../lib/gcc/arm-none-eabi/5.4.1/armv6-m\libgcc.a(extendsfdf2.o)
                0x00011710                __aeabi_f2d
 .text          0x000117b8       0x7c c:/program files (x86)/gnu tools arm embedded/5.4 2016q2/bin/../lib/gcc/arm-none-eabi/5.4.1/armv6-m\libgcc.a(_arm_cmpdf2.o)
                0x000117b8                __aeabi_cdrcmple
                0x000117c8                __aeabi_cdcmple
                0x000117c8                __aeabi_cdcmpeq
                0x000117d8                __aeabi_dcmpeq
                0x000117e4                __aeabi_dcmplt
                0x000117f8                __aeabi_dcmple
                0x0001180c                __aeabi_dcmpgt
                0x00011820                __aeabi_dcmpge
 .text          0x00011834       0x74 c:/program files (x86)/gnu tools arm embedded/5.4 2016q2/bin/../lib/gcc/arm-none-eabi/5.4.1/armv6-m\libgcc.a(_arm_cmpsf2.o)
                0x00011834                __aeabi_cfrcmple
                0x0001183c                __aeabi_cfcmpeq
                0x0001183c                __aeabi_cfcmple
                0x0001184c                __aeabi_fcmpeq
                0x00011858                __aeabi_fcmplt
                0x0001186c                __aeabi_fcmple
                0x00011880                __aeabi_fcmpgt
                0x00011894                __aeabi_fcmpge
 .text          0x000118a8       0x3c c:/program files (x86)/gnu tools arm embedded/5.4 2016q2/bin/../lib/gcc/arm-none-eabi/5.4.1/armv6-m\libgcc.a(_clzsi2.o)
                0x000118a8                __clzsi2
 .text          0x000118e4       0x50 c:/program files (x86)/gnu tools arm embedded/5.4 2016q2/bin/../lib/gcc/arm-none-eabi/5.4.1/armv6-m\libgcc.a(eqsf2.o)
                0x000118e4                __eqsf2
                0x000118e4                __nesf2
 .text          0x00011934       0x88 c:/program files (x86)/gnu tools arm embedded/5.4 2016q2/bin/../lib/gcc/arm-none-eabi/5.4.1/armv6-m\libgcc.a(gesf2.o)
                0x00011934                __gesf2
                0x00011934                __gtsf2
 .text          0x000119bc       0x88 c:/program files (x86)/gnu tools arm embedded/5.4 2016q2/bin/../lib/gcc/arm-none-eabi/5.4.1/armv6-m\libgcc.a(lesf2.o)
                0x000119bc                __ltsf2
                0x000119bc                __lesf2
 .text          0x00011a44       0x80 c:/program files (x86)/gnu tools arm embedded/5.4 2016q2/bin/../lib/gcc/arm-none-eabi/5.4.1/armv6-m\libgcc.a(eqdf2.o)
                0x00011a44                __nedf2
                0x00011a44                __eqdf2
 .text          0x00011ac4       0xc8 c:/program files (x86)/gnu tools arm embedded/5.4 2016q2/bin/../lib/gcc/arm-none-eabi/5.4.1/armv6-m\libgcc.a(gedf2.o)
                0x00011ac4                __gedf2
                0x00011ac4                __gtdf2
 .text          0x00011b8c       0xd4 c:/program files (x86)/gnu tools arm embedded/5.4 2016q2/bin/../lib/gcc/arm-none-eabi/5.4.1/armv6-m\libgcc.a(ledf2.o)
                0x00011b8c                __ledf2
                0x00011b8c                __ltdf2
 .text.atoi     0x00011c60        0xc c:/program files (x86)/gnu tools arm embedded/5.4 2016q2/bin/../lib/gcc/arm-none-eabi/5.4.1/../../../../arm-none-eabi/lib/armv6-m\libg_nano.a(lib_a-atoi.o)
                0x00011c60                atoi
 .text.atol     0x00011c6c        0xc c:/program files (x86)/gnu tools arm embedded/5.4 2016q2/bin/../lib/gcc/arm-none-eabi/5.4.1/../../../../arm-none-eabi/lib/armv6-m\libg_nano.a(lib_a-atol.o)
                0x00011c6c                atol
 .text.__errno  0x00011c78        0xc c:/program files (x86)/gnu tools arm embedded/5.4 2016q2/bin/../lib/gcc/arm-none-eabi/5.4.1/../../../../arm-none-eabi/lib/armv6-m\libg_nano.a(lib_a-errno.o)
                0x00011c78                __errno
 .text.memcmp   0x00011c84       0x1e c:/program files (x86)/gnu tools arm embedded/5.4 2016q2/bin/../lib/gcc/arm-none-eabi/5.4.1/../../../../arm-none-eabi/lib/armv6-m\libg_nano.a(lib_a-memcmp.o)
                0x00011c84                memcmp
 .text.memcpy   0x00011ca2       0x12 c:/program files (x86)/gnu tools arm embedded/5.4 2016q2/bin/../lib/gcc/arm-none-eabi/5.4.1/../../../../arm-none-eabi/lib/armv6-m\libg_nano.a(lib_a-memcpy-stub.o)
                0x00011ca2                memcpy
 .text.memset   0x00011cb4       0x10 c:/program files (x86)/gnu tools arm embedded/5.4 2016q2/bin/../lib/gcc/arm-none-eabi/5.4.1/../../../../arm-none-eabi/lib/armv6-m\libg_nano.a(lib_a-memset.o)
                0x00011cb4                memset
 .text.printf   0x00011cc4       0x34 c:/program files (x86)/gnu tools arm embedded/5.4 2016q2/bin/../lib/gcc/arm-none-eabi/5.4.1/../../../../arm-none-eabi/lib/armv6-m\libg_nano.a(lib_a-printf.o)
                0x00011cc4                iprintf
                0x00011cc4                printf
 .text._puts_r  0x00011cf8       0xc4 c:/program files (x86)/gnu tools arm embedded/5.4 2016q2/bin/../lib/gcc/arm-none-eabi/5.4.1/../../../../arm-none-eabi/lib/armv6-m\libg_nano.a(lib_a-puts.o)
                0x00011cf8                _puts_r
 .text.puts     0x00011dbc       0x14 c:/program files (x86)/gnu tools arm embedded/5.4 2016q2/bin/../lib/gcc/arm-none-eabi/5.4.1/../../../../arm-none-eabi/lib/armv6-m\libg_nano.a(lib_a-puts.o)
                0x00011dbc                puts
 .text.srand    0x00011dd0       0x5c c:/program files (x86)/gnu tools arm embedded/5.4 2016q2/bin/../lib/gcc/arm-none-eabi/5.4.1/../../../../arm-none-eabi/lib/armv6-m\libg_nano.a(lib_a-rand.o)
                0x00011dd0                srand
 .text.rand     0x00011e2c       0x78 c:/program files (x86)/gnu tools arm embedded/5.4 2016q2/bin/../lib/gcc/arm-none-eabi/5.4.1/../../../../arm-none-eabi/lib/armv6-m\libg_nano.a(lib_a-rand.o)
                0x00011e2c                rand
 .text.sprintf  0x00011ea4       0x44 c:/program files (x86)/gnu tools arm embedded/5.4 2016q2/bin/../lib/gcc/arm-none-eabi/5.4.1/../../../../arm-none-eabi/lib/armv6-m\libg_nano.a(lib_a-sprintf.o)
                0x00011ea4                siprintf
                0x00011ea4                sprintf
 .text.strchr   0x00011ee8       0x1c c:/program files (x86)/gnu tools arm embedded/5.4 2016q2/bin/../lib/gcc/arm-none-eabi/5.4.1/../../../../arm-none-eabi/lib/armv6-m\libg_nano.a(lib_a-strchr.o)
                0x00011ee8                strchr
 .text          0x00011f04       0x14 c:/program files (x86)/gnu tools arm embedded/5.4 2016q2/bin/../lib/gcc/arm-none-eabi/5.4.1/../../../../arm-none-eabi/lib/armv6-m\libg_nano.a(lib_a-strcmp.o)
                0x00011f04                strcmp
 .text.strcpy   0x00011f18       0x10 c:/program files (x86)/gnu tools arm embedded/5.4 2016q2/bin/../lib/gcc/arm-none-eabi/5.4.1/../../../../arm-none-eabi/lib/armv6-m\libg_nano.a(lib_a-strcpy.o)
                0x00011f18                strcpy
 .text          0x00011f28        0xe c:/program files (x86)/gnu tools arm embedded/5.4 2016q2/bin/../lib/gcc/arm-none-eabi/5.4.1/../../../../arm-none-eabi/lib/armv6-m\libg_nano.a(lib_a-strlen.o)
                0x00011f28                strlen
 .text.strncmp  0x00011f36       0x24 c:/program files (x86)/gnu tools arm embedded/5.4 2016q2/bin/../lib/gcc/arm-none-eabi/5.4.1/../../../../arm-none-eabi/lib/armv6-m\libg_nano.a(lib_a-strncmp.o)
                0x00011f36                strncmp
 .text.strncpy  0x00011f5a       0x26 c:/program files (x86)/gnu tools arm embedded/5.4 2016q2/bin/../lib/gcc/arm-none-eabi/5.4.1/../../../../arm-none-eabi/lib/armv6-m\libg_nano.a(lib_a-strncpy.o)
                0x00011f5a                strncpy
 .text.strtok   0x00011f80       0x64 c:/program files (x86)/gnu tools arm embedded/5.4 2016q2/bin/../lib/gcc/arm-none-eabi/5.4.1/../../../../arm-none-eabi/lib/armv6-m\libg_nano.a(lib_a-strtok.o)
                0x00011f80                strtok
 .text.__strtok_r
                0x00011fe4       0x5e c:/program files (x86)/gnu tools arm embedded/5.4 2016q2/bin/../lib/gcc/arm-none-eabi/5.4.1/../../../../arm-none-eabi/lib/armv6-m\libg_nano.a(lib_a-strtok_r.o)
                0x00011fe4                __strtok_r
 *fill*         0x00012042        0x2 
 .text._strtol_r
                0x00012044      0x124 c:/program files (x86)/gnu tools arm embedded/5.4 2016q2/bin/../lib/gcc/arm-none-eabi/5.4.1/../../../../arm-none-eabi/lib/armv6-m\libg_nano.a(lib_a-strtol.o)
                0x00012044                _strtol_r
 .text.strtol   0x00012168       0x18 c:/program files (x86)/gnu tools arm embedded/5.4 2016q2/bin/../lib/gcc/arm-none-eabi/5.4.1/../../../../arm-none-eabi/lib/armv6-m\libg_nano.a(lib_a-strtol.o)
                0x00012168                strtol
 .text._vsnprintf_r
                0x00012180       0x56 c:/program files (x86)/gnu tools arm embedded/5.4 2016q2/bin/../lib/gcc/arm-none-eabi/5.4.1/../../../../arm-none-eabi/lib/armv6-m\libg_nano.a(lib_a-vsnprintf.o)
                0x00012180                _vsniprintf_r
                0x00012180                _vsnprintf_r
 *fill*         0x000121d6        0x2 
 .text.vsnprintf
                0x000121d8       0x18 c:/program files (x86)/gnu tools arm embedded/5.4 2016q2/bin/../lib/gcc/arm-none-eabi/5.4.1/../../../../arm-none-eabi/lib/armv6-m\libg_nano.a(lib_a-vsnprintf.o)
                0x000121d8                vsniprintf
                0x000121d8                vsnprintf
 .text.__swbuf_r
                0x000121f0       0xb0 c:/program files (x86)/gnu tools arm embedded/5.4 2016q2/bin/../lib/gcc/arm-none-eabi/5.4.1/../../../../arm-none-eabi/lib/armv6-m\libg_nano.a(lib_a-wbuf.o)
                0x000121f0                __swbuf_r
 .text.__swsetup_r
                0x000122a0       0xec c:/program files (x86)/gnu tools arm embedded/5.4 2016q2/bin/../lib/gcc/arm-none-eabi/5.4.1/../../../../arm-none-eabi/lib/armv6-m\libg_nano.a(lib_a-wsetup.o)
                0x000122a0                __swsetup_r
 .text.__sflush_r
                0x0001238c      0x10c c:/program files (x86)/gnu tools arm embedded/5.4 2016q2/bin/../lib/gcc/arm-none-eabi/5.4.1/../../../../arm-none-eabi/lib/armv6-m\libg_nano.a(lib_a-fflush.o)
                0x0001238c                __sflush_r
 .text._fflush_r
                0x00012498       0x58 c:/program files (x86)/gnu tools arm embedded/5.4 2016q2/bin/../lib/gcc/arm-none-eabi/5.4.1/../../../../arm-none-eabi/lib/armv6-m\libg_nano.a(lib_a-fflush.o)
                0x00012498                _fflush_r
 .text._cleanup_r
                0x000124f0       0x10 c:/program files (x86)/gnu tools arm embedded/5.4 2016q2/bin/../lib/gcc/arm-none-eabi/5.4.1/../../../../arm-none-eabi/lib/armv6-m\libg_nano.a(lib_a-findfp.o)
                0x000124f0                _cleanup_r
 .text.std.isra.0
                0x00012500       0x48 c:/program files (x86)/gnu tools arm embedded/5.4 2016q2/bin/../lib/gcc/arm-none-eabi/5.4.1/../../../../arm-none-eabi/lib/armv6-m\libg_nano.a(lib_a-findfp.o)
 .text.__sfmoreglue
                0x00012548       0x2c c:/program files (x86)/gnu tools arm embedded/5.4 2016q2/bin/../lib/gcc/arm-none-eabi/5.4.1/../../../../arm-none-eabi/lib/armv6-m\libg_nano.a(lib_a-findfp.o)
                0x00012548                __sfmoreglue
 .text.__sinit  0x00012574       0x68 c:/program files (x86)/gnu tools arm embedded/5.4 2016q2/bin/../lib/gcc/arm-none-eabi/5.4.1/../../../../arm-none-eabi/lib/armv6-m\libg_nano.a(lib_a-findfp.o)
                0x00012574                __sinit
 .text.__sfp    0x000125dc       0x7c c:/program files (x86)/gnu tools arm embedded/5.4 2016q2/bin/../lib/gcc/arm-none-eabi/5.4.1/../../../../arm-none-eabi/lib/armv6-m\libg_nano.a(lib_a-findfp.o)
                0x000125dc                __sfp
 .text._fwalk_reent
                0x00012658       0x42 c:/program files (x86)/gnu tools arm embedded/5.4 2016q2/bin/../lib/gcc/arm-none-eabi/5.4.1/../../../../arm-none-eabi/lib/armv6-m\libg_nano.a(lib_a-fwalk.o)
                0x00012658                _fwalk_reent
 *fill*         0x0001269a        0x2 
 .text.__swhatbuf_r
                0x0001269c       0x4c c:/program files (x86)/gnu tools arm embedded/5.4 2016q2/bin/../lib/gcc/arm-none-eabi/5.4.1/../../../../arm-none-eabi/lib/armv6-m\libg_nano.a(lib_a-makebuf.o)
                0x0001269c                __swhatbuf_r
 .text.__smakebuf_r
                0x000126e8       0x7c c:/program files (x86)/gnu tools arm embedded/5.4 2016q2/bin/../lib/gcc/arm-none-eabi/5.4.1/../../../../arm-none-eabi/lib/armv6-m\libg_nano.a(lib_a-makebuf.o)
                0x000126e8                __smakebuf_r
 .text.malloc   0x00012764       0x14 c:/program files (x86)/gnu tools arm embedded/5.4 2016q2/bin/../lib/gcc/arm-none-eabi/5.4.1/../../../../arm-none-eabi/lib/armv6-m\libg_nano.a(lib_a-malloc.o)
                0x00012764                malloc
 .text._free_r  0x00012778       0x98 c:/program files (x86)/gnu tools arm embedded/5.4 2016q2/bin/../lib/gcc/arm-none-eabi/5.4.1/../../../../arm-none-eabi/lib/armv6-m\libg_nano.a(lib_a-nano-freer.o)
                0x00012778                _free_r
 .text._malloc_r
                0x00012810       0xc0 c:/program files (x86)/gnu tools arm embedded/5.4 2016q2/bin/../lib/gcc/arm-none-eabi/5.4.1/../../../../arm-none-eabi/lib/armv6-m\libg_nano.a(lib_a-nano-mallocr.o)
                0x00012810                _malloc_r
 .text.__ssputs_r
                0x000128d0       0xc4 c:/program files (x86)/gnu tools arm embedded/5.4 2016q2/bin/../lib/gcc/arm-none-eabi/5.4.1/../../../../arm-none-eabi/lib/armv6-m\libg_nano.a(lib_a-nano-svfprintf.o)
                0x000128d0                __ssputs_r
 .text._svfprintf_r
                0x00012994      0x1fc c:/program files (x86)/gnu tools arm embedded/5.4 2016q2/bin/../lib/gcc/arm-none-eabi/5.4.1/../../../../arm-none-eabi/lib/armv6-m\libg_nano.a(lib_a-nano-svfprintf.o)
                0x00012994                _svfiprintf_r
                0x00012994                _svfprintf_r
 .text.__sfputc_r
                0x00012b90       0x2a c:/program files (x86)/gnu tools arm embedded/5.4 2016q2/bin/../lib/gcc/arm-none-eabi/5.4.1/../../../../arm-none-eabi/lib/armv6-m\libg_nano.a(lib_a-nano-vfprintf.o)
 .text.__sfputs_r
                0x00012bba       0x24 c:/program files (x86)/gnu tools arm embedded/5.4 2016q2/bin/../lib/gcc/arm-none-eabi/5.4.1/../../../../arm-none-eabi/lib/armv6-m\libg_nano.a(lib_a-nano-vfprintf.o)
                0x00012bba                __sfputs_r
 *fill*         0x00012bde        0x2 
 .text._vfprintf_r
                0x00012be0      0x238 c:/program files (x86)/gnu tools arm embedded/5.4 2016q2/bin/../lib/gcc/arm-none-eabi/5.4.1/../../../../arm-none-eabi/lib/armv6-m\libg_nano.a(lib_a-nano-vfprintf.o)
                0x00012be0                _vfprintf_r
                0x00012be0                _vfiprintf_r
 .text._printf_common
                0x00012e18       0xdc c:/program files (x86)/gnu tools arm embedded/5.4 2016q2/bin/../lib/gcc/arm-none-eabi/5.4.1/../../../../arm-none-eabi/lib/armv6-m\libg_nano.a(lib_a-nano-vfprintf_i.o)
                0x00012e18                _printf_common
 .text._printf_i
                0x00012ef4      0x244 c:/program files (x86)/gnu tools arm embedded/5.4 2016q2/bin/../lib/gcc/arm-none-eabi/5.4.1/../../../../arm-none-eabi/lib/armv6-m\libg_nano.a(lib_a-nano-vfprintf_i.o)
                0x00012ef4                _printf_i
 .text._sbrk_r  0x00013138       0x24 c:/program files (x86)/gnu tools arm embedded/5.4 2016q2/bin/../lib/gcc/arm-none-eabi/5.4.1/../../../../arm-none-eabi/lib/armv6-m\libg_nano.a(lib_a-sbrkr.o)
                0x00013138                _sbrk_r
 .text.__sread  0x0001315c       0x28 c:/program files (x86)/gnu tools arm embedded/5.4 2016q2/bin/../lib/gcc/arm-none-eabi/5.4.1/../../../../arm-none-eabi/lib/armv6-m\libg_nano.a(lib_a-stdio.o)
                0x0001315c                __sread
 .text.__swrite
                0x00013184       0x38 c:/program files (x86)/gnu tools arm embedded/5.4 2016q2/bin/../lib/gcc/arm-none-eabi/5.4.1/../../../../arm-none-eabi/lib/armv6-m\libg_nano.a(lib_a-stdio.o)
                0x00013184                __swrite
 .text.__sseek  0x000131bc       0x2c c:/program files (x86)/gnu tools arm embedded/5.4 2016q2/bin/../lib/gcc/arm-none-eabi/5.4.1/../../../../arm-none-eabi/lib/armv6-m\libg_nano.a(lib_a-stdio.o)
                0x000131bc                __sseek
 .text.__sclose
                0x000131e8        0xc c:/program files (x86)/gnu tools arm embedded/5.4 2016q2/bin/../lib/gcc/arm-none-eabi/5.4.1/../../../../arm-none-eabi/lib/armv6-m\libg_nano.a(lib_a-stdio.o)
                0x000131e8                __sclose
 .text._write_r
                0x000131f4       0x28 c:/program files (x86)/gnu tools arm embedded/5.4 2016q2/bin/../lib/gcc/arm-none-eabi/5.4.1/../../../../arm-none-eabi/lib/armv6-m\libg_nano.a(lib_a-writer.o)
                0x000131f4                _write_r
 .text._close_r
                0x0001321c       0x24 c:/program files (x86)/gnu tools arm embedded/5.4 2016q2/bin/../lib/gcc/arm-none-eabi/5.4.1/../../../../arm-none-eabi/lib/armv6-m\libg_nano.a(lib_a-closer.o)
                0x0001321c                _close_r
 .text._fstat_r
                0x00013240       0x24 c:/program files (x86)/gnu tools arm embedded/5.4 2016q2/bin/../lib/gcc/arm-none-eabi/5.4.1/../../../../arm-none-eabi/lib/armv6-m\libg_nano.a(lib_a-fstatr.o)
                0x00013240                _fstat_r
 .text._isatty_r
                0x00013264       0x24 c:/program files (x86)/gnu tools arm embedded/5.4 2016q2/bin/../lib/gcc/arm-none-eabi/5.4.1/../../../../arm-none-eabi/lib/armv6-m\libg_nano.a(lib_a-isattyr.o)
                0x00013264                _isatty_r
 .text._lseek_r
                0x00013288       0x28 c:/program files (x86)/gnu tools arm embedded/5.4 2016q2/bin/../lib/gcc/arm-none-eabi/5.4.1/../../../../arm-none-eabi/lib/armv6-m\libg_nano.a(lib_a-lseekr.o)
                0x00013288                _lseek_r
 .text.memchr   0x000132b0       0x16 c:/program files (x86)/gnu tools arm embedded/5.4 2016q2/bin/../lib/gcc/arm-none-eabi/5.4.1/../../../../arm-none-eabi/lib/armv6-m\libg_nano.a(lib_a-memchr-stub.o)
                0x000132b0                memchr
 .text.memmove  0x000132c6       0x2a c:/program files (x86)/gnu tools arm embedded/5.4 2016q2/bin/../lib/gcc/arm-none-eabi/5.4.1/../../../../arm-none-eabi/lib/armv6-m\libg_nano.a(lib_a-memmove.o)
                0x000132c6                memmove
 .text.__malloc_lock
                0x000132f0        0x2 c:/program files (x86)/gnu tools arm embedded/5.4 2016q2/bin/../lib/gcc/arm-none-eabi/5.4.1/../../../../arm-none-eabi/lib/armv6-m\libg_nano.a(lib_a-mlock.o)
                0x000132f0                __malloc_lock
 .text.__malloc_unlock
                0x000132f2        0x2 c:/program files (x86)/gnu tools arm embedded/5.4 2016q2/bin/../lib/gcc/arm-none-eabi/5.4.1/../../../../arm-none-eabi/lib/armv6-m\libg_nano.a(lib_a-mlock.o)
                0x000132f2                __malloc_unlock
 .text._realloc_r
                0x000132f4       0x4c c:/program files (x86)/gnu tools arm embedded/5.4 2016q2/bin/../lib/gcc/arm-none-eabi/5.4.1/../../../../arm-none-eabi/lib/armv6-m\libg_nano.a(lib_a-nano-reallocr.o)
                0x000132f4                _realloc_r
 .text._read_r  0x00013340       0x28 c:/program files (x86)/gnu tools arm embedded/5.4 2016q2/bin/../lib/gcc/arm-none-eabi/5.4.1/../../../../arm-none-eabi/lib/armv6-m\libg_nano.a(lib_a-readr.o)
                0x00013340                _read_r
 .text._malloc_usable_size_r
                0x00013368       0x16 c:/program files (x86)/gnu tools arm embedded/5.4 2016q2/bin/../lib/gcc/arm-none-eabi/5.4.1/../../../../arm-none-eabi/lib/armv6-m\libg_nano.a(lib_a-nano-msizer.o)
                0x00013368                _malloc_usable_size_r
 *fill*         0x0001337e        0x2 
 .text          0x00013380       0x58 c:/program files (x86)/gnu tools arm embedded/5.4 2016q2/bin/../lib/gcc/arm-none-eabi/5.4.1/armv6-m\libgcc.a(_muldi3.o)
                0x00013380                __muldi3
                0x00013380                __aeabi_lmul
 *(.rodata .rodata.* .constdata .constdata.*)
 .rodata.str1.4
                0x000133d8       0xbd ./system/src/cortexm/exception_handlers.o
 *fill*         0x00013495        0x3 
 .rodata.str1.4
                0x00013498       0x19 ./src/ioLibrary/MDIO/W7500x_miim.o
 *fill*         0x000134b1        0x3 
 .rodata.dns_answer
                0x000134b4       0x40 ./src/ioLibrary/Internet/DNS/dns.o
 .rodata.DHCP_run
                0x000134f4       0x14 ./src/ioLibrary/Internet/DHCP/dhcp.o
 .rodata.str1.4
                0x00013508       0x12 ./src/ioLibrary/Internet/DHCP/dhcp.o
 *fill*         0x0001351a        0x2 
 .rodata.setsockopt
                0x0001351c       0x20 ./src/ioLibrary/Ethernet/socket.o
 .rodata.getsockopt
                0x0001353c       0x34 ./src/ioLibrary/Ethernet/socket.o
 .rodata.ctlnetwork
                0x00013570       0x18 ./src/ioLibrary/Ethernet/wizchip_conf.o
 .rodata.set_device_status
                0x00013588       0x18 ./src/Serial_to_Ethernet/seg.o
 .rodata.clear_data_transfer_bytecount
                0x000135a0       0x14 ./src/Serial_to_Ethernet/seg.o
 .rodata.proc_SEG_tcp_client
                0x000135b4       0x74 ./src/Serial_to_Ethernet/seg.o
 .rodata.proc_SEG_tcp_mixed
                0x00013628       0x74 ./src/Serial_to_Ethernet/seg.o
 .rodata.str1.4
                0x0001369c      0x35d ./src/Serial_to_Ethernet/seg.o
                                0x361 (size before relaxing)
 *fill*         0x000139f9        0x3 
 .rodata.str1.4
                0x000139fc      0x3a5 ./src/PlatformHandler/deviceHandler.o
                                0x3ad (size before relaxing)
 *fill*         0x00013da1        0x3 
 .rodata.USER_IO_PIN
                0x00013da4        0x8 ./src/PlatformHandler/gpioHandler.o
                0x00013da4                USER_IO_PIN
 .rodata.str1.4
                0x00013dac       0x2e ./src/PlatformHandler/gpioHandler.o
 *fill*         0x00013dda        0x2 
 .rodata.erase_storage
                0x00013ddc       0x1c ./src/PlatformHandler/storageHandler.o
 .rodata.write_storage
                0x00013df8       0x1c ./src/PlatformHandler/storageHandler.o
 .rodata        0x00013e14       0x3c ./src/PlatformHandler/uartHandler.o
 .rodata.str1.4
                0x00013e50       0x4d ./src/PlatformHandler/uartHandler.o
 *fill*         0x00013e9d        0x3 
 .rodata.str1.4
                0x00013ea0      0x142 ./src/Configuration/ConfigData.o
                                0x17a (size before relaxing)
 *fill*         0x00013fe2        0x2 
 .rodata.proc_SEGCP
                0x00013fe4      0x258 ./src/Configuration/segcp.o
 .rodata.str1.4
                0x0001423c      0x2c0 ./src/Configuration/segcp.o
                                0x300 (size before relaxing)
 .rodata.LED_PIN
                0x000144fc        0x4 ./src/W7500x_board.o
                0x000144fc                LED_PIN
 .rodata        0x00014500       0x44 ./src/main.o
 .rodata.str1.4
                0x00014544      0x62c ./src/main.o
                                0x649 (size before relaxing)
 .rodata        0x00014b70       0x80 c:/program files (x86)/gnu tools arm embedded/5.4 2016q2/bin/../lib/gcc/arm-none-eabi/5.4.1/armv6-m\libgcc.a(divsf3.o)
 .rodata        0x00014bf0       0x40 c:/program files (x86)/gnu tools arm embedded/5.4 2016q2/bin/../lib/gcc/arm-none-eabi/5.4.1/armv6-m\libgcc.a(mulsf3.o)
 .rodata._ctype_
                0x00014c30      0x101 c:/program files (x86)/gnu tools arm embedded/5.4 2016q2/bin/../lib/gcc/arm-none-eabi/5.4.1/../../../../arm-none-eabi/lib/armv6-m\libg_nano.a(lib_a-ctype_.o)
                0x00014c30                _ctype_
 .rodata.str1.1
                0x00014d31        0x2 c:/program files (x86)/gnu tools arm embedded/5.4 2016q2/bin/../lib/gcc/arm-none-eabi/5.4.1/../../../../arm-none-eabi/lib/armv6-m\libg_nano.a(lib_a-impure.o)
 *fill*         0x00014d33        0x1 
 .rodata._global_impure_ptr
                0x00014d34        0x4 c:/program files (x86)/gnu tools arm embedded/5.4 2016q2/bin/../lib/gcc/arm-none-eabi/5.4.1/../../../../arm-none-eabi/lib/armv6-m\libg_nano.a(lib_a-impure.o)
                0x00014d34                _global_impure_ptr
 .rodata.__sf_fake_stdin
                0x00014d38       0x20 c:/program files (x86)/gnu tools arm embedded/5.4 2016q2/bin/../lib/gcc/arm-none-eabi/5.4.1/../../../../arm-none-eabi/lib/armv6-m\libg_nano.a(lib_a-findfp.o)
                0x00014d38                __sf_fake_stdin
 .rodata.__sf_fake_stdout
                0x00014d58       0x20 c:/program files (x86)/gnu tools arm embedded/5.4 2016q2/bin/../lib/gcc/arm-none-eabi/5.4.1/../../../../arm-none-eabi/lib/armv6-m\libg_nano.a(lib_a-findfp.o)
                0x00014d58                __sf_fake_stdout
 .rodata.__sf_fake_stderr
                0x00014d78       0x20 c:/program files (x86)/gnu tools arm embedded/5.4 2016q2/bin/../lib/gcc/arm-none-eabi/5.4.1/../../../../arm-none-eabi/lib/armv6-m\libg_nano.a(lib_a-findfp.o)
                0x00014d78                __sf_fake_stderr
 .rodata.str1.1
                0x00014d98       0x11 c:/program files (x86)/gnu tools arm embedded/5.4 2016q2/bin/../lib/gcc/arm-none-eabi/5.4.1/../../../../arm-none-eabi/lib/armv6-m\libg_nano.a(lib_a-nano-svfprintf.o)
 .rodata.str1.1
                0x00014da9       0x11 c:/program files (x86)/gnu tools arm embedded/5.4 2016q2/bin/../lib/gcc/arm-none-eabi/5.4.1/../../../../arm-none-eabi/lib/armv6-m\libg_nano.a(lib_a-nano-vfprintf.o)
 .rodata.str1.1
                0x00014da9       0x22 c:/program files (x86)/gnu tools arm embedded/5.4 2016q2/bin/../lib/gcc/arm-none-eabi/5.4.1/../../../../arm-none-eabi/lib/armv6-m\libg_nano.a(lib_a-nano-vfprintf_i.o)
 *(vtable)
 *(.eh_frame*)
 *(.glue_7)
 .glue_7        0x00014dcb        0x0 linker stubs
 *(.glue_7t)
 .glue_7t       0x00014dcb        0x0 linker stubs

.vfp11_veneer   0x00014dcc        0x0
 .vfp11_veneer  0x00014dcc        0x0 linker stubs

.v4_bx          0x00014dcc        0x0
 .v4_bx         0x00014dcc        0x0 linker stubs

.iplt           0x00014dcc        0x0
 .iplt          0x00014dcc        0x0 ./system/src/newlib/_cxx.o

.rel.dyn        0x00014dcc        0x0
 .rel.iplt      0x00014dcc        0x0 ./system/src/newlib/_cxx.o

.ARM.extab
 *(.ARM.extab* .gnu.linkonce.armextab.*)
                0x00014dcc                . = ALIGN (0x4)
                0x00014dcc                __exidx_start = .

.ARM.exidx
 *(.ARM.exidx* .gnu.linkonce.armexidx.*)
                0x00014dcc                __exidx_end = .
                0x00014dcc                . = ALIGN (0x4)
                0x00014dcc                _etext = .
                0x00014dcc                __etext = .

.data_CCMRAM    0x10000000        0x0 load address 0x00014dcc
 FILL mask 0xff
 *(.data.CCMRAM .data.CCMRAM.*)
                0x10000000                . = ALIGN (0x4)
                0x00014dcc                _sidata = LOADADDR (.data)

.data           0x20000000      0x294 load address 0x00014dcc
 FILL mask 0xff
                0x20000000                _sdata = .
                0x20000000                __data_start__ = .
 *(.data_begin .data_begin.*)
 .data_begin    0x20000000        0x4 ./system/src/newlib/_startup.o
 *(.data .data.*)
 .data.argv.4762
                0x20000004        0x8 ./system/src/newlib/_syscalls.o
 .data.MDC      0x2000000c        0x2 ./src/ioLibrary/MDIO/W7500x_miim.o
 .data.MDIO     0x2000000e        0x2 ./src/ioLibrary/MDIO/W7500x_miim.o
 .data.dhcp_tick_next
                0x20000010        0x4 ./src/ioLibrary/Internet/DHCP/dhcp.o
                0x20000010                dhcp_tick_next
 .data.dhcp_ip_update
                0x20000014        0x4 ./src/ioLibrary/Internet/DHCP/dhcp.o
                0x20000014                dhcp_ip_update
 .data.dhcp_ip_assign
                0x20000018        0x4 ./src/ioLibrary/Internet/DHCP/dhcp.o
                0x20000018                dhcp_ip_assign
 .data.dhcp_ip_conflict
                0x2000001c        0x4 ./src/ioLibrary/Internet/DHCP/dhcp.o
                0x2000001c                dhcp_ip_conflict
 .data.dhcp_lease_time
                0x20000020        0x4 ./src/ioLibrary/Internet/DHCP/dhcp.o
                0x20000020                dhcp_lease_time
 .data.HOST_NAME
                0x20000024        0x8 ./src/ioLibrary/Internet/DHCP/dhcp.o
                0x20000024                HOST_NAME
 .data.sock_any_port
                0x2000002c        0x2 ./src/ioLibrary/Ethernet/socket.o
 *fill*         0x2000002e        0x2 ff
 .data.peerip_tmp
                0x20000030        0x4 ./src/Serial_to_Ethernet/seg.o
                0x20000030                peerip_tmp
 .data.modeswitch_gap_time
                0x20000034        0x2 ./src/Serial_to_Ethernet/seg.o
                0x20000034                modeswitch_gap_time
 .data.isXON    0x20000036        0x1 ./src/Serial_to_Ethernet/seg.o
                0x20000036                isXON
 .data.opmode   0x20000037        0x1 ./src/Serial_to_Ethernet/seg.o
                0x20000037                opmode
 .data.str_working
                0x20000038       0x10 ./src/Serial_to_Ethernet/seg.o
                0x20000038                str_working
 .data.USER_IO_ADC_CH
                0x20000048        0x4 ./src/PlatformHandler/gpioHandler.o
                0x20000048                USER_IO_ADC_CH
 .data.USER_IO_TYPE_STR
                0x2000004c        0x8 ./src/PlatformHandler/gpioHandler.o
                0x2000004c                USER_IO_TYPE_STR
 .data.USER_IO_PORT
                0x20000054       0x10 ./src/PlatformHandler/gpioHandler.o
                0x20000054                USER_IO_PORT
 .data.USER_IO_SEL
                0x20000064        0x4 ./src/PlatformHandler/gpioHandler.o
                0x20000064                USER_IO_SEL
 .data.prev_link_status.6234
                0x20000068        0x1 ./src/PlatformHandler/gpioHandler.o
 *fill*         0x20000069        0x3 ff
 .data.USER_IO_DIR_STR
                0x2000006c        0x8 ./src/PlatformHandler/gpioHandler.o
                0x2000006c                USER_IO_DIR_STR
 .data.enable_phylink_check
                0x20000074        0x1 ./src/PlatformHandler/timerHandler.o
 *fill*         0x20000075        0x3 ff
 .data.word_len_table
                0x20000078        0x3 ./src/PlatformHandler/uartHandler.o
                0x20000078                word_len_table
 *fill*         0x2000007b        0x1 ff
 .data.parity_table
                0x2000007c        0xc ./src/PlatformHandler/uartHandler.o
                0x2000007c                parity_table
 .data.stop_bit_table
                0x20000088        0x2 ./src/PlatformHandler/uartHandler.o
                0x20000088                stop_bit_table
 *fill*         0x2000008a        0x2 ff
 .data.uart_if_table
                0x2000008c        0x8 ./src/PlatformHandler/uartHandler.o
                0x2000008c                uart_if_table
 .data.UART_data_irq
                0x20000094        0x1 ./src/PlatformHandler/uartHandler.o
                0x20000094                UART_data_irq
 *fill*         0x20000095        0x3 ff
 .data.UART_data
                0x20000098        0x4 ./src/PlatformHandler/uartHandler.o
                0x20000098                UART_data
 .data.xonoff_status
                0x2000009c        0x1 ./src/PlatformHandler/uartHandler.o
 *fill*         0x2000009d        0x1 ff
 .data.data_rx_sz
                0x2000009e        0x2 ./src/PlatformHandler/uartHandler.o
                0x2000009e                data_rx_sz
 .data.flow_ctrl_table
                0x200000a0       0x10 ./src/PlatformHandler/uartHandler.o
                0x200000a0                flow_ctrl_table
 .data.tbSEGCPERR
                0x200000b0       0x1c ./src/Configuration/segcp.o
                0x200000b0                tbSEGCPERR
 .data.tbSEGCPCMD
                0x200000cc      0x130 ./src/Configuration/segcp.o
                0x200000cc                tbSEGCPCMD
 .data.strDEVSTATUS
                0x200001fc       0x1c ./src/Configuration/segcp.o
                0x200001fc                strDEVSTATUS
 .data.LED_PAD  0x20000218        0x2 ./src/W7500x_board.o
                0x20000218                LED_PAD
 *fill*         0x2000021a        0x2 ff
 .data.LED_PAD_AF
                0x2000021c        0x2 ./src/W7500x_board.o
                0x2000021c                LED_PAD_AF
 *fill*         0x2000021e        0x2 ff
 .data.LED_PORT
                0x20000220        0x8 ./src/W7500x_board.o
                0x20000220                LED_PORT
 .data.__ctype_ptr__
                0x20000228        0x4 c:/program files (x86)/gnu tools arm embedded/5.4 2016q2/bin/../lib/gcc/arm-none-eabi/5.4.1/../../../../arm-none-eabi/lib/armv6-m\libg_nano.a(lib_a-ctype_.o)
                0x20000228                __ctype_ptr__
 .data.impure_data
                0x2000022c       0x60 c:/program files (x86)/gnu tools arm embedded/5.4 2016q2/bin/../lib/gcc/arm-none-eabi/5.4.1/../../../../arm-none-eabi/lib/armv6-m\libg_nano.a(lib_a-impure.o)
 .data._impure_ptr
                0x2000028c        0x4 c:/program files (x86)/gnu tools arm embedded/5.4 2016q2/bin/../lib/gcc/arm-none-eabi/5.4.1/../../../../arm-none-eabi/lib/armv6-m\libg_nano.a(lib_a-impure.o)
                0x2000028c                _impure_ptr
 *(.data_end .data_end.*)
 .data_end      0x20000290        0x4 ./system/src/newlib/_startup.o
                0x20000294                . = ALIGN (0x4)
                0x20000294                _edata = .
                0x20000294                __data_end__ = .

.igot.plt       0x20000294        0x0 load address 0x00015060
 .igot.plt      0x20000294        0x0 ./system/src/newlib/_cxx.o

.bss_CCMRAM     0x10000000        0x0
 *(.bss.CCMRAM .bss.CCMRAM.*)

.bss            0x20000294     0x26a8
                0x20000294                __bss_start__ = .
                0x20000294                _sbss = .
 *(.bss_begin .bss_begin.*)
 .bss_begin     0x20000294        0x4 ./system/src/newlib/_startup.o
 *(.bss .bss.*)
 .bss.current_heap_end.4453
                0x20000298        0x4 ./system/src/newlib/_sbrk.o
 .bss.name.4761
                0x2000029c        0x1 ./system/src/newlib/_syscalls.o
 *fill*         0x2000029d        0x3 
 .bss.buf.5645  0x200002a0       0x80 ./system/src/diag/Trace.o
 .bss.SystemFrequency
                0x20000320        0x4 ./system/src/cmsis/system_W7500x.o
                0x20000320                SystemFrequency
 .bss.SourceFrequency
                0x20000324        0x4 ./system/src/cmsis/system_W7500x.o
                0x20000324                SourceFrequency
 .bss.retry_count.6551
                0x20000328        0x1 ./src/ioLibrary/Internet/DNS/dns.o
 .bss.dhcp_state
                0x20000329        0x1 ./src/ioLibrary/Internet/DHCP/dhcp.o
                0x20000329                dhcp_state
 *fill*         0x2000032a        0x2 
 .bss.DHCP_allocated_sn
                0x2000032c        0x4 ./src/ioLibrary/Internet/DHCP/dhcp.o
                0x2000032c                DHCP_allocated_sn
 .bss.dhcp_tick_1s
                0x20000330        0x4 ./src/ioLibrary/Internet/DHCP/dhcp.o
                0x20000330                dhcp_tick_1s
 .bss.OLD_allocated_ip
                0x20000334        0x4 ./src/ioLibrary/Internet/DHCP/dhcp.o
                0x20000334                OLD_allocated_ip
 .bss.DHCP_allocated_gw
                0x20000338        0x4 ./src/ioLibrary/Internet/DHCP/dhcp.o
                0x20000338                DHCP_allocated_gw
 .bss.DHCP_allocated_ip
                0x2000033c        0x4 ./src/ioLibrary/Internet/DHCP/dhcp.o
                0x2000033c                DHCP_allocated_ip
 .bss.DHCP_CHADDR
                0x20000340        0x6 ./src/ioLibrary/Internet/DHCP/dhcp.o
                0x20000340                DHCP_CHADDR
 *fill*         0x20000346        0x2 
 .bss.DHCP_allocated_dns
                0x20000348        0x4 ./src/ioLibrary/Internet/DHCP/dhcp.o
                0x20000348                DHCP_allocated_dns
 .bss.dhcp_retry_count
                0x2000034c        0x1 ./src/ioLibrary/Internet/DHCP/dhcp.o
                0x2000034c                dhcp_retry_count
 *fill*         0x2000034d        0x1 
 .bss.sock_io_mode
                0x2000034e        0x2 ./src/ioLibrary/Ethernet/socket.o
 .bss.sock_is_sending
                0x20000350        0x2 ./src/ioLibrary/Ethernet/socket.o
 *fill*         0x20000352        0x2 
 .bss.sock_pack_info
                0x20000354        0x8 ./src/ioLibrary/Ethernet/socket.o
 .bss.sock_remained_size
                0x2000035c       0x10 ./src/ioLibrary/Ethernet/socket.o
 .bss._DHCP_    0x2000036c        0x1 ./src/ioLibrary/Ethernet/wizchip_conf.o
 *fill*         0x2000036d        0x3 
 .bss._DNS_     0x20000370        0x4 ./src/ioLibrary/Ethernet/wizchip_conf.o
 .bss.reconnection_time
                0x20000374        0x2 ./src/Serial_to_Ethernet/seg.o
                0x20000374                reconnection_time
 .bss.connection_auth_time
                0x20000376        0x2 ./src/Serial_to_Ethernet/seg.o
                0x20000376                connection_auth_time
 .bss.ch_tmp    0x20000378        0x3 ./src/Serial_to_Ethernet/seg.o
 .bss.enable_connection_auth_timer
                0x2000037b        0x1 ./src/Serial_to_Ethernet/seg.o
                0x2000037b                enable_connection_auth_timer
 .bss.sw_modeswitch_at_mode_on
                0x2000037c        0x1 ./src/Serial_to_Ethernet/seg.o
 *fill*         0x2000037d        0x1 
 .bss.serial_input_time
                0x2000037e        0x2 ./src/Serial_to_Ethernet/seg.o
                0x2000037e                serial_input_time
 .bss.modeswitch_time
                0x20000380        0x2 ./src/Serial_to_Ethernet/seg.o
                0x20000380                modeswitch_time
 .bss.u2e_size  0x20000382        0x2 ./src/Serial_to_Ethernet/seg.o
                0x20000382                u2e_size
 .bss.triggercode_idx
                0x20000384        0x1 ./src/Serial_to_Ethernet/seg.o
 .bss.tmp_timeflag_for_debug
                0x20000385        0x1 ./src/Serial_to_Ethernet/seg.o
                0x20000385                tmp_timeflag_for_debug
 .bss.enable_modeswitch_timer
                0x20000386        0x1 ./src/Serial_to_Ethernet/seg.o
                0x20000386                enable_modeswitch_timer
 *fill*         0x20000387        0x1 
 .bss.s2e_uart_tx_bytecount
                0x20000388        0x4 ./src/Serial_to_Ethernet/seg.o
                0x20000388                s2e_uart_tx_bytecount
 .bss.mixed_state
                0x2000038c        0x1 ./src/Serial_to_Ethernet/seg.o
 .bss.enable_serial_input_timer
                0x2000038d        0x1 ./src/Serial_to_Ethernet/seg.o
                0x2000038d                enable_serial_input_timer
 .bss.isSocketOpen_TCPclient
                0x2000038e        0x1 ./src/Serial_to_Ethernet/seg.o
                0x2000038e                isSocketOpen_TCPclient
 *fill*         0x2000038f        0x1 
 .bss.inactivity_time
                0x20000390        0x2 ./src/Serial_to_Ethernet/seg.o
                0x20000390                inactivity_time
 .bss.flag_s2e_application_running
                0x20000392        0x1 ./src/Serial_to_Ethernet/seg.o
                0x20000392                flag_s2e_application_running
 *fill*         0x20000393        0x1 
 .bss.client_any_port
                0x20000394        0x2 ./src/Serial_to_Ethernet/seg.o
 .bss.flag_process_dns_success
                0x20000396        0x1 ./src/Serial_to_Ethernet/seg.o
                0x20000396                flag_process_dns_success
 .bss.enable_keepalive_timer
                0x20000397        0x1 ./src/Serial_to_Ethernet/seg.o
                0x20000397                enable_keepalive_timer
 .bss.flag_serial_input_time_elapse
                0x20000398        0x1 ./src/Serial_to_Ethernet/seg.o
                0x20000398                flag_serial_input_time_elapse
 *fill*         0x20000399        0x3 
 .bss.s2e_uart_rx_bytecount
                0x2000039c        0x4 ./src/Serial_to_Ethernet/seg.o
                0x2000039c                s2e_uart_rx_bytecount
 .bss.s2e_ether_tx_bytecount
                0x200003a0        0x4 ./src/Serial_to_Ethernet/seg.o
                0x200003a0                s2e_ether_tx_bytecount
 .bss.enable_inactivity_timer
                0x200003a4        0x1 ./src/Serial_to_Ethernet/seg.o
                0x200003a4                enable_inactivity_timer
 .bss.enable_reconnection_timer
                0x200003a5        0x1 ./src/Serial_to_Ethernet/seg.o
                0x200003a5                enable_reconnection_timer
 .bss.reconnection_count.7198
                0x200003a6        0x1 ./src/Serial_to_Ethernet/seg.o
 .bss.flag_sent_first_keepalive
                0x200003a7        0x1 ./src/Serial_to_Ethernet/seg.o
                0x200003a7                flag_sent_first_keepalive
 .bss.peerip    0x200003a8        0x4 ./src/Serial_to_Ethernet/seg.o
                0x200003a8                peerip
 .bss.s2e_ether_rx_bytecount